******************************************************************************
                  TI ARM Linker PC v20.2.4                     
******************************************************************************
>> Linked Mon Feb 28 16:24:03 2022

OUTPUT FILE NAME:   <Lab3.out>
ENTRY POINT SYMBOL: "_c_int00_noargs"  address: 0000522d


MEMORY CONFIGURATION

         name            origin    length      used     unused   attr    fill
----------------------  --------  ---------  --------  --------  ----  --------
  FLASH                 00000000   00040000  000057b3  0003a84d  R  X
  SRAM                  20000000   00008000  00002366  00005c9a  RW X


SEGMENT ALLOCATION MAP

run origin  load origin   length   init length attrs members
----------  ----------- ---------- ----------- ----- -------
00000000    00000000    000057b8   000057b8    r-x
  00000000    00000000    0000026c   0000026c    r-- .intvecs
  0000026c    0000026c    00005204   00005204    r-x .text
  00005470    00005470    000002f3   000002f3    r-- .const
  00005768    00005768    00000050   00000050    r-- .cinit
20000000    20000000    0000236d   00000000    rw-
  20000000    20000000    0000026c   00000000    rw- .vtable
  20000270    20000270    00001000   00000000    rw- .stack
  20001270    20001270    00001000   00000000    rw- .sysmem
  20002270    20002270    000000bd   00000000    rw- .bss
  20002330    20002330    0000003d   00000000    rw- .data


SECTION ALLOCATION MAP

 output                                  attributes/
section   page    origin      length       input sections
--------  ----  ----------  ----------   ----------------
.intvecs   0    00000000    0000026c     
                  00000000    0000026c     tm4c123gh6pm_startup_ccs.obj (.intvecs)

.text      0    0000026c    00005204     
                  0000026c    00000c20     open_interface.obj (.text)
                  00000e8c    00000a4e     rtsv7M4_T_le_v4SPD16_eabi.lib : _printfi.c.obj (.text:__TI_printfi)
                  000018da    00000002                                   : _lock.c.obj (.text:_nop)
                  000018dc    00000738                                   : k_rem_pio2.c.obj (.text:__kernel_rem_pio2)
                  00002014    00000508                                   : s_tan.c.obj (.text:tan)
                  0000251c    00000394     main.obj (.text)
                  000028b0    00000328     lcd.obj (.text)
                  00002bd8    00000318     rtsv7M4_T_le_v4SPD16_eabi.lib : k_tan.c.obj (.text:__kernel_tan)
                  00002ef0    00000270                                   : _printfi.c.obj (.text:_pconv_a)
                  00003160    00000260     libcybotScan.lib : cyBot_Scan.obj (.text)
                  000033c0    00000248     Timer.obj (.text)
                  00003608    000001ec     libcybotScan.lib : ping.obj (.text)
                  000037f4    000001d0     rtsv7M4_T_le_v4SPD16_eabi.lib : _printfi.c.obj (.text:_pconv_g)
                  000039c4    000001b6                                   : fd_add_t2.asm.obj (.text)
                  00003b7a    00000002                                   : div0.asm.obj (.text)
                  00003b7c    000001a8     movement.obj (.text)
                  00003d24    0000015c     libcybotUART.lib : uart.obj (.text)
                  00003e80    00000158     libcybotScan.lib : servo.obj (.text)
                  00003fd8    0000013c     rtsv7M4_T_le_v4SPD16_eabi.lib : _printfi.c.obj (.text:_pconv_e)
                  00004114    00000136                                   : fd_div_t2.asm.obj (.text)
                  0000424a    00000002     --HOLE-- [fill = 0]
                  0000424c    00000124                                   : _printfi.c.obj (.text:fcvt)
                  00004370    00000118     libcybotScan.lib : ir.obj (.text)
                  00004488    00000110     rtsv7M4_T_le_v4SPD16_eabi.lib : s_scalbn.c.obj (.text:scalbn)
                  00004598    00000100                                   : memory.c.obj (.text:aligned_alloc)
                  00004698    000000fc                                   : fd_mul_t2.asm.obj (.text)
                  00004794    000000f8                                   : s_floor.c.obj (.text:floor)
                  0000488c    000000e4                                   : memory.c.obj (.text:free)
                  00004970    000000b1                                   : _printfi.c.obj (.text:_ltostr)
                  00004a21    00000001     --HOLE-- [fill = 0]
                  00004a22    0000009c                                   : memcpy_t2.asm.obj (.text)
                  00004abe    00000096                                   : ull_div_t2.asm.obj (.text)
                  00004b54    00000086                                   : fd_cmp_t2.asm.obj (.text:__aeabi_cdcmple)
                  00004bda    00000086                                   : fd_cmp_t2.asm.obj (.text:__aeabi_cdrcmple)
                  00004c60    0000007a                                   : memset_t2.asm.obj (.text)
                  00004cda    00000002     --HOLE-- [fill = 0]
                  00004cdc    00000070                                   : memory.c.obj (.text:split)
                  00004d4c    0000006e                                   : _printfi.c.obj (.text:_mcpy)
                  00004dba    0000006e                                   : fd_tos_t2.asm.obj (.text)
                  00004e28    00000068                                   : copy_decompress_lzss.c.obj (.text:decompress:lzss:__TI_decompress_lzss)
                  00004e90    00000064                                   : s_frexp.c.obj (.text:frexp)
                  00004ef4    00000056                                   : _printfi.c.obj (.text:_pconv_f)
                  00004f4a    00000054                                   : _ltoa.c.obj (.text:__TI_ltoa)
                  00004f9e    00000052                                   : _printfi.c.obj (.text:_ecpy)
                  00004ff0    0000004c                                   : atoi.c.obj (.text:atoi)
                  0000503c    00000048                                   : fd_toi_t2.asm.obj (.text)
                  00005084    00000044                                   : autoinit.c.obj (.text:__TI_auto_init_nobinit_nopinit:__TI_auto_init_nobinit_nopinit)
                  000050c8    00000040                                   : sprintf.c.obj (.text:sprintf)
                  00005108    00000040                                   : vsnprintf.c.obj (.text:vsnprintf)
                  00005148    0000003e                                   : _printfi.c.obj (.text:_fcpy)
                  00005186    00000002     --HOLE-- [fill = 0]
                  00005188    00000038                                   : memory.c.obj (.text:calloc)
                  000051c0    00000038                                   : fs_tod_t2.asm.obj (.text)
                  000051f8    00000034     driverlib.lib : interrupt.obj (.text:IntRegister)
                  0000522c    00000034     rtsv7M4_T_le_v4SPD16_eabi.lib : boot_cortex_m.c.obj (.text:_c_int00_noargs:_c_int00_noargs)
                  00005260    00000030                                   : vsnprintf.c.obj (.text:_outs)
                  00005290    0000002e                                   : i_tofd_t2.asm.obj (.text)
                  000052be    00000002     --HOLE-- [fill = 0]
                  000052c0    00000028                                   : memory.c.obj (.text:free_list_insert)
                  000052e8    0000001c                                   : copy_zero_init.c.obj (.text:decompress:ZI:__TI_zero_init_nomemset:__TI_zero_init_nomemset)
                  00005304    0000001c                                   : memory.c.obj (.text:free_list_remove)
                  00005320    0000001c                                   : memccpy.c.obj (.text:memccpy)
                  0000533c    0000001a                                   : s_copysign.c.obj (.text:copysign)
                  00005356    00000018                                   : vsnprintf.c.obj (.text:_outc)
                  0000536e    00000018                                   : sprintf.c.obj (.text:_outs)
                  00005386    00000018     open_interface.obj (.text:oi_parseInt)
                  0000539e    00000018     rtsv7M4_T_le_v4SPD16_eabi.lib : strcmp.c.obj (.text:strcmp)
                  000053b6    00000016                                   : strchr.c.obj (.text:strchr)
                  000053cc    00000014                                   : strcpy.c.obj (.text:strcpy)
                  000053e0    00000014                                   : strlen.c.obj (.text:strlen)
                  000053f4    00000012                                   : wcslen.c.obj (.text:wcslen)
                  00005406    00000010     driverlib.lib : interrupt.obj (.text:IntMasterEnable)
                  00005416    00000010     lcd.obj (.text:lcd_clear)
                  00005426    0000000e     rtsv7M4_T_le_v4SPD16_eabi.lib : copy_decompress_none.c.obj (.text:decompress:none:__TI_decompress_none)
                  00005434    0000000c     driverlib.lib : cpu.obj (.text:CPUcpsie)
                  00005440    0000000c     tm4c123gh6pm_startup_ccs.obj (.text)
                  0000544c    0000000a     rtsv7M4_T_le_v4SPD16_eabi.lib : sprintf.c.obj (.text:_outc)
                  00005456    00000002     --HOLE-- [fill = 0]
                  00005458    00000008                                   : errno.c.obj (.text:__aeabi_errno_addr)
                  00005460    00000008                                   : memory.c.obj (.text:malloc)
                  00005468    00000004                                   : pre_init.c.obj (.text:_system_pre_init)
                  0000546c    00000004                                   : exit.c.obj (.text:abort:abort)

.const     0    00005470    000002f3     
                  00005470    00000158     rtsv7M4_T_le_v4SPD16_eabi.lib : k_rem_pio2.c.obj (.const:$O1$$)
                  000055c8    00000101                                   : ctype.c.obj (.const:.string:_ctypes_)
                  000056c9    00000004     lcd.obj (.const:.string:lineAddress$1)
                  000056cd    00000003     --HOLE-- [fill = 0]
                  000056d0    00000080     rtsv7M4_T_le_v4SPD16_eabi.lib : k_tan.c.obj (.const:xxx)
                  00005750    0000000f     open_interface.obj (.const:.string:$P$T0$3)
                  0000575f    00000004     lcd.obj (.const:.string:lineAddresses$2)

.cinit     0    00005768    00000050     
                  00005768    00000019     (.cinit..data.load) [load image, compression = lzss]
                  00005781    00000003     --HOLE-- [fill = 0]
                  00005784    0000000c     (__TI_handler_table)
                  00005790    00000008     (.cinit..bss.load) [load image, compression = zero_init]
                  00005798    00000008     (.cinit..vtable.load) [load image, compression = zero_init]
                  000057a0    00000018     (__TI_cinit_table)

.init_array 
*          0    00000000    00000000     UNINITIALIZED

.vtable    0    20000000    0000026c     UNINITIALIZED
                  20000000    0000026c     driverlib.lib : interrupt.obj (.vtable)

.stack     0    20000270    00001000     UNINITIALIZED
                  20000270    00000004     rtsv7M4_T_le_v4SPD16_eabi.lib : boot_cortex_m.c.obj (.stack)
                  20000274    00000ffc     --HOLE--

.sysmem    0    20001270    00001000     UNINITIALIZED
                  20001270    00000010     rtsv7M4_T_le_v4SPD16_eabi.lib : memory.c.obj (.sysmem)
                  20001280    00000ff0     --HOLE--

.bss       0    20002270    000000bd     UNINITIALIZED
                  20002270    00000054     lcd.obj (.bss:lastbuffer$3)
                  200022c4    00000034     (.common:isr_char_buffer)
                  200022f8    00000018     open_interface.obj (.bss:firmware$2)
                  20002310    00000004     (.common:_timeout_ticks)
                  20002314    00000004     (.common:fallingEdge)
                  20002318    00000004     (.common:isr_int_value)
                  2000231c    00000004     (.common:left_calibration_value)
                  20002320    00000004     (.common:pulseLength)
                  20002324    00000004     (.common:right_calibration_value)
                  20002328    00000004     (.common:risingEdge)
                  2000232c    00000001     (.common:isRisingEdge)

.data      0    20002330    0000003d     UNINITIALIZED
                  20002330    00000020     open_interface.obj (.data)
                  20002350    00000008     rtsv7M4_T_le_v4SPD16_eabi.lib : _lock.c.obj (.data:$O1$$)
                  20002358    00000008                                   : memory.c.obj (.data:$O1$$)
                  20002360    00000004     libcybotScan.lib : cyBot_Scan.obj (.data)
                  20002364    00000004     libcybotUART.lib : uart.obj (.data)
                  20002368    00000004     rtsv7M4_T_le_v4SPD16_eabi.lib : errno.c.obj (.data)
                  2000236c    00000001     Timer.obj (.data)

__llvm_prf_cnts 
*          0    20000000    00000000     UNINITIALIZED

MODULE SUMMARY

       Module                         code    ro data   rw data
       ------                         ----    -------   -------
    .\
       open_interface.obj             3128    15        56     
       main.obj                       916     0         8      
       lcd.obj                        824     8         84     
       tm4c123gh6pm_startup_ccs.obj   12      620       0      
       Timer.obj                      584     0         5      
       movement.obj                   424     0         0      
    +--+------------------------------+-------+---------+---------+
       Total:                         5888    643       153    
                                                               
    ../libcybotScan.lib
       cyBot_Scan.obj                 608     0         4      
       ping.obj                       492     0         13     
       servo.obj                      344     0         0      
       ir.obj                         280     0         4      
    +--+------------------------------+-------+---------+---------+
       Total:                         1724    0         21     
                                                               
    ../libcybotUART.lib
       uart.obj                       348     0         56     
    +--+------------------------------+-------+---------+---------+
       Total:                         348     0         56     
                                                               
    C:/ti/TivaWare_C_Series-2.1.4.178/driverlib/ccs/Debug/driverlib.lib
       interrupt.obj                  68      0         620    
       cpu.obj                        12      0         0      
    +--+------------------------------+-------+---------+---------+
       Total:                         80      0         620    
                                                               
    C:\ti\ccs1031\ccs\tools\compiler\ti-cgt-arm_20.2.4.LTS\lib\rtsv7M4_T_le_v4SPD16_eabi.lib
       _printfi.c.obj                 4851    0         0      
       k_rem_pio2.c.obj               1848    344       0      
       s_tan.c.obj                    1288    0         0      
       k_tan.c.obj                    792     128       0      
       memory.c.obj                   728     0         8      
       fd_add_t2.asm.obj              438     0         0      
       fd_div_t2.asm.obj              310     0         0      
       s_scalbn.c.obj                 272     0         0      
       fd_cmp_t2.asm.obj              268     0         0      
       ctype.c.obj                    0       257       0      
       fd_mul_t2.asm.obj              252     0         0      
       s_floor.c.obj                  248     0         0      
       memcpy_t2.asm.obj              156     0         0      
       ull_div_t2.asm.obj             150     0         0      
       vsnprintf.c.obj                136     0         0      
       memset_t2.asm.obj              122     0         0      
       fd_tos_t2.asm.obj              110     0         0      
       copy_decompress_lzss.c.obj     104     0         0      
       s_frexp.c.obj                  100     0         0      
       sprintf.c.obj                  98      0         0      
       _ltoa.c.obj                    84      0         0      
       atoi.c.obj                     76      0         0      
       fd_toi_t2.asm.obj              72      0         0      
       autoinit.c.obj                 68      0         0      
       fs_tod_t2.asm.obj              56      0         0      
       boot_cortex_m.c.obj            52      0         0      
       i_tofd_t2.asm.obj              46      0         0      
       copy_zero_init.c.obj           28      0         0      
       memccpy.c.obj                  28      0         0      
       s_copysign.c.obj               26      0         0      
       strcmp.c.obj                   24      0         0      
       strchr.c.obj                   22      0         0      
       strcpy.c.obj                   20      0         0      
       strlen.c.obj                   20      0         0      
       wcslen.c.obj                   18      0         0      
       copy_decompress_none.c.obj     14      0         0      
       errno.c.obj                    8       0         4      
       _lock.c.obj                    2       0         8      
       exit.c.obj                     4       0         0      
       pre_init.c.obj                 4       0         0      
       div0.asm.obj                   2       0         0      
    +--+------------------------------+-------+---------+---------+
       Total:                         12945   729       20     
                                                               
       Heap:                          0       0         4096   
       Stack:                         0       0         4096   
       Linker Generated:              0       77        0      
    +--+------------------------------+-------+---------+---------+
       Grand Total:                   20985   1449      9062   


LINKER GENERATED COPY TABLES

__TI_cinit_table @ 000057a0 records: 3, size/record: 8, table size: 24
	.data: load addr=00005768, load size=00000019 bytes, run addr=20002330, run size=0000003d bytes, compression=lzss
	.bss: load addr=00005790, load size=00000008 bytes, run addr=20002270, run size=000000bd bytes, compression=zero_init
	.vtable: load addr=00005798, load size=00000008 bytes, run addr=20000000, run size=0000026c bytes, compression=zero_init


LINKER GENERATED HANDLER TABLE

__TI_handler_table @ 00005784 records: 3, size/record: 4, table size: 12
	index: 0, handler: __TI_zero_init
	index: 1, handler: __TI_decompress_lzss
	index: 2, handler: __TI_decompress_none


GLOBAL SYMBOLS: SORTED ALPHABETICALLY BY Name 

address   name                          
-------   ----                          
00004409  ADC0SS0_Handler               
0000546d  C$$EXIT                       
00005435  CPUcpsie                      
00000bc3  GPIOF_Handler                 
00005407  IntMasterEnable               
000051f9  IntRegister                   
00005441  ResetISR                      
000036f9  TIMER3B_Handler               
20001270  __STACK_END                   
00001000  __STACK_SIZE                  
20000470  __STACK_TOP                   
00001000  __SYSMEM_SIZE                 
000057a0  __TI_CINIT_Base               
000057b8  __TI_CINIT_Limit              
00005784  __TI_Handler_Table_Base       
00005790  __TI_Handler_Table_Limit      
00005085  __TI_auto_init_nobinit_nopinit
00004e29  __TI_decompress_lzss          
00005427  __TI_decompress_none          
00004f4b  __TI_ltoa                     
ffffffff  __TI_pprof_out_hndl           
00000e8d  __TI_printfi                  
ffffffff  __TI_prof_data_size           
ffffffff  __TI_prof_data_start          
00000000  __TI_static_base__            
000052e9  __TI_zero_init_nomemset       
00004b55  __aeabi_cdcmpeq               
00004b55  __aeabi_cdcmple               
00004bdb  __aeabi_cdrcmple              
00004dbb  __aeabi_d2f                   
0000503d  __aeabi_d2iz                  
000039cf  __aeabi_dadd                  
00004115  __aeabi_ddiv                  
00004699  __aeabi_dmul                  
000039c5  __aeabi_dsub                  
00005459  __aeabi_errno_addr            
000051c1  __aeabi_f2d                   
00005291  __aeabi_i2d                   
00003b7b  __aeabi_idiv0                 
00003b7b  __aeabi_ldiv0                 
00004c61  __aeabi_memclr                
00004c61  __aeabi_memclr4               
00004c61  __aeabi_memclr8               
00004a23  __aeabi_memcpy                
00004a23  __aeabi_memcpy4               
00004a23  __aeabi_memcpy8               
00004c63  __aeabi_memset                
00004c63  __aeabi_memset4               
00004c63  __aeabi_memset8               
00004abf  __aeabi_uldivmod              
ffffffff  __binit__                     
ffffffff  __c_args__                    
000018dd  __kernel_rem_pio2             
00002bd9  __kernel_tan                  
UNDEFED   __mpu_init                    
20000270  __stack                       
20000000  __start___llvm_prf_cnts       
20000000  __stop___llvm_prf_cnts        
0000522d  _c_int00_noargs               
000055c8  _ctypes_                      
20002350  _lock                         
000018db  _nop                          
2000236c  _running                      
20001270  _sys_memory                   
UNDEFED   _system_post_cinit            
00005469  _system_pre_init              
20002310  _timeout_ticks                
20002354  _unlock                       
0000546d  abort                         
00004599  aligned_alloc                 
00004ff1  atoi                          
ffffffff  binit                         
00005189  calloc                        
0000533d  copysign                      
0000533d  copysignl                     
00003239  cyBOT_SERVO_cal               
000031c7  cyBOT_Scan                    
0000316f  cyBOT_init_Scan               
20002360  cyBOT_scan_features           
00003161  cyBOT_scan_version            
00003e2d  cyBot_UART1_Handler           
00003e13  cyBot_getByte                 
00003d25  cyBot_sendByte                
00003df5  cyBot_uart_flush              
00003d63  cyBot_uart_init               
00003d4b  cyBot_uart_sendBuffer         
00003d31  cyBot_uart_sendStr            
20002368  errno                         
20002314  fallingEdge                   
00004795  floor                         
00004795  floorl                        
0000488d  free                          
00004e91  frexp                         
00004e91  frexpl                        
20000000  g_pfnRAMVectors               
00000000  g_pfnVectors                  
0000097f  go_charge                     
0000441f  ir_enableInterrupt            
00004401  ir_getDistance                
000043d9  ir_getValue                   
00004371  ir_init                       
2000232c  isRisingEdge                  
200022c4  isr_char_buffer               
20002364  isr_counter                   
20002318  isr_int_value                 
00005417  lcd_clear                     
00002a85  lcd_gotoLine                  
000028ed  lcd_init                      
00002aeb  lcd_printf                    
000029ad  lcd_putc                      
000029e5  lcd_puts                      
000028b1  lcd_reverseNibble             
00002a03  lcd_sendCommand               
00002a41  lcd_sendNibble                
00002aad  lcd_setCursorPos              
00004489  ldexp                         
00004489  ldexpl                        
2000231c  left_calibration_value        
0000251d  main                          
00005461  malloc                        
00004599  memalign                      
00005321  memccpy                       
00004a23  memcpy                        
00004c69  memset                        
20002330  motor_cal_factor_L            
20002334  motor_cal_factor_R            
00003ca7  move_backwards                
00003c47  move_forward                  
0000026d  oi_alloc                      
00000aa9  oi_checkFirmware              
000002c7  oi_close                      
00000279  oi_free                       
00000ded  oi_getMotorCalibrationLeft    
00000e01  oi_getMotorCalibrationRight   
000002b1  oi_init                       
00000289  oi_init_noupdate              
00000915  oi_loadSong                   
00005387  oi_parseInt                   
0000032b  oi_parsePacket                
0000096b  oi_play_song                  
0000084b  oi_setLeds                    
00000db1  oi_setMotorCalibration        
0000088f  oi_setWheels                  
00000b51  oi_shutoff_init               
0000098d  oi_uartInit                   
00000a31  oi_uartReceive                
00000a77  oi_uartSendBuff               
00000a15  oi_uartSendChar               
00000a59  oi_uartSendStr                
000002d9  oi_update                     
0000374b  ping_getDistance              
00003609  ping_init                     
0000368f  ping_trigger                  
20002320  pulseLength                   
20002324  right_calibration_value       
20002328  risingEdge                    
00004489  scalbn                        
00004489  scalbnl                       
00003e81  servo_init                    
00003f11  servo_move                    
00003f71  servo_setPWM                  
00003f05  servo_stop                    
000050c9  sprintf                       
000053b7  strchr                        
0000539f  strcmp                        
000053cd  strcpy                        
000053e1  strlen                        
00002015  tan                           
00002015  tanl                          
000034df  timer_getMicros               
00003487  timer_getMillis               
000033c1  timer_init                    
00003463  timer_pause                   
00003475  timer_resume                  
00003439  timer_stop                    
00003539  timer_waitMicros              
0000356b  timer_waitMillis              
00003be9  turn_left                     
00003b7d  turn_right                    
00005109  vsnprintf                     
000053f5  wcslen                        


GLOBAL SYMBOLS: SORTED BY Symbol Address 

address   name                          
-------   ----                          
00000000  __TI_static_base__            
00000000  g_pfnVectors                  
0000026d  oi_alloc                      
00000279  oi_free                       
00000289  oi_init_noupdate              
000002b1  oi_init                       
000002c7  oi_close                      
000002d9  oi_update                     
0000032b  oi_parsePacket                
0000084b  oi_setLeds                    
0000088f  oi_setWheels                  
00000915  oi_loadSong                   
0000096b  oi_play_song                  
0000097f  go_charge                     
0000098d  oi_uartInit                   
00000a15  oi_uartSendChar               
00000a31  oi_uartReceive                
00000a59  oi_uartSendStr                
00000a77  oi_uartSendBuff               
00000aa9  oi_checkFirmware              
00000b51  oi_shutoff_init               
00000bc3  GPIOF_Handler                 
00000db1  oi_setMotorCalibration        
00000ded  oi_getMotorCalibrationLeft    
00000e01  oi_getMotorCalibrationRight   
00000e8d  __TI_printfi                  
00001000  __STACK_SIZE                  
00001000  __SYSMEM_SIZE                 
000018db  _nop                          
000018dd  __kernel_rem_pio2             
00002015  tan                           
00002015  tanl                          
0000251d  main                          
000028b1  lcd_reverseNibble             
000028ed  lcd_init                      
000029ad  lcd_putc                      
000029e5  lcd_puts                      
00002a03  lcd_sendCommand               
00002a41  lcd_sendNibble                
00002a85  lcd_gotoLine                  
00002aad  lcd_setCursorPos              
00002aeb  lcd_printf                    
00002bd9  __kernel_tan                  
00003161  cyBOT_scan_version            
0000316f  cyBOT_init_Scan               
000031c7  cyBOT_Scan                    
00003239  cyBOT_SERVO_cal               
000033c1  timer_init                    
00003439  timer_stop                    
00003463  timer_pause                   
00003475  timer_resume                  
00003487  timer_getMillis               
000034df  timer_getMicros               
00003539  timer_waitMicros              
0000356b  timer_waitMillis              
00003609  ping_init                     
0000368f  ping_trigger                  
000036f9  TIMER3B_Handler               
0000374b  ping_getDistance              
000039c5  __aeabi_dsub                  
000039cf  __aeabi_dadd                  
00003b7b  __aeabi_idiv0                 
00003b7b  __aeabi_ldiv0                 
00003b7d  turn_right                    
00003be9  turn_left                     
00003c47  move_forward                  
00003ca7  move_backwards                
00003d25  cyBot_sendByte                
00003d31  cyBot_uart_sendStr            
00003d4b  cyBot_uart_sendBuffer         
00003d63  cyBot_uart_init               
00003df5  cyBot_uart_flush              
00003e13  cyBot_getByte                 
00003e2d  cyBot_UART1_Handler           
00003e81  servo_init                    
00003f05  servo_stop                    
00003f11  servo_move                    
00003f71  servo_setPWM                  
00004115  __aeabi_ddiv                  
00004371  ir_init                       
000043d9  ir_getValue                   
00004401  ir_getDistance                
00004409  ADC0SS0_Handler               
0000441f  ir_enableInterrupt            
00004489  ldexp                         
00004489  ldexpl                        
00004489  scalbn                        
00004489  scalbnl                       
00004599  aligned_alloc                 
00004599  memalign                      
00004699  __aeabi_dmul                  
00004795  floor                         
00004795  floorl                        
0000488d  free                          
00004a23  __aeabi_memcpy                
00004a23  __aeabi_memcpy4               
00004a23  __aeabi_memcpy8               
00004a23  memcpy                        
00004abf  __aeabi_uldivmod              
00004b55  __aeabi_cdcmpeq               
00004b55  __aeabi_cdcmple               
00004bdb  __aeabi_cdrcmple              
00004c61  __aeabi_memclr                
00004c61  __aeabi_memclr4               
00004c61  __aeabi_memclr8               
00004c63  __aeabi_memset                
00004c63  __aeabi_memset4               
00004c63  __aeabi_memset8               
00004c69  memset                        
00004dbb  __aeabi_d2f                   
00004e29  __TI_decompress_lzss          
00004e91  frexp                         
00004e91  frexpl                        
00004f4b  __TI_ltoa                     
00004ff1  atoi                          
0000503d  __aeabi_d2iz                  
00005085  __TI_auto_init_nobinit_nopinit
000050c9  sprintf                       
00005109  vsnprintf                     
00005189  calloc                        
000051c1  __aeabi_f2d                   
000051f9  IntRegister                   
0000522d  _c_int00_noargs               
00005291  __aeabi_i2d                   
000052e9  __TI_zero_init_nomemset       
00005321  memccpy                       
0000533d  copysign                      
0000533d  copysignl                     
00005387  oi_parseInt                   
0000539f  strcmp                        
000053b7  strchr                        
000053cd  strcpy                        
000053e1  strlen                        
000053f5  wcslen                        
00005407  IntMasterEnable               
00005417  lcd_clear                     
00005427  __TI_decompress_none          
00005435  CPUcpsie                      
00005441  ResetISR                      
00005459  __aeabi_errno_addr            
00005461  malloc                        
00005469  _system_pre_init              
0000546d  C$$EXIT                       
0000546d  abort                         
000055c8  _ctypes_                      
00005784  __TI_Handler_Table_Base       
00005790  __TI_Handler_Table_Limit      
000057a0  __TI_CINIT_Base               
000057b8  __TI_CINIT_Limit              
20000000  __start___llvm_prf_cnts       
20000000  __stop___llvm_prf_cnts        
20000000  g_pfnRAMVectors               
20000270  __stack                       
20000470  __STACK_TOP                   
20001270  __STACK_END                   
20001270  _sys_memory                   
200022c4  isr_char_buffer               
20002310  _timeout_ticks                
20002314  fallingEdge                   
20002318  isr_int_value                 
2000231c  left_calibration_value        
20002320  pulseLength                   
20002324  right_calibration_value       
20002328  risingEdge                    
2000232c  isRisingEdge                  
20002330  motor_cal_factor_L            
20002334  motor_cal_factor_R            
20002350  _lock                         
20002354  _unlock                       
20002360  cyBOT_scan_features           
20002364  isr_counter                   
20002368  errno                         
2000236c  _running                      
ffffffff  __TI_pprof_out_hndl           
ffffffff  __TI_prof_data_size           
ffffffff  __TI_prof_data_start          
ffffffff  __binit__                     
ffffffff  __c_args__                    
ffffffff  binit                         
UNDEFED   __mpu_init                    
UNDEFED   _system_post_cinit            

[181 symbols]
