******************************************************************************
                  TI ARM Linker PC v20.2.4                     
******************************************************************************
>> Linked Mon Mar 28 13:51:07 2022

OUTPUT FILE NAME:   <Lab8.out>
ENTRY POINT SYMBOL: "_c_int00_noargs"  address: 00003191


MEMORY CONFIGURATION

         name            origin    length      used     unused   attr    fill
----------------------  --------  ---------  --------  --------  ----  --------
  FLASH                 00000000   00040000  000034cc  0003cb34  R  X
  SRAM                  20000000   00008000  000022c9  00005d37  RW X


SEGMENT ALLOCATION MAP

run origin  load origin   length   init length attrs members
----------  ----------- ---------- ----------- ----- -------
00000000    00000000    000034d0   000034d0    r-x
  00000000    00000000    0000026c   0000026c    r-- .intvecs
  0000026c    0000026c    000030e4   000030e4    r-x .text
  00003350    00003350    0000013c   0000013c    r-- .const
  00003490    00003490    00000040   00000040    r-- .cinit
20000000    20000000    000022cd   00000000    rw-
  20000000    20000000    0000026c   00000000    rw- .vtable
  20000270    20000270    00001000   00000000    rw- .stack
  20001270    20001270    00001000   00000000    rw- .sysmem
  20002270    20002270    00000058   00000000    rw- .bss
  200022c8    200022c8    00000005   00000000    rw- .data


SECTION ALLOCATION MAP

 output                                  attributes/
section   page    origin      length       input sections
--------  ----  ----------  ----------   ----------------
.intvecs   0    00000000    0000026c     
                  00000000    0000026c     tm4c123gh6pm_startup_ccs.obj (.intvecs)

.text      0    0000026c    000030e4     
                  0000026c    00000a4e     rtsv7M4_T_le_v4SPD16_eabi.lib : _printfi.c.obj (.text:__TI_printfi)
                  00000cba    00000002                                   : div0.asm.obj (.text)
                  00000cbc    000009c0                                   : e_pow.c.obj (.text:pow)
                  0000167c    00000328     lcd.obj (.text)
                  000019a4    00000270     rtsv7M4_T_le_v4SPD16_eabi.lib : _printfi.c.obj (.text:_pconv_a)
                  00001c14    00000248     Timer.obj (.text)
                  00001e5c    000001d0     rtsv7M4_T_le_v4SPD16_eabi.lib : _printfi.c.obj (.text:_pconv_g)
                  0000202c    000001b6                                   : fd_add_t2.asm.obj (.text)
                  000021e2    00000002     --HOLE-- [fill = 0]
                  000021e4    00000158                                   : e_sqrt.c.obj (.text:sqrt)
                  0000233c    0000013c                                   : _printfi.c.obj (.text:_pconv_e)
                  00002478    00000136                                   : fd_div_t2.asm.obj (.text)
                  000025ae    00000002     --HOLE-- [fill = 0]
                  000025b0    00000124                                   : _printfi.c.obj (.text:fcvt)
                  000026d4    00000118     adc.obj (.text)
                  000027ec    00000110     rtsv7M4_T_le_v4SPD16_eabi.lib : s_scalbn.c.obj (.text:scalbn)
                  000028fc    000000fc                                   : fd_mul_t2.asm.obj (.text)
                  000029f8    000000b1                                   : _printfi.c.obj (.text:_ltostr)
                  00002aa9    00000001     --HOLE-- [fill = 0]
                  00002aaa    0000009c                                   : memcpy_t2.asm.obj (.text)
                  00002b46    00000096                                   : ull_div_t2.asm.obj (.text)
                  00002bdc    00000086                                   : fd_cmp_t2.asm.obj (.text:__aeabi_cdcmple)
                  00002c62    00000086                                   : fd_cmp_t2.asm.obj (.text:__aeabi_cdrcmple)
                  00002ce8    0000007a                                   : memset_t2.asm.obj (.text)
                  00002d62    0000006e                                   : _printfi.c.obj (.text:_mcpy)
                  00002dd0    0000006c     main.obj (.text)
                  00002e3c    00000068     rtsv7M4_T_le_v4SPD16_eabi.lib : copy_decompress_lzss.c.obj (.text:decompress:lzss:__TI_decompress_lzss)
                  00002ea4    00000064                                   : s_frexp.c.obj (.text:frexp)
                  00002f08    00000056                                   : _printfi.c.obj (.text:_pconv_f)
                  00002f5e    00000054                                   : _ltoa.c.obj (.text:__TI_ltoa)
                  00002fb2    00000052                                   : _printfi.c.obj (.text:_ecpy)
                  00003004    0000004c                                   : atoi.c.obj (.text:atoi)
                  00003050    00000048                                   : fd_toi_t2.asm.obj (.text)
                  00003098    00000044                                   : autoinit.c.obj (.text:__TI_auto_init_nobinit_nopinit:__TI_auto_init_nobinit_nopinit)
                  000030dc    00000040                                   : vsnprintf.c.obj (.text:vsnprintf)
                  0000311c    0000003e                                   : _printfi.c.obj (.text:_fcpy)
                  0000315a    00000002     --HOLE-- [fill = 0]
                  0000315c    00000034     driverlib.lib : interrupt.obj (.text:IntRegister)
                  00003190    00000034     rtsv7M4_T_le_v4SPD16_eabi.lib : boot_cortex_m.c.obj (.text:_c_int00_noargs:_c_int00_noargs)
                  000031c4    00000030                                   : vsnprintf.c.obj (.text:_outs)
                  000031f4    0000002e                                   : i_tofd_t2.asm.obj (.text)
                  00003222    00000020                                   : u_tofd_t2.asm.obj (.text)
                  00003242    0000001c                                   : copy_zero_init.c.obj (.text:decompress:ZI:__TI_zero_init_nomemset:__TI_zero_init_nomemset)
                  0000325e    0000001c                                   : memccpy.c.obj (.text:memccpy)
                  0000327a    0000001a                                   : s_copysign.c.obj (.text:copysign)
                  00003294    00000018                                   : vsnprintf.c.obj (.text:_outc)
                  000032ac    00000018                                   : strcmp.c.obj (.text:strcmp)
                  000032c4    00000016                                   : strchr.c.obj (.text:strchr)
                  000032da    00000014                                   : strcpy.c.obj (.text:strcpy)
                  000032ee    00000014                                   : strlen.c.obj (.text:strlen)
                  00003302    00000012                                   : wcslen.c.obj (.text:wcslen)
                  00003314    00000010     lcd.obj (.text:lcd_clear)
                  00003324    0000000e     rtsv7M4_T_le_v4SPD16_eabi.lib : copy_decompress_none.c.obj (.text:decompress:none:__TI_decompress_none)
                  00003332    0000000c     tm4c123gh6pm_startup_ccs.obj (.text)
                  0000333e    00000002     --HOLE-- [fill = 0]
                  00003340    00000008     rtsv7M4_T_le_v4SPD16_eabi.lib : errno.c.obj (.text:__aeabi_errno_addr)
                  00003348    00000004                                   : pre_init.c.obj (.text:_system_pre_init)
                  0000334c    00000004                                   : exit.c.obj (.text:abort:abort)

.const     0    00003350    0000013c     
                  00003350    00000101     rtsv7M4_T_le_v4SPD16_eabi.lib : ctype.c.obj (.const:.string:_ctypes_)
                  00003451    00000004     lcd.obj (.const:.string:lineAddress$1)
                  00003455    00000003     --HOLE-- [fill = 0]
                  00003458    00000030     rtsv7M4_T_le_v4SPD16_eabi.lib : e_pow.c.obj (.const:$O1$$)
                  00003488    00000004     lcd.obj (.const:.string:lineAddresses$2)

.cinit     0    00003490    00000040     
                  00003490    0000000c     (__TI_handler_table)
                  0000349c    00000004     --HOLE-- [fill = 0]
                  000034a0    00000008     (.cinit..bss.load) [load image, compression = zero_init]
                  000034a8    00000008     (.cinit..vtable.load) [load image, compression = zero_init]
                  000034b0    00000007     (.cinit..data.load) [load image, compression = lzss]
                  000034b7    00000001     --HOLE-- [fill = 0]
                  000034b8    00000018     (__TI_cinit_table)

.init_array 
*          0    00000000    00000000     UNINITIALIZED

.vtable    0    20000000    0000026c     UNINITIALIZED
                  20000000    0000026c     driverlib.lib : interrupt.obj (.vtable)

.stack     0    20000270    00001000     UNINITIALIZED
                  20000270    00000004     rtsv7M4_T_le_v4SPD16_eabi.lib : boot_cortex_m.c.obj (.stack)
                  20000274    00000ffc     --HOLE--

.sysmem    0    20001270    00001000     UNINITIALIZED
                  20001270    00000010     rtsv7M4_T_le_v4SPD16_eabi.lib : memory.c.obj (.sysmem)
                  20001280    00000ff0     --HOLE--

.bss       0    20002270    00000058     UNINITIALIZED
                  20002270    00000054     lcd.obj (.bss:lastbuffer$3)
                  200022c4    00000004     (.common:_timeout_ticks)

.data      0    200022c8    00000005     UNINITIALIZED
                  200022c8    00000004     rtsv7M4_T_le_v4SPD16_eabi.lib : errno.c.obj (.data)
                  200022cc    00000001     Timer.obj (.data)

__llvm_prf_cnts 
*          0    20000000    00000000     UNINITIALIZED

MODULE SUMMARY

       Module                         code    ro data   rw data
       ------                         ----    -------   -------
    .\
       lcd.obj                        824     8         84     
       tm4c123gh6pm_startup_ccs.obj   12      620       0      
       Timer.obj                      584     0         5      
       adc.obj                        280     0         0      
       main.obj                       108     0         0      
    +--+------------------------------+-------+---------+---------+
       Total:                         1808    628       89     
                                                               
    C:/ti/TivaWare_C_Series-2.1.4.178/driverlib/ccs/Debug/driverlib.lib
       interrupt.obj                  52      0         620    
    +--+------------------------------+-------+---------+---------+
       Total:                         52      0         620    
                                                               
    C:\ti\ccs1031\ccs\tools\compiler\ti-cgt-arm_20.2.4.LTS\lib\rtsv7M4_T_le_v4SPD16_eabi.lib
       _printfi.c.obj                 4851    0         0      
       e_pow.c.obj                    2496    48        0      
       fd_add_t2.asm.obj              438     0         0      
       e_sqrt.c.obj                   344     0         0      
       fd_div_t2.asm.obj              310     0         0      
       s_scalbn.c.obj                 272     0         0      
       fd_cmp_t2.asm.obj              268     0         0      
       ctype.c.obj                    0       257       0      
       fd_mul_t2.asm.obj              252     0         0      
       memcpy_t2.asm.obj              156     0         0      
       ull_div_t2.asm.obj             150     0         0      
       vsnprintf.c.obj                136     0         0      
       memset_t2.asm.obj              122     0         0      
       copy_decompress_lzss.c.obj     104     0         0      
       s_frexp.c.obj                  100     0         0      
       _ltoa.c.obj                    84      0         0      
       atoi.c.obj                     76      0         0      
       fd_toi_t2.asm.obj              72      0         0      
       autoinit.c.obj                 68      0         0      
       boot_cortex_m.c.obj            52      0         0      
       i_tofd_t2.asm.obj              46      0         0      
       u_tofd_t2.asm.obj              32      0         0      
       copy_zero_init.c.obj           28      0         0      
       memccpy.c.obj                  28      0         0      
       s_copysign.c.obj               26      0         0      
       strcmp.c.obj                   24      0         0      
       strchr.c.obj                   22      0         0      
       strcpy.c.obj                   20      0         0      
       strlen.c.obj                   20      0         0      
       wcslen.c.obj                   18      0         0      
       copy_decompress_none.c.obj     14      0         0      
       errno.c.obj                    8       0         4      
       exit.c.obj                     4       0         0      
       pre_init.c.obj                 4       0         0      
       div0.asm.obj                   2       0         0      
    +--+------------------------------+-------+---------+---------+
       Total:                         10647   305       4      
                                                               
       Heap:                          0       0         4096   
       Stack:                         0       0         4096   
       Linker Generated:              0       59        0      
    +--+------------------------------+-------+---------+---------+
       Grand Total:                   12507   992       8905   


LINKER GENERATED COPY TABLES

__TI_cinit_table @ 000034b8 records: 3, size/record: 8, table size: 24
	.bss: load addr=000034a0, load size=00000008 bytes, run addr=20002270, run size=00000058 bytes, compression=zero_init
	.vtable: load addr=000034a8, load size=00000008 bytes, run addr=20000000, run size=0000026c bytes, compression=zero_init
	.data: load addr=000034b0, load size=00000007 bytes, run addr=200022c8, run size=00000005 bytes, compression=lzss


LINKER GENERATED HANDLER TABLE

__TI_handler_table @ 00003490 records: 3, size/record: 4, table size: 12
	index: 0, handler: __TI_zero_init
	index: 1, handler: __TI_decompress_lzss
	index: 2, handler: __TI_decompress_none


GLOBAL SYMBOLS: SORTED ALPHABETICALLY BY Name 

address   name                          
-------   ----                          
0000334d  C$$EXIT                       
0000315d  IntRegister                   
00003333  ResetISR                      
20001270  __STACK_END                   
00001000  __STACK_SIZE                  
20000470  __STACK_TOP                   
00001000  __SYSMEM_SIZE                 
000034b8  __TI_CINIT_Base               
000034d0  __TI_CINIT_Limit              
00003490  __TI_Handler_Table_Base       
0000349c  __TI_Handler_Table_Limit      
00003099  __TI_auto_init_nobinit_nopinit
00002e3d  __TI_decompress_lzss          
00003325  __TI_decompress_none          
00002f5f  __TI_ltoa                     
ffffffff  __TI_pprof_out_hndl           
0000026d  __TI_printfi                  
ffffffff  __TI_prof_data_size           
ffffffff  __TI_prof_data_start          
00000000  __TI_static_base__            
00003243  __TI_zero_init_nomemset       
00002bdd  __aeabi_cdcmpeq               
00002bdd  __aeabi_cdcmple               
00002c63  __aeabi_cdrcmple              
00003051  __aeabi_d2iz                  
00002037  __aeabi_dadd                  
00002479  __aeabi_ddiv                  
000028fd  __aeabi_dmul                  
0000202d  __aeabi_dsub                  
00003341  __aeabi_errno_addr            
000031f5  __aeabi_i2d                   
00000cbb  __aeabi_idiv0                 
00000cbb  __aeabi_ldiv0                 
00002ce9  __aeabi_memclr                
00002ce9  __aeabi_memclr4               
00002ce9  __aeabi_memclr8               
00002aab  __aeabi_memcpy                
00002aab  __aeabi_memcpy4               
00002aab  __aeabi_memcpy8               
00002ceb  __aeabi_memset                
00002ceb  __aeabi_memset4               
00002ceb  __aeabi_memset8               
00003223  __aeabi_ui2d                  
00002b47  __aeabi_uldivmod              
ffffffff  __binit__                     
ffffffff  __c_args__                    
UNDEFED   __mpu_init                    
20000270  __stack                       
20000000  __start___llvm_prf_cnts       
20000000  __stop___llvm_prf_cnts        
00003191  _c_int00_noargs               
00003350  _ctypes_                      
200022cc  _running                      
20001270  _sys_memory                   
UNDEFED   _system_post_cinit            
00003349  _system_pre_init              
200022c4  _timeout_ticks                
0000334d  abort                         
000026d5  adc_init                      
00002777  adc_read                      
00003005  atoi                          
ffffffff  binit                         
0000327b  copysign                      
0000327b  copysignl                     
200022c8  errno                         
00002ea5  frexp                         
00002ea5  frexpl                        
20000000  g_pfnRAMVectors               
00000000  g_pfnVectors                  
00003315  lcd_clear                     
00001851  lcd_gotoLine                  
000016b9  lcd_init                      
000018b7  lcd_printf                    
00001779  lcd_putc                      
000017b1  lcd_puts                      
0000167d  lcd_reverseNibble             
000017cf  lcd_sendCommand               
0000180d  lcd_sendNibble                
00001879  lcd_setCursorPos              
000027ed  ldexp                         
000027ed  ldexpl                        
00002dd1  main                          
0000325f  memccpy                       
00002aab  memcpy                        
00002cf1  memset                        
00000cbd  pow                           
00000cbd  powl                          
000027ed  scalbn                        
000027ed  scalbnl                       
000021e5  sqrt                          
000021e5  sqrtl                         
000032c5  strchr                        
000032ad  strcmp                        
000032db  strcpy                        
000032ef  strlen                        
00001d33  timer_getMicros               
00001cdb  timer_getMillis               
00001c15  timer_init                    
00001cb7  timer_pause                   
00001cc9  timer_resume                  
00001c8d  timer_stop                    
00001d8d  timer_waitMicros              
00001dbf  timer_waitMillis              
000030dd  vsnprintf                     
00003303  wcslen                        


GLOBAL SYMBOLS: SORTED BY Symbol Address 

address   name                          
-------   ----                          
00000000  __TI_static_base__            
00000000  g_pfnVectors                  
0000026d  __TI_printfi                  
00000cbb  __aeabi_idiv0                 
00000cbb  __aeabi_ldiv0                 
00000cbd  pow                           
00000cbd  powl                          
00001000  __STACK_SIZE                  
00001000  __SYSMEM_SIZE                 
0000167d  lcd_reverseNibble             
000016b9  lcd_init                      
00001779  lcd_putc                      
000017b1  lcd_puts                      
000017cf  lcd_sendCommand               
0000180d  lcd_sendNibble                
00001851  lcd_gotoLine                  
00001879  lcd_setCursorPos              
000018b7  lcd_printf                    
00001c15  timer_init                    
00001c8d  timer_stop                    
00001cb7  timer_pause                   
00001cc9  timer_resume                  
00001cdb  timer_getMillis               
00001d33  timer_getMicros               
00001d8d  timer_waitMicros              
00001dbf  timer_waitMillis              
0000202d  __aeabi_dsub                  
00002037  __aeabi_dadd                  
000021e5  sqrt                          
000021e5  sqrtl                         
00002479  __aeabi_ddiv                  
000026d5  adc_init                      
00002777  adc_read                      
000027ed  ldexp                         
000027ed  ldexpl                        
000027ed  scalbn                        
000027ed  scalbnl                       
000028fd  __aeabi_dmul                  
00002aab  __aeabi_memcpy                
00002aab  __aeabi_memcpy4               
00002aab  __aeabi_memcpy8               
00002aab  memcpy                        
00002b47  __aeabi_uldivmod              
00002bdd  __aeabi_cdcmpeq               
00002bdd  __aeabi_cdcmple               
00002c63  __aeabi_cdrcmple              
00002ce9  __aeabi_memclr                
00002ce9  __aeabi_memclr4               
00002ce9  __aeabi_memclr8               
00002ceb  __aeabi_memset                
00002ceb  __aeabi_memset4               
00002ceb  __aeabi_memset8               
00002cf1  memset                        
00002dd1  main                          
00002e3d  __TI_decompress_lzss          
00002ea5  frexp                         
00002ea5  frexpl                        
00002f5f  __TI_ltoa                     
00003005  atoi                          
00003051  __aeabi_d2iz                  
00003099  __TI_auto_init_nobinit_nopinit
000030dd  vsnprintf                     
0000315d  IntRegister                   
00003191  _c_int00_noargs               
000031f5  __aeabi_i2d                   
00003223  __aeabi_ui2d                  
00003243  __TI_zero_init_nomemset       
0000325f  memccpy                       
0000327b  copysign                      
0000327b  copysignl                     
000032ad  strcmp                        
000032c5  strchr                        
000032db  strcpy                        
000032ef  strlen                        
00003303  wcslen                        
00003315  lcd_clear                     
00003325  __TI_decompress_none          
00003333  ResetISR                      
00003341  __aeabi_errno_addr            
00003349  _system_pre_init              
0000334d  C$$EXIT                       
0000334d  abort                         
00003350  _ctypes_                      
00003490  __TI_Handler_Table_Base       
0000349c  __TI_Handler_Table_Limit      
000034b8  __TI_CINIT_Base               
000034d0  __TI_CINIT_Limit              
20000000  __start___llvm_prf_cnts       
20000000  __stop___llvm_prf_cnts        
20000000  g_pfnRAMVectors               
20000270  __stack                       
20000470  __STACK_TOP                   
20001270  __STACK_END                   
20001270  _sys_memory                   
200022c4  _timeout_ticks                
200022c8  errno                         
200022cc  _running                      
ffffffff  __TI_pprof_out_hndl           
ffffffff  __TI_prof_data_size           
ffffffff  __TI_prof_data_start          
ffffffff  __binit__                     
ffffffff  __c_args__                    
ffffffff  binit                         
UNDEFED   __mpu_init                    
UNDEFED   _system_post_cinit            

[105 symbols]
