******************************************************************************
                  TI ARM Linker PC v20.2.4                     
******************************************************************************
>> Linked Wed Apr 13 15:10:39 2022

OUTPUT FILE NAME:   <Lab9.out>
ENTRY POINT SYMBOL: "_c_int00_noargs"  address: 00002799


MEMORY CONFIGURATION

         name            origin    length      used     unused   attr    fill
----------------------  --------  ---------  --------  --------  ----  --------
  FLASH                 00000000   00040000  00002ad9  0003d527  R  X
  SRAM                  20000000   00008000  000022d4  00005d2c  RW X


SEGMENT ALLOCATION MAP

run origin  load origin   length   init length attrs members
----------  ----------- ---------- ----------- ----- -------
00000000    00000000    00002ae0   00002ae0    r-x
  00000000    00000000    0000026c   0000026c    r-- .intvecs
  0000026c    0000026c    00002724   00002724    r-x .text
  00002990    00002990    00000109   00000109    r-- .const
  00002aa0    00002aa0    00000040   00000040    r-- .cinit
20000000    20000000    000022d8   00000000    rw-
  20000000    20000000    0000026c   00000000    rw- .vtable
  20000270    20000270    00001000   00000000    rw- .stack
  20001270    20001270    00001000   00000000    rw- .sysmem
  20002270    20002270    00000058   00000000    rw- .bss
  200022c8    200022c8    00000010   00000000    rw- .data


SECTION ALLOCATION MAP

 output                                  attributes/
section   page    origin      length       input sections
--------  ----  ----------  ----------   ----------------
.intvecs   0    00000000    0000026c     
                  00000000    0000026c     tm4c123gh6pm_startup_ccs.obj (.intvecs)

.text      0    0000026c    00002724     
                  0000026c    00000a4e     rtsv7M4_T_le_v4SPD16_eabi.lib : _printfi.c.obj (.text:__TI_printfi)
                  00000cba    00000002                                   : div0.asm.obj (.text)
                  00000cbc    00000328     lcd.obj (.text)
                  00000fe4    000002a4     ping_template.obj (.text)
                  00001288    00000270     rtsv7M4_T_le_v4SPD16_eabi.lib : _printfi.c.obj (.text:_pconv_a)
                  000014f8    00000248     Timer.obj (.text)
                  00001740    000001d0     rtsv7M4_T_le_v4SPD16_eabi.lib : _printfi.c.obj (.text:_pconv_g)
                  00001910    000001b6                                   : fd_add_t2.asm.obj (.text)
                  00001ac6    00000002     --HOLE-- [fill = 0]
                  00001ac8    0000013c                                   : _printfi.c.obj (.text:_pconv_e)
                  00001c04    00000136                                   : fd_div_t2.asm.obj (.text)
                  00001d3a    00000002     --HOLE-- [fill = 0]
                  00001d3c    00000124                                   : _printfi.c.obj (.text:fcvt)
                  00001e60    00000110                                   : s_scalbn.c.obj (.text:scalbn)
                  00001f70    000000fc                                   : fd_mul_t2.asm.obj (.text)
                  0000206c    000000b1                                   : _printfi.c.obj (.text:_ltostr)
                  0000211d    00000001     --HOLE-- [fill = 0]
                  0000211e    0000009c                                   : memcpy_t2.asm.obj (.text)
                  000021ba    00000096                                   : ull_div_t2.asm.obj (.text)
                  00002250    00000086                                   : fd_cmp_t2.asm.obj (.text:__aeabi_cdcmple)
                  000022d6    00000086                                   : fd_cmp_t2.asm.obj (.text:__aeabi_cdrcmple)
                  0000235c    0000007a                                   : memset_t2.asm.obj (.text)
                  000023d6    0000006e                                   : _printfi.c.obj (.text:_mcpy)
                  00002444    00000068                                   : copy_decompress_lzss.c.obj (.text:decompress:lzss:__TI_decompress_lzss)
                  000024ac    00000064                                   : s_frexp.c.obj (.text:frexp)
                  00002510    00000056                                   : _printfi.c.obj (.text:_pconv_f)
                  00002566    00000054                                   : _ltoa.c.obj (.text:__TI_ltoa)
                  000025ba    00000052                                   : _printfi.c.obj (.text:_ecpy)
                  0000260c    0000004c                                   : atoi.c.obj (.text:atoi)
                  00002658    00000048                                   : fd_toi_t2.asm.obj (.text)
                  000026a0    00000044                                   : autoinit.c.obj (.text:__TI_auto_init_nobinit_nopinit:__TI_auto_init_nobinit_nopinit)
                  000026e4    00000040                                   : vsnprintf.c.obj (.text:vsnprintf)
                  00002724    0000003e                                   : _printfi.c.obj (.text:_fcpy)
                  00002762    00000002     --HOLE-- [fill = 0]
                  00002764    00000034     driverlib.lib : interrupt.obj (.text:IntRegister)
                  00002798    00000034     rtsv7M4_T_le_v4SPD16_eabi.lib : boot_cortex_m.c.obj (.text:_c_int00_noargs:_c_int00_noargs)
                  000027cc    00000030                                   : vsnprintf.c.obj (.text:_outs)
                  000027fc    0000002e                                   : i_tofd_t2.asm.obj (.text)
                  0000282a    00000020                                   : u_tofd_t2.asm.obj (.text)
                  0000284a    0000001e     lab9_template.obj (.text)
                  00002868    0000001c     rtsv7M4_T_le_v4SPD16_eabi.lib : copy_zero_init.c.obj (.text:decompress:ZI:__TI_zero_init_nomemset:__TI_zero_init_nomemset)
                  00002884    0000001c                                   : memccpy.c.obj (.text:memccpy)
                  000028a0    0000001a                                   : s_copysign.c.obj (.text:copysign)
                  000028ba    00000018                                   : vsnprintf.c.obj (.text:_outc)
                  000028d2    00000018                                   : strcmp.c.obj (.text:strcmp)
                  000028ea    00000016                                   : strchr.c.obj (.text:strchr)
                  00002900    00000014                                   : strcpy.c.obj (.text:strcpy)
                  00002914    00000014                                   : strlen.c.obj (.text:strlen)
                  00002928    00000012                                   : wcslen.c.obj (.text:wcslen)
                  0000293a    00000010     driverlib.lib : interrupt.obj (.text:IntMasterEnable)
                  0000294a    00000010     lcd.obj (.text:lcd_clear)
                  0000295a    0000000e     rtsv7M4_T_le_v4SPD16_eabi.lib : copy_decompress_none.c.obj (.text:decompress:none:__TI_decompress_none)
                  00002968    0000000c     driverlib.lib : cpu.obj (.text:CPUcpsie)
                  00002974    0000000c     tm4c123gh6pm_startup_ccs.obj (.text)
                  00002980    00000008     rtsv7M4_T_le_v4SPD16_eabi.lib : errno.c.obj (.text:__aeabi_errno_addr)
                  00002988    00000004                                   : pre_init.c.obj (.text:_system_pre_init)
                  0000298c    00000004                                   : exit.c.obj (.text:abort:abort)

.const     0    00002990    00000109     
                  00002990    00000101     rtsv7M4_T_le_v4SPD16_eabi.lib : ctype.c.obj (.const:.string:_ctypes_)
                  00002a91    00000004     lcd.obj (.const:.string:lineAddress$1)
                  00002a95    00000004     lcd.obj (.const:.string:lineAddresses$2)

.cinit     0    00002aa0    00000040     
                  00002aa0    0000000c     (__TI_handler_table)
                  00002aac    00000004     --HOLE-- [fill = 0]
                  00002ab0    00000008     (.cinit..bss.load) [load image, compression = zero_init]
                  00002ab8    00000008     (.cinit..vtable.load) [load image, compression = zero_init]
                  00002ac0    00000007     (.cinit..data.load) [load image, compression = lzss]
                  00002ac7    00000001     --HOLE-- [fill = 0]
                  00002ac8    00000018     (__TI_cinit_table)

.init_array 
*          0    00000000    00000000     UNINITIALIZED

.vtable    0    20000000    0000026c     UNINITIALIZED
                  20000000    0000026c     driverlib.lib : interrupt.obj (.vtable)

.stack     0    20000270    00001000     UNINITIALIZED
                  20000270    00000004     rtsv7M4_T_le_v4SPD16_eabi.lib : boot_cortex_m.c.obj (.stack)
                  20000274    00000ffc     --HOLE--

.sysmem    0    20001270    00001000     UNINITIALIZED
                  20001270    00000010     rtsv7M4_T_le_v4SPD16_eabi.lib : memory.c.obj (.sysmem)
                  20001280    00000ff0     --HOLE--

.bss       0    20002270    00000058     UNINITIALIZED
                  20002270    00000054     lcd.obj (.bss:lastbuffer$3)
                  200022c4    00000004     (.common:_timeout_ticks)

.data      0    200022c8    00000010     UNINITIALIZED
                  200022c8    00000009     ping_template.obj (.data)
                  200022d1    00000001     Timer.obj (.data)
                  200022d2    00000002     --HOLE--
                  200022d4    00000004     rtsv7M4_T_le_v4SPD16_eabi.lib : errno.c.obj (.data)

__llvm_prf_cnts 
*          0    20000000    00000000     UNINITIALIZED

MODULE SUMMARY

       Module                         code    ro data   rw data
       ------                         ----    -------   -------
    .\
       lcd.obj                        824     8         84     
       ping_template.obj              676     0         9      
       tm4c123gh6pm_startup_ccs.obj   12      620       0      
       Timer.obj                      584     0         5      
       lab9_template.obj              30      0         0      
    +--+------------------------------+-------+---------+---------+
       Total:                         2126    628       98     
                                                               
    C:/ti/TivaWare_C_Series-2.1.4.178/driverlib/ccs/Debug/driverlib.lib
       interrupt.obj                  68      0         620    
       cpu.obj                        12      0         0      
    +--+------------------------------+-------+---------+---------+
       Total:                         80      0         620    
                                                               
    C:\ti\ccs1031\ccs\tools\compiler\ti-cgt-arm_20.2.4.LTS\lib\rtsv7M4_T_le_v4SPD16_eabi.lib
       _printfi.c.obj                 4851    0         0      
       fd_add_t2.asm.obj              438     0         0      
       fd_div_t2.asm.obj              310     0         0      
       s_scalbn.c.obj                 272     0         0      
       fd_cmp_t2.asm.obj              268     0         0      
       ctype.c.obj                    0       257       0      
       fd_mul_t2.asm.obj              252     0         0      
       memcpy_t2.asm.obj              156     0         0      
       ull_div_t2.asm.obj             150     0         0      
       vsnprintf.c.obj                136     0         0      
       memset_t2.asm.obj              122     0         0      
       copy_decompress_lzss.c.obj     104     0         0      
       s_frexp.c.obj                  100     0         0      
       _ltoa.c.obj                    84      0         0      
       atoi.c.obj                     76      0         0      
       fd_toi_t2.asm.obj              72      0         0      
       autoinit.c.obj                 68      0         0      
       boot_cortex_m.c.obj            52      0         0      
       i_tofd_t2.asm.obj              46      0         0      
       u_tofd_t2.asm.obj              32      0         0      
       copy_zero_init.c.obj           28      0         0      
       memccpy.c.obj                  28      0         0      
       s_copysign.c.obj               26      0         0      
       strcmp.c.obj                   24      0         0      
       strchr.c.obj                   22      0         0      
       strcpy.c.obj                   20      0         0      
       strlen.c.obj                   20      0         0      
       wcslen.c.obj                   18      0         0      
       copy_decompress_none.c.obj     14      0         0      
       errno.c.obj                    8       0         4      
       exit.c.obj                     4       0         0      
       pre_init.c.obj                 4       0         0      
       div0.asm.obj                   2       0         0      
    +--+------------------------------+-------+---------+---------+
       Total:                         7807    257       4      
                                                               
       Heap:                          0       0         4096   
       Stack:                         0       0         4096   
       Linker Generated:              0       59        0      
    +--+------------------------------+-------+---------+---------+
       Grand Total:                   10013   944       8914   


LINKER GENERATED COPY TABLES

__TI_cinit_table @ 00002ac8 records: 3, size/record: 8, table size: 24
	.bss: load addr=00002ab0, load size=00000008 bytes, run addr=20002270, run size=00000058 bytes, compression=zero_init
	.vtable: load addr=00002ab8, load size=00000008 bytes, run addr=20000000, run size=0000026c bytes, compression=zero_init
	.data: load addr=00002ac0, load size=00000007 bytes, run addr=200022c8, run size=00000010 bytes, compression=lzss


LINKER GENERATED HANDLER TABLE

__TI_handler_table @ 00002aa0 records: 3, size/record: 4, table size: 12
	index: 0, handler: __TI_zero_init
	index: 1, handler: __TI_decompress_lzss
	index: 2, handler: __TI_decompress_none


GLOBAL SYMBOLS: SORTED ALPHABETICALLY BY Name 

address   name                          
-------   ----                          
0000298d  C$$EXIT                       
00002969  CPUcpsie                      
200022cc  END_TIME                      
0000293b  IntMasterEnable               
00002765  IntRegister                   
00002975  ResetISR                      
200022c8  START_TIME                    
200022d0  STATE                         
0000113d  TIMER3B_Handler               
20001270  __STACK_END                   
00001000  __STACK_SIZE                  
20000470  __STACK_TOP                   
00001000  __SYSMEM_SIZE                 
00002ac8  __TI_CINIT_Base               
00002ae0  __TI_CINIT_Limit              
00002aa0  __TI_Handler_Table_Base       
00002aac  __TI_Handler_Table_Limit      
000026a1  __TI_auto_init_nobinit_nopinit
00002445  __TI_decompress_lzss          
0000295b  __TI_decompress_none          
00002567  __TI_ltoa                     
ffffffff  __TI_pprof_out_hndl           
0000026d  __TI_printfi                  
ffffffff  __TI_prof_data_size           
ffffffff  __TI_prof_data_start          
00000000  __TI_static_base__            
00002869  __TI_zero_init_nomemset       
00002251  __aeabi_cdcmpeq               
00002251  __aeabi_cdcmple               
000022d7  __aeabi_cdrcmple              
00002659  __aeabi_d2iz                  
0000191b  __aeabi_dadd                  
00001c05  __aeabi_ddiv                  
00001f71  __aeabi_dmul                  
00001911  __aeabi_dsub                  
00002981  __aeabi_errno_addr            
000027fd  __aeabi_i2d                   
00000cbb  __aeabi_idiv0                 
00000cbb  __aeabi_ldiv0                 
0000235d  __aeabi_memclr                
0000235d  __aeabi_memclr4               
0000235d  __aeabi_memclr8               
0000211f  __aeabi_memcpy                
0000211f  __aeabi_memcpy4               
0000211f  __aeabi_memcpy8               
0000235f  __aeabi_memset                
0000235f  __aeabi_memset4               
0000235f  __aeabi_memset8               
0000282b  __aeabi_ui2d                  
000021bb  __aeabi_uldivmod              
ffffffff  __binit__                     
ffffffff  __c_args__                    
UNDEFED   __mpu_init                    
20000270  __stack                       
20000000  __start___llvm_prf_cnts       
20000000  __stop___llvm_prf_cnts        
00002799  _c_int00_noargs               
00002990  _ctypes_                      
200022d1  _running                      
20001270  _sys_memory                   
UNDEFED   _system_post_cinit            
00002989  _system_pre_init              
200022c4  _timeout_ticks                
0000298d  abort                         
0000260d  atoi                          
ffffffff  binit                         
000028a1  copysign                      
000028a1  copysignl                     
200022d4  errno                         
000024ad  frexp                         
000024ad  frexpl                        
20000000  g_pfnRAMVectors               
00000000  g_pfnVectors                  
0000294b  lcd_clear                     
00000e91  lcd_gotoLine                  
00000cf9  lcd_init                      
00000ef7  lcd_printf                    
00000db9  lcd_putc                      
00000df1  lcd_puts                      
00000cbd  lcd_reverseNibble             
00000e0f  lcd_sendCommand               
00000e4d  lcd_sendNibble                
00000eb9  lcd_setCursorPos              
00001e61  ldexp                         
00001e61  ldexpl                        
0000284b  main                          
00002885  memccpy                       
0000211f  memcpy                        
00002365  memset                        
00001185  ping_getDistance              
00000fe5  ping_init                     
000010bd  ping_trigger                  
00001e61  scalbn                        
00001e61  scalbnl                       
000028eb  strchr                        
000028d3  strcmp                        
00002901  strcpy                        
00002915  strlen                        
00001617  timer_getMicros               
000015bf  timer_getMillis               
000014f9  timer_init                    
0000159b  timer_pause                   
000015ad  timer_resume                  
00001571  timer_stop                    
00001671  timer_waitMicros              
000016a3  timer_waitMillis              
000026e5  vsnprintf                     
00002929  wcslen                        


GLOBAL SYMBOLS: SORTED BY Symbol Address 

address   name                          
-------   ----                          
00000000  __TI_static_base__            
00000000  g_pfnVectors                  
0000026d  __TI_printfi                  
00000cbb  __aeabi_idiv0                 
00000cbb  __aeabi_ldiv0                 
00000cbd  lcd_reverseNibble             
00000cf9  lcd_init                      
00000db9  lcd_putc                      
00000df1  lcd_puts                      
00000e0f  lcd_sendCommand               
00000e4d  lcd_sendNibble                
00000e91  lcd_gotoLine                  
00000eb9  lcd_setCursorPos              
00000ef7  lcd_printf                    
00000fe5  ping_init                     
00001000  __STACK_SIZE                  
00001000  __SYSMEM_SIZE                 
000010bd  ping_trigger                  
0000113d  TIMER3B_Handler               
00001185  ping_getDistance              
000014f9  timer_init                    
00001571  timer_stop                    
0000159b  timer_pause                   
000015ad  timer_resume                  
000015bf  timer_getMillis               
00001617  timer_getMicros               
00001671  timer_waitMicros              
000016a3  timer_waitMillis              
00001911  __aeabi_dsub                  
0000191b  __aeabi_dadd                  
00001c05  __aeabi_ddiv                  
00001e61  ldexp                         
00001e61  ldexpl                        
00001e61  scalbn                        
00001e61  scalbnl                       
00001f71  __aeabi_dmul                  
0000211f  __aeabi_memcpy                
0000211f  __aeabi_memcpy4               
0000211f  __aeabi_memcpy8               
0000211f  memcpy                        
000021bb  __aeabi_uldivmod              
00002251  __aeabi_cdcmpeq               
00002251  __aeabi_cdcmple               
000022d7  __aeabi_cdrcmple              
0000235d  __aeabi_memclr                
0000235d  __aeabi_memclr4               
0000235d  __aeabi_memclr8               
0000235f  __aeabi_memset                
0000235f  __aeabi_memset4               
0000235f  __aeabi_memset8               
00002365  memset                        
00002445  __TI_decompress_lzss          
000024ad  frexp                         
000024ad  frexpl                        
00002567  __TI_ltoa                     
0000260d  atoi                          
00002659  __aeabi_d2iz                  
000026a1  __TI_auto_init_nobinit_nopinit
000026e5  vsnprintf                     
00002765  IntRegister                   
00002799  _c_int00_noargs               
000027fd  __aeabi_i2d                   
0000282b  __aeabi_ui2d                  
0000284b  main                          
00002869  __TI_zero_init_nomemset       
00002885  memccpy                       
000028a1  copysign                      
000028a1  copysignl                     
000028d3  strcmp                        
000028eb  strchr                        
00002901  strcpy                        
00002915  strlen                        
00002929  wcslen                        
0000293b  IntMasterEnable               
0000294b  lcd_clear                     
0000295b  __TI_decompress_none          
00002969  CPUcpsie                      
00002975  ResetISR                      
00002981  __aeabi_errno_addr            
00002989  _system_pre_init              
0000298d  C$$EXIT                       
0000298d  abort                         
00002990  _ctypes_                      
00002aa0  __TI_Handler_Table_Base       
00002aac  __TI_Handler_Table_Limit      
00002ac8  __TI_CINIT_Base               
00002ae0  __TI_CINIT_Limit              
20000000  __start___llvm_prf_cnts       
20000000  __stop___llvm_prf_cnts        
20000000  g_pfnRAMVectors               
20000270  __stack                       
20000470  __STACK_TOP                   
20001270  __STACK_END                   
20001270  _sys_memory                   
200022c4  _timeout_ticks                
200022c8  START_TIME                    
200022cc  END_TIME                      
200022d0  STATE                         
200022d1  _running                      
200022d4  errno                         
ffffffff  __TI_pprof_out_hndl           
ffffffff  __TI_prof_data_size           
ffffffff  __TI_prof_data_start          
ffffffff  __binit__                     
ffffffff  __c_args__                    
ffffffff  binit                         
UNDEFED   __mpu_init                    
UNDEFED   _system_post_cinit            

[108 symbols]
