******************************************************************************
                  TI ARM Linker PC v20.2.4                     
******************************************************************************
>> Linked Tue Apr 19 15:39:07 2022

OUTPUT FILE NAME:   <FinalProject.out>
ENTRY POINT SYMBOL: "_c_int00_noargs"  address: 00005309


MEMORY CONFIGURATION

         name            origin    length      used     unused   attr    fill
----------------------  --------  ---------  --------  --------  ----  --------
  FLASH                 00000000   00040000  00005777  0003a889  R  X
  SRAM                  20000000   00008000  000026f9  00005907  RW X


SEGMENT ALLOCATION MAP

run origin  load origin   length   init length attrs members
----------  ----------- ---------- ----------- ----- -------
00000000    00000000    00005780   00005780    r-x
  00000000    00000000    0000026c   0000026c    r-- .intvecs
  0000026c    0000026c    000052f0   000052f0    r-x .text
  00005560    00005560    000001bb   000001bb    r-- .const
  00005720    00005720    00000060   00000060    r-- .cinit
20000000    20000000    00002700   00000000    rw-
  20000000    20000000    0000026c   00000000    rw- .vtable
  20000270    20000270    00001000   00000000    rw- .stack
  20001270    20001270    00001000   00000000    rw- .sysmem
  20002270    20002270    00000431   00000000    rw- .bss
  200026a4    200026a4    0000005c   00000000    rw- .data


SECTION ALLOCATION MAP

 output                                  attributes/
section   page    origin      length       input sections
--------  ----  ----------  ----------   ----------------
.intvecs   0    00000000    0000026c     
                  00000000    0000026c     tm4c123gh6pm_startup_ccs.obj (.intvecs)

.text      0    0000026c    000052f0     
                  0000026c    00000c20     open_interface.obj (.text)
                  00000e8c    00000b90     Movement.obj (.text)
                  00001a1c    00000a4e     rtsv7M4_T_le_v4SPD16_eabi.lib : _printfi.c.obj (.text:__TI_printfi)
                  0000246a    00000002                                   : _lock.c.obj (.text:_nop)
                  0000246c    000009c0                                   : e_pow.c.obj (.text:pow)
                  00002e2c    00000328     lcd.obj (.text)
                  00003154    000002a4     ping_template.obj (.text)
                  000033f8    00000270     rtsv7M4_T_le_v4SPD16_eabi.lib : _printfi.c.obj (.text:_pconv_a)
                  00003668    00000248     Timer.obj (.text)
                  000038b0    000001f4     uart-interrupt.obj (.text)
                  00003aa4    000001d0     rtsv7M4_T_le_v4SPD16_eabi.lib : _printfi.c.obj (.text:_pconv_g)
                  00003c74    000001b6                                   : fd_add_t2.asm.obj (.text)
                  00003e2a    00000002                                   : div0.asm.obj (.text)
                  00003e2c    00000158                                   : e_sqrt.c.obj (.text:sqrt)
                  00003f84    0000013c                                   : _printfi.c.obj (.text:_pconv_e)
                  000040c0    00000136                                   : fd_div_t2.asm.obj (.text)
                  000041f6    00000002     --HOLE-- [fill = 0]
                  000041f8    0000012c     servo.obj (.text)
                  00004324    00000124     adc.obj (.text)
                  00004448    00000124     rtsv7M4_T_le_v4SPD16_eabi.lib : _printfi.c.obj (.text:fcvt)
                  0000456c    00000110                                   : s_scalbn.c.obj (.text:scalbn)
                  0000467c    00000100                                   : memory.c.obj (.text:aligned_alloc)
                  0000477c    000000fc                                   : fd_mul_t2.asm.obj (.text)
                  00004878    000000f0     main.obj (.text)
                  00004968    000000e4     rtsv7M4_T_le_v4SPD16_eabi.lib : memory.c.obj (.text:free)
                  00004a4c    000000b1                                   : _printfi.c.obj (.text:_ltostr)
                  00004afd    00000001     --HOLE-- [fill = 0]
                  00004afe    0000009c                                   : memcpy_t2.asm.obj (.text)
                  00004b9a    00000096                                   : ull_div_t2.asm.obj (.text)
                  00004c30    00000086                                   : fd_cmp_t2.asm.obj (.text:__aeabi_cdcmple)
                  00004cb6    00000086                                   : fd_cmp_t2.asm.obj (.text:__aeabi_cdrcmple)
                  00004d3c    0000007a                                   : memset_t2.asm.obj (.text)
                  00004db6    00000002     --HOLE-- [fill = 0]
                  00004db8    00000070                                   : memory.c.obj (.text:split)
                  00004e28    0000006e                                   : _printfi.c.obj (.text:_mcpy)
                  00004e96    0000006e                                   : fd_tos_t2.asm.obj (.text)
                  00004f04    00000068                                   : copy_decompress_lzss.c.obj (.text:decompress:lzss:__TI_decompress_lzss)
                  00004f6c    00000064                                   : s_frexp.c.obj (.text:frexp)
                  00004fd0    00000056                                   : _printfi.c.obj (.text:_pconv_f)
                  00005026    00000054                                   : _ltoa.c.obj (.text:__TI_ltoa)
                  0000507a    00000052                                   : _printfi.c.obj (.text:_ecpy)
                  000050cc    0000004c                                   : atoi.c.obj (.text:atoi)
                  00005118    00000048                                   : fd_toi_t2.asm.obj (.text)
                  00005160    00000044                                   : autoinit.c.obj (.text:__TI_auto_init_nobinit_nopinit:__TI_auto_init_nobinit_nopinit)
                  000051a4    00000040                                   : sprintf.c.obj (.text:sprintf)
                  000051e4    00000040                                   : vsnprintf.c.obj (.text:vsnprintf)
                  00005224    0000003e                                   : _printfi.c.obj (.text:_fcpy)
                  00005262    00000002     --HOLE-- [fill = 0]
                  00005264    00000038                                   : memory.c.obj (.text:calloc)
                  0000529c    00000038                                   : fs_tod_t2.asm.obj (.text)
                  000052d4    00000034     driverlib.lib : interrupt.obj (.text:IntRegister)
                  00005308    00000034     rtsv7M4_T_le_v4SPD16_eabi.lib : boot_cortex_m.c.obj (.text:_c_int00_noargs:_c_int00_noargs)
                  0000533c    00000030                                   : vsnprintf.c.obj (.text:_outs)
                  0000536c    0000002e                                   : i_tofd_t2.asm.obj (.text)
                  0000539a    00000002     --HOLE-- [fill = 0]
                  0000539c    00000028                                   : memory.c.obj (.text:free_list_insert)
                  000053c4    00000020                                   : u_tofd_t2.asm.obj (.text)
                  000053e4    0000001c                                   : memory.c.obj (.text:free_list_remove)
                  00005400    0000001c                                   : memccpy.c.obj (.text:memccpy)
                  0000541c    0000001a                                   : s_copysign.c.obj (.text:copysign)
                  00005436    00000018                                   : vsnprintf.c.obj (.text:_outc)
                  0000544e    00000018                                   : sprintf.c.obj (.text:_outs)
                  00005466    00000018     open_interface.obj (.text:oi_parseInt)
                  0000547e    00000018     rtsv7M4_T_le_v4SPD16_eabi.lib : strcmp.c.obj (.text:strcmp)
                  00005496    00000016                                   : strchr.c.obj (.text:strchr)
                  000054ac    00000014                                   : strcpy.c.obj (.text:strcpy)
                  000054c0    00000014                                   : strlen.c.obj (.text:strlen)
                  000054d4    00000012                                   : wcslen.c.obj (.text:wcslen)
                  000054e6    00000010     driverlib.lib : interrupt.obj (.text:IntMasterEnable)
                  000054f6    00000010     lcd.obj (.text:lcd_clear)
                  00005506    0000000e     rtsv7M4_T_le_v4SPD16_eabi.lib : copy_decompress_none.c.obj (.text:decompress:none:__TI_decompress_none)
                  00005514    0000000c     driverlib.lib : cpu.obj (.text:CPUcpsie)
                  00005520    0000000c     rtsv7M4_T_le_v4SPD16_eabi.lib : copy_zero_init.c.obj (.text:decompress:ZI:__TI_zero_init)
                  0000552c    0000000c     tm4c123gh6pm_startup_ccs.obj (.text)
                  00005538    0000000a     rtsv7M4_T_le_v4SPD16_eabi.lib : sprintf.c.obj (.text:_outc)
                  00005542    00000002     --HOLE-- [fill = 0]
                  00005544    00000008                                   : errno.c.obj (.text:__aeabi_errno_addr)
                  0000554c    00000008                                   : memory.c.obj (.text:malloc)
                  00005554    00000004                                   : pre_init.c.obj (.text:_system_pre_init)
                  00005558    00000004                                   : exit.c.obj (.text:abort:abort)

.const     0    00005560    000001bb     
                  00005560    00000101     rtsv7M4_T_le_v4SPD16_eabi.lib : ctype.c.obj (.const:.string:_ctypes_)
                  00005661    00000004     lcd.obj (.const:.string:lineAddress$1)
                  00005665    00000003     --HOLE-- [fill = 0]
                  00005668    00000030     rtsv7M4_T_le_v4SPD16_eabi.lib : e_pow.c.obj (.const:$O1$$)
                  00005698    00000027     Movement.obj (.const:.string:$P$T1$2)
                  000056bf    00000015     Movement.obj (.const:.string:$P$T0$1)
                  000056d4    00000011     Movement.obj (.const:.string:$P$T5$6)
                  000056e5    0000000f     open_interface.obj (.const:.string:$P$T0$3)
                  000056f4    0000000e     Movement.obj (.const:.string:$P$T3$4)
                  00005702    0000000d     Movement.obj (.const:.string:$P$T4$5)
                  0000570f    00000008     Movement.obj (.const:.string:$P$T2$3)
                  00005717    00000004     lcd.obj (.const:.string:lineAddresses$2)

.cinit     0    00005720    00000060     
                  00005720    0000002b     (.cinit..data.load) [load image, compression = lzss]
                  0000574b    00000001     --HOLE-- [fill = 0]
                  0000574c    0000000c     (__TI_handler_table)
                  00005758    00000008     (.cinit..bss.load) [load image, compression = zero_init]
                  00005760    00000008     (.cinit..vtable.load) [load image, compression = zero_init]
                  00005768    00000018     (__TI_cinit_table)

.init_array 
*          0    00000000    00000000     UNINITIALIZED

.vtable    0    20000000    0000026c     UNINITIALIZED
                  20000000    0000026c     driverlib.lib : interrupt.obj (.vtable)

.stack     0    20000270    00001000     UNINITIALIZED
                  20000270    00000004     rtsv7M4_T_le_v4SPD16_eabi.lib : boot_cortex_m.c.obj (.stack)
                  20000274    00000ffc     --HOLE--

.sysmem    0    20001270    00001000     UNINITIALIZED
                  20001270    00000010     rtsv7M4_T_le_v4SPD16_eabi.lib : memory.c.obj (.sysmem)
                  20001280    00000ff0     --HOLE--

.bss       0    20002270    00000431     UNINITIALIZED
                  20002270    00000168     (.common:angles)
                  200023d8    00000168     (.common:iraws)
                  20002540    000000f0     (.common:outside)
                  20002630    00000054     lcd.obj (.bss:lastbuffer$3)
                  20002684    00000018     open_interface.obj (.bss:firmware$2)
                  2000269c    00000004     (.common:_timeout_ticks)
                  200026a0    00000001     (.common:input)

.data      0    200026a4    0000005c     UNINITIALIZED
                  200026a4    00000020     open_interface.obj (.data)
                  200026c4    0000000a     Movement.obj (.data)
                  200026ce    00000001     Timer.obj (.data)
                  200026cf    00000001     --HOLE--
                  200026d0    00000009     ping_template.obj (.data)
                  200026d9    00000003     --HOLE--
                  200026dc    00000008     rtsv7M4_T_le_v4SPD16_eabi.lib : _lock.c.obj (.data:$O1$$)
                  200026e4    00000008                                   : memory.c.obj (.data:$O1$$)
                  200026ec    00000008     servo.obj (.data)
                  200026f4    00000008     uart-interrupt.obj (.data)
                  200026fc    00000004     rtsv7M4_T_le_v4SPD16_eabi.lib : errno.c.obj (.data)

__llvm_prf_cnts 
*          0    20000000    00000000     UNINITIALIZED

MODULE SUMMARY

       Module                         code    ro data   rw data
       ------                         ----    -------   -------
    .\
       Movement.obj                   2960    112       970    
       open_interface.obj             3128    15        56     
       lcd.obj                        824     8         84     
       ping_template.obj              676     0         9      
       tm4c123gh6pm_startup_ccs.obj   12      620       0      
       Timer.obj                      584     0         5      
       uart-interrupt.obj             500     0         9      
       servo.obj                      300     0         8      
       adc.obj                        292     0         0      
       main.obj                       240     0         0      
    +--+------------------------------+-------+---------+---------+
       Total:                         9516    755       1141   
                                                               
    C:/ti/TivaWare_C_Series-2.1.4.178/driverlib/ccs/Debug/driverlib.lib
       interrupt.obj                  68      0         620    
       cpu.obj                        12      0         0      
    +--+------------------------------+-------+---------+---------+
       Total:                         80      0         620    
                                                               
    C:\ti\ccs1031\ccs\tools\compiler\ti-cgt-arm_20.2.4.LTS\lib\rtsv7M4_T_le_v4SPD16_eabi.lib
       _printfi.c.obj                 4851    0         0      
       e_pow.c.obj                    2496    48        0      
       memory.c.obj                   728     0         8      
       fd_add_t2.asm.obj              438     0         0      
       e_sqrt.c.obj                   344     0         0      
       fd_div_t2.asm.obj              310     0         0      
       s_scalbn.c.obj                 272     0         0      
       fd_cmp_t2.asm.obj              268     0         0      
       ctype.c.obj                    0       257       0      
       fd_mul_t2.asm.obj              252     0         0      
       memcpy_t2.asm.obj              156     0         0      
       ull_div_t2.asm.obj             150     0         0      
       vsnprintf.c.obj                136     0         0      
       memset_t2.asm.obj              122     0         0      
       fd_tos_t2.asm.obj              110     0         0      
       copy_decompress_lzss.c.obj     104     0         0      
       s_frexp.c.obj                  100     0         0      
       sprintf.c.obj                  98      0         0      
       _ltoa.c.obj                    84      0         0      
       atoi.c.obj                     76      0         0      
       fd_toi_t2.asm.obj              72      0         0      
       autoinit.c.obj                 68      0         0      
       fs_tod_t2.asm.obj              56      0         0      
       boot_cortex_m.c.obj            52      0         0      
       i_tofd_t2.asm.obj              46      0         0      
       u_tofd_t2.asm.obj              32      0         0      
       memccpy.c.obj                  28      0         0      
       s_copysign.c.obj               26      0         0      
       strcmp.c.obj                   24      0         0      
       strchr.c.obj                   22      0         0      
       strcpy.c.obj                   20      0         0      
       strlen.c.obj                   20      0         0      
       wcslen.c.obj                   18      0         0      
       copy_decompress_none.c.obj     14      0         0      
       copy_zero_init.c.obj           12      0         0      
       errno.c.obj                    8       0         4      
       _lock.c.obj                    2       0         8      
       exit.c.obj                     4       0         0      
       pre_init.c.obj                 4       0         0      
       div0.asm.obj                   2       0         0      
    +--+------------------------------+-------+---------+---------+
       Total:                         11625   305       20     
                                                               
       Heap:                          0       0         4096   
       Stack:                         0       0         4096   
       Linker Generated:              0       95        0      
    +--+------------------------------+-------+---------+---------+
       Grand Total:                   21221   1155      9973   


LINKER GENERATED COPY TABLES

__TI_cinit_table @ 00005768 records: 3, size/record: 8, table size: 24
	.data: load addr=00005720, load size=0000002b bytes, run addr=200026a4, run size=0000005c bytes, compression=lzss
	.bss: load addr=00005758, load size=00000008 bytes, run addr=20002270, run size=00000431 bytes, compression=zero_init
	.vtable: load addr=00005760, load size=00000008 bytes, run addr=20000000, run size=0000026c bytes, compression=zero_init


LINKER GENERATED HANDLER TABLE

__TI_handler_table @ 0000574c records: 3, size/record: 4, table size: 12
	index: 0, handler: __TI_zero_init
	index: 1, handler: __TI_decompress_lzss
	index: 2, handler: __TI_decompress_none


GLOBAL SYMBOLS: SORTED ALPHABETICALLY BY Name 

address   name                          
-------   ----                          
00005559  C$$EXIT                       
00005515  CPUcpsie                      
00000ead  CalculateAv                   
000015b1  Collision                     
200026d4  END_TIME                      
00000bc3  GPIOF_Handler                 
000054e7  IntMasterEnable               
000052d5  IntRegister                   
0000552d  ResetISR                      
200026d0  START_TIME                    
200026d8  STATE                         
000032ad  TIMER3B_Handler               
000039e7  UART1_Handler                 
20001270  __STACK_END                   
00001000  __STACK_SIZE                  
20000470  __STACK_TOP                   
00001000  __SYSMEM_SIZE                 
00005768  __TI_CINIT_Base               
00005780  __TI_CINIT_Limit              
0000574c  __TI_Handler_Table_Base       
00005758  __TI_Handler_Table_Limit      
00005161  __TI_auto_init_nobinit_nopinit
00004f05  __TI_decompress_lzss          
00005507  __TI_decompress_none          
00005027  __TI_ltoa                     
ffffffff  __TI_pprof_out_hndl           
00001a1d  __TI_printfi                  
ffffffff  __TI_prof_data_size           
ffffffff  __TI_prof_data_start          
00000000  __TI_static_base__            
00005521  __TI_zero_init                
00004c31  __aeabi_cdcmpeq               
00004c31  __aeabi_cdcmple               
00004cb7  __aeabi_cdrcmple              
00004e97  __aeabi_d2f                   
00005119  __aeabi_d2iz                  
00003c7f  __aeabi_dadd                  
000040c1  __aeabi_ddiv                  
0000477d  __aeabi_dmul                  
00003c75  __aeabi_dsub                  
00005545  __aeabi_errno_addr            
0000529d  __aeabi_f2d                   
0000536d  __aeabi_i2d                   
00003e2b  __aeabi_idiv0                 
00003e2b  __aeabi_ldiv0                 
00004d3d  __aeabi_memclr                
00004d3d  __aeabi_memclr4               
00004d3d  __aeabi_memclr8               
00004aff  __aeabi_memcpy                
00004aff  __aeabi_memcpy4               
00004aff  __aeabi_memcpy8               
00004d3f  __aeabi_memset                
00004d3f  __aeabi_memset4               
00004d3f  __aeabi_memset8               
000053c5  __aeabi_ui2d                  
00004b9b  __aeabi_uldivmod              
ffffffff  __binit__                     
ffffffff  __c_args__                    
UNDEFED   __mpu_init                    
20000270  __stack                       
20000000  __start___llvm_prf_cnts       
20000000  __stop___llvm_prf_cnts        
00005309  _c_int00_noargs               
00005560  _ctypes_                      
200026dc  _lock                         
0000246b  _nop                          
200026ce  _running                      
20001270  _sys_memory                   
UNDEFED   _system_post_cinit            
00005555  _system_pre_init              
2000269c  _timeout_ticks                
200026e0  _unlock                       
00005559  abort                         
00004325  adc_init                      
000043d1  adc_read                      
00000e8d  addAv                         
0000467d  aligned_alloc                 
20002270  angles                        
000050cd  atoi                          
ffffffff  binit                         
00005265  calloc                        
200026cd  collide                       
200026f4  command_byte                  
200026f8  command_flag                  
0000541d  copysign                      
0000541d  copysignl                     
200026fc  errno                         
00004969  free                          
00004f6d  frexp                         
00004f6d  frexpl                        
20000000  g_pfnRAMVectors               
00000000  g_pfnVectors                  
0000097f  go_charge                     
200026a0  input                         
200026ec  intoff                        
200023d8  iraws                         
000054f7  lcd_clear                     
00003001  lcd_gotoLine                  
00002e69  lcd_init                      
00003067  lcd_printf                    
00002f29  lcd_putc                      
00002f61  lcd_puts                      
00002e2d  lcd_reverseNibble             
00002f7f  lcd_sendCommand               
00002fbd  lcd_sendNibble                
00003029  lcd_setCursorPos              
0000456d  ldexp                         
0000456d  ldexpl                        
200026c4  leftToffset                   
00004879  main                          
0000554d  malloc                        
0000467d  memalign                      
00005401  memccpy                       
00004aff  memcpy                        
00004d45  memset                        
200026a4  motor_cal_factor_L            
200026a8  motor_cal_factor_R            
0000143d  move_back                     
0000139d  move_forward                  
000016e1  move_to                       
0000026d  oi_alloc                      
00000aa9  oi_checkFirmware              
000002c7  oi_close                      
00000279  oi_free                       
00000ded  oi_getMotorCalibrationLeft    
00000e01  oi_getMotorCalibrationRight   
000002b1  oi_init                       
00000289  oi_init_noupdate              
00000915  oi_loadSong                   
00005467  oi_parseInt                   
0000032b  oi_parsePacket                
0000096b  oi_play_song                  
0000084b  oi_setLeds                    
00000db1  oi_setMotorCalibration        
0000088f  oi_setWheels                  
00000b51  oi_shutoff_init               
0000098d  oi_uartInit                   
00000a31  oi_uartReceive                
00000a77  oi_uartSendBuff               
00000a15  oi_uartSendChar               
00000a59  oi_uartSendStr                
000002d9  oi_update                     
20002540  outside                       
000032f5  ping_getDistance              
00003155  ping_init                     
0000322d  ping_trigger                  
0000246d  pow                           
0000246d  powl                          
200026c8  rightToffset                  
0000456d  scalbn                        
0000456d  scalbnl                       
200026f0  scaleroff                     
00000ed7  scan                          
200026cc  secScan                       
000041f9  servo_init                    
000042a9  servo_move                    
000051a5  sprintf                       
00003e2d  sqrt                          
00003e2d  sqrtl                         
00005497  strchr                        
0000547f  strcmp                        
000054ad  strcpy                        
000054c1  strlen                        
00003787  timer_getMicros               
0000372f  timer_getMillis               
00003669  timer_init                    
0000370b  timer_pause                   
0000371d  timer_resume                  
000036e1  timer_stop                    
000037e1  timer_waitMicros              
00003813  timer_waitMillis              
00001529  turn_left                     
000014b7  turn_right                    
000038b1  uart_interrupt_init           
0000398d  uart_receive                  
000039b3  uart_receive_nonblocking      
00003971  uart_sendChar                 
000039dd  uart_sendStr                  
000051e5  vsnprintf                     
000054d5  wcslen                        


GLOBAL SYMBOLS: SORTED BY Symbol Address 

address   name                          
-------   ----                          
00000000  __TI_static_base__            
00000000  g_pfnVectors                  
0000026d  oi_alloc                      
00000279  oi_free                       
00000289  oi_init_noupdate              
000002b1  oi_init                       
000002c7  oi_close                      
000002d9  oi_update                     
0000032b  oi_parsePacket                
0000084b  oi_setLeds                    
0000088f  oi_setWheels                  
00000915  oi_loadSong                   
0000096b  oi_play_song                  
0000097f  go_charge                     
0000098d  oi_uartInit                   
00000a15  oi_uartSendChar               
00000a31  oi_uartReceive                
00000a59  oi_uartSendStr                
00000a77  oi_uartSendBuff               
00000aa9  oi_checkFirmware              
00000b51  oi_shutoff_init               
00000bc3  GPIOF_Handler                 
00000db1  oi_setMotorCalibration        
00000ded  oi_getMotorCalibrationLeft    
00000e01  oi_getMotorCalibrationRight   
00000e8d  addAv                         
00000ead  CalculateAv                   
00000ed7  scan                          
00001000  __STACK_SIZE                  
00001000  __SYSMEM_SIZE                 
0000139d  move_forward                  
0000143d  move_back                     
000014b7  turn_right                    
00001529  turn_left                     
000015b1  Collision                     
000016e1  move_to                       
00001a1d  __TI_printfi                  
0000246b  _nop                          
0000246d  pow                           
0000246d  powl                          
00002e2d  lcd_reverseNibble             
00002e69  lcd_init                      
00002f29  lcd_putc                      
00002f61  lcd_puts                      
00002f7f  lcd_sendCommand               
00002fbd  lcd_sendNibble                
00003001  lcd_gotoLine                  
00003029  lcd_setCursorPos              
00003067  lcd_printf                    
00003155  ping_init                     
0000322d  ping_trigger                  
000032ad  TIMER3B_Handler               
000032f5  ping_getDistance              
00003669  timer_init                    
000036e1  timer_stop                    
0000370b  timer_pause                   
0000371d  timer_resume                  
0000372f  timer_getMillis               
00003787  timer_getMicros               
000037e1  timer_waitMicros              
00003813  timer_waitMillis              
000038b1  uart_interrupt_init           
00003971  uart_sendChar                 
0000398d  uart_receive                  
000039b3  uart_receive_nonblocking      
000039dd  uart_sendStr                  
000039e7  UART1_Handler                 
00003c75  __aeabi_dsub                  
00003c7f  __aeabi_dadd                  
00003e2b  __aeabi_idiv0                 
00003e2b  __aeabi_ldiv0                 
00003e2d  sqrt                          
00003e2d  sqrtl                         
000040c1  __aeabi_ddiv                  
000041f9  servo_init                    
000042a9  servo_move                    
00004325  adc_init                      
000043d1  adc_read                      
0000456d  ldexp                         
0000456d  ldexpl                        
0000456d  scalbn                        
0000456d  scalbnl                       
0000467d  aligned_alloc                 
0000467d  memalign                      
0000477d  __aeabi_dmul                  
00004879  main                          
00004969  free                          
00004aff  __aeabi_memcpy                
00004aff  __aeabi_memcpy4               
00004aff  __aeabi_memcpy8               
00004aff  memcpy                        
00004b9b  __aeabi_uldivmod              
00004c31  __aeabi_cdcmpeq               
00004c31  __aeabi_cdcmple               
00004cb7  __aeabi_cdrcmple              
00004d3d  __aeabi_memclr                
00004d3d  __aeabi_memclr4               
00004d3d  __aeabi_memclr8               
00004d3f  __aeabi_memset                
00004d3f  __aeabi_memset4               
00004d3f  __aeabi_memset8               
00004d45  memset                        
00004e97  __aeabi_d2f                   
00004f05  __TI_decompress_lzss          
00004f6d  frexp                         
00004f6d  frexpl                        
00005027  __TI_ltoa                     
000050cd  atoi                          
00005119  __aeabi_d2iz                  
00005161  __TI_auto_init_nobinit_nopinit
000051a5  sprintf                       
000051e5  vsnprintf                     
00005265  calloc                        
0000529d  __aeabi_f2d                   
000052d5  IntRegister                   
00005309  _c_int00_noargs               
0000536d  __aeabi_i2d                   
000053c5  __aeabi_ui2d                  
00005401  memccpy                       
0000541d  copysign                      
0000541d  copysignl                     
00005467  oi_parseInt                   
0000547f  strcmp                        
00005497  strchr                        
000054ad  strcpy                        
000054c1  strlen                        
000054d5  wcslen                        
000054e7  IntMasterEnable               
000054f7  lcd_clear                     
00005507  __TI_decompress_none          
00005515  CPUcpsie                      
00005521  __TI_zero_init                
0000552d  ResetISR                      
00005545  __aeabi_errno_addr            
0000554d  malloc                        
00005555  _system_pre_init              
00005559  C$$EXIT                       
00005559  abort                         
00005560  _ctypes_                      
0000574c  __TI_Handler_Table_Base       
00005758  __TI_Handler_Table_Limit      
00005768  __TI_CINIT_Base               
00005780  __TI_CINIT_Limit              
20000000  __start___llvm_prf_cnts       
20000000  __stop___llvm_prf_cnts        
20000000  g_pfnRAMVectors               
20000270  __stack                       
20000470  __STACK_TOP                   
20001270  __STACK_END                   
20001270  _sys_memory                   
20002270  angles                        
200023d8  iraws                         
20002540  outside                       
2000269c  _timeout_ticks                
200026a0  input                         
200026a4  motor_cal_factor_L            
200026a8  motor_cal_factor_R            
200026c4  leftToffset                   
200026c8  rightToffset                  
200026cc  secScan                       
200026cd  collide                       
200026ce  _running                      
200026d0  START_TIME                    
200026d4  END_TIME                      
200026d8  STATE                         
200026dc  _lock                         
200026e0  _unlock                       
200026ec  intoff                        
200026f0  scaleroff                     
200026f4  command_byte                  
200026f8  command_flag                  
200026fc  errno                         
ffffffff  __TI_pprof_out_hndl           
ffffffff  __TI_prof_data_size           
ffffffff  __TI_prof_data_start          
ffffffff  __binit__                     
ffffffff  __c_args__                    
ffffffff  binit                         
UNDEFED   __mpu_init                    
UNDEFED   _system_post_cinit            

[180 symbols]
