******************************************************************************
                  TI ARM Linker PC v20.2.4                     
******************************************************************************
>> Linked Thu Apr 28 15:52:31 2022

OUTPUT FILE NAME:   <FinalProject.out>
ENTRY POINT SYMBOL: "_c_int00_noargs"  address: 0000730d


MEMORY CONFIGURATION

         name            origin    length      used     unused   attr    fill
----------------------  --------  ---------  --------  --------  ----  --------
  FLASH                 00000000   00040000  0000798f  00038671  R  X
  SRAM                  20000000   00008000  000025fd  00005a03  RW X


SEGMENT ALLOCATION MAP

run origin  load origin   length   init length attrs members
----------  ----------- ---------- ----------- ----- -------
00000000    00000000    00007990   00007990    r-x
  00000000    00000000    0000026c   0000026c    r-- .intvecs
  0000026c    0000026c    000072f4   000072f4    r-x .text
  00007560    00007560    000003d7   000003d7    r-- .const
  00007938    00007938    00000058   00000058    r-- .cinit
20000000    20000000    00002604   00000000    rw-
  20000000    20000000    0000026c   00000000    rw- .vtable
  20000270    20000270    00001000   00000000    rw- .stack
  20001270    20001270    00001000   00000000    rw- .sysmem
  20002270    20002270    00000341   00000000    rw- .bss
  200025b4    200025b4    00000050   00000000    rw- .data


SECTION ALLOCATION MAP

 output                                  attributes/
section   page    origin      length       input sections
--------  ----  ----------  ----------   ----------------
.intvecs   0    00000000    0000026c     
                  00000000    0000026c     tm4c123gh6pm_startup_ccs.obj (.intvecs)

.text      0    0000026c    000072f4     
                  0000026c    00000dfc     Movement.obj (.text)
                  00001068    00000c20     open_interface.obj (.text)
                  00001c88    00000a4e     rtsv7M4_T_le_v4SPD16_eabi.lib : _printfi.c.obj (.text:__TI_printfi)
                  000026d6    00000002                                   : _lock.c.obj (.text:_nop)
                  000026d8    000009c0                                   : e_pow.c.obj (.text:pow)
                  00003098    00000738                                   : k_rem_pio2.c.obj (.text:__kernel_rem_pio2)
                  000037d0    000005dc                                   : s_cos.c.obj (.text:cos)
                  00003dac    000005c4                                   : s_sin.c.obj (.text:sin)
                  00004370    00000328     lcd.obj (.text)
                  00004698    00000320     main.obj (.text)
                  000049b8    000002a4     ping_template.obj (.text)
                  00004c5c    00000270     rtsv7M4_T_le_v4SPD16_eabi.lib : _printfi.c.obj (.text:_pconv_a)
                  00004ecc    00000264     sound.obj (.text)
                  00005130    00000254     cliff.obj (.text)
                  00005384    00000248     Timer.obj (.text)
                  000055cc    000001f4     uart-interrupt.obj (.text)
                  000057c0    000001d0     rtsv7M4_T_le_v4SPD16_eabi.lib : _printfi.c.obj (.text:_pconv_g)
                  00005990    000001b6                                   : fd_add_t2.asm.obj (.text)
                  00005b46    00000002                                   : div0.asm.obj (.text)
                  00005b48    00000174                                   : k_sin.c.obj (.text:__kernel_sin)
                  00005cbc    0000016c                                   : k_cos.c.obj (.text:__kernel_cos)
                  00005e28    00000158                                   : e_sqrt.c.obj (.text:sqrt)
                  00005f80    0000013c                                   : _printfi.c.obj (.text:_pconv_e)
                  000060bc    00000136                                   : fd_div_t2.asm.obj (.text)
                  000061f2    00000002     --HOLE-- [fill = 0]
                  000061f4    0000012c     servo.obj (.text)
                  00006320    00000124     adc.obj (.text)
                  00006444    00000124     rtsv7M4_T_le_v4SPD16_eabi.lib : _printfi.c.obj (.text:fcvt)
                  00006568    00000110                                   : s_scalbn.c.obj (.text:scalbn)
                  00006678    00000100                                   : memory.c.obj (.text:aligned_alloc)
                  00006778    000000fc                                   : fd_mul_t2.asm.obj (.text)
                  00006874    000000f8                                   : s_floor.c.obj (.text:floor)
                  0000696c    000000e4                                   : memory.c.obj (.text:free)
                  00006a50    000000b1                                   : _printfi.c.obj (.text:_ltostr)
                  00006b01    00000001     --HOLE-- [fill = 0]
                  00006b02    0000009c                                   : memcpy_t2.asm.obj (.text)
                  00006b9e    00000096                                   : ull_div_t2.asm.obj (.text)
                  00006c34    00000086                                   : fd_cmp_t2.asm.obj (.text:__aeabi_cdcmple)
                  00006cba    00000086                                   : fd_cmp_t2.asm.obj (.text:__aeabi_cdrcmple)
                  00006d40    0000007a                                   : memset_t2.asm.obj (.text)
                  00006dba    00000002     --HOLE-- [fill = 0]
                  00006dbc    00000070                                   : memory.c.obj (.text:split)
                  00006e2c    0000006e                                   : _printfi.c.obj (.text:_mcpy)
                  00006e9a    0000006e                                   : fd_tos_t2.asm.obj (.text)
                  00006f08    00000068                                   : copy_decompress_lzss.c.obj (.text:decompress:lzss:__TI_decompress_lzss)
                  00006f70    00000064                                   : s_frexp.c.obj (.text:frexp)
                  00006fd4    00000056                                   : _printfi.c.obj (.text:_pconv_f)
                  0000702a    00000054                                   : _ltoa.c.obj (.text:__TI_ltoa)
                  0000707e    00000052                                   : _printfi.c.obj (.text:_ecpy)
                  000070d0    0000004c                                   : atoi.c.obj (.text:atoi)
                  0000711c    00000048                                   : fd_toi_t2.asm.obj (.text)
                  00007164    00000044                                   : autoinit.c.obj (.text:__TI_auto_init_nobinit_nopinit:__TI_auto_init_nobinit_nopinit)
                  000071a8    00000040                                   : sprintf.c.obj (.text:sprintf)
                  000071e8    00000040                                   : vsnprintf.c.obj (.text:vsnprintf)
                  00007228    0000003e                                   : _printfi.c.obj (.text:_fcpy)
                  00007266    00000002     --HOLE-- [fill = 0]
                  00007268    00000038                                   : memory.c.obj (.text:calloc)
                  000072a0    00000038                                   : fs_tod_t2.asm.obj (.text)
                  000072d8    00000034     driverlib.lib : interrupt.obj (.text:IntRegister)
                  0000730c    00000034     rtsv7M4_T_le_v4SPD16_eabi.lib : boot_cortex_m.c.obj (.text:_c_int00_noargs:_c_int00_noargs)
                  00007340    00000030                                   : vsnprintf.c.obj (.text:_outs)
                  00007370    0000002e                                   : i_tofd_t2.asm.obj (.text)
                  0000739e    00000002     --HOLE-- [fill = 0]
                  000073a0    00000028                                   : memory.c.obj (.text:free_list_insert)
                  000073c8    00000020                                   : u_tofd_t2.asm.obj (.text)
                  000073e8    0000001c                                   : memory.c.obj (.text:free_list_remove)
                  00007404    0000001c                                   : memccpy.c.obj (.text:memccpy)
                  00007420    0000001a                                   : s_copysign.c.obj (.text:copysign)
                  0000743a    00000018                                   : vsnprintf.c.obj (.text:_outc)
                  00007452    00000018                                   : sprintf.c.obj (.text:_outs)
                  0000746a    00000018     open_interface.obj (.text:oi_parseInt)
                  00007482    00000018     rtsv7M4_T_le_v4SPD16_eabi.lib : strcmp.c.obj (.text:strcmp)
                  0000749a    00000016                                   : strchr.c.obj (.text:strchr)
                  000074b0    00000014                                   : strcpy.c.obj (.text:strcpy)
                  000074c4    00000014                                   : strlen.c.obj (.text:strlen)
                  000074d8    00000012                                   : wcslen.c.obj (.text:wcslen)
                  000074ea    00000010     driverlib.lib : interrupt.obj (.text:IntMasterEnable)
                  000074fa    00000010     lcd.obj (.text:lcd_clear)
                  0000750a    0000000e     rtsv7M4_T_le_v4SPD16_eabi.lib : copy_decompress_none.c.obj (.text:decompress:none:__TI_decompress_none)
                  00007518    0000000c     driverlib.lib : cpu.obj (.text:CPUcpsie)
                  00007524    0000000c     rtsv7M4_T_le_v4SPD16_eabi.lib : copy_zero_init.c.obj (.text:decompress:ZI:__TI_zero_init)
                  00007530    0000000c     tm4c123gh6pm_startup_ccs.obj (.text)
                  0000753c    0000000a     rtsv7M4_T_le_v4SPD16_eabi.lib : sprintf.c.obj (.text:_outc)
                  00007546    00000002     --HOLE-- [fill = 0]
                  00007548    00000008                                   : errno.c.obj (.text:__aeabi_errno_addr)
                  00007550    00000008                                   : memory.c.obj (.text:malloc)
                  00007558    00000004                                   : pre_init.c.obj (.text:_system_pre_init)
                  0000755c    00000004                                   : exit.c.obj (.text:abort:abort)

.const     0    00007560    000003d7     
                  00007560    00000158     rtsv7M4_T_le_v4SPD16_eabi.lib : k_rem_pio2.c.obj (.const:$O1$$)
                  000076b8    00000101                                   : ctype.c.obj (.const:.string:_ctypes_)
                  000077b9    00000004     lcd.obj (.const:.string:lineAddress$1)
                  000077bd    00000003     --HOLE-- [fill = 0]
                  000077c0    00000030     rtsv7M4_T_le_v4SPD16_eabi.lib : e_pow.c.obj (.const:$O1$$)
                  000077f0    00000027     Movement.obj (.const:.string:$P$T1$2)
                  00007817    00000015     Movement.obj (.const:.string:$P$T0$1)
                  0000782c    00000015     cliff.obj (.const:.string:$P$T2$3)
                  00007841    00000014     cliff.obj (.const:.string:$P$T3$4)
                  00007855    00000014     cliff.obj (.const:.string:$P$T6$7)
                  00007869    00000013     cliff.obj (.const:.string:$P$T7$8)
                  0000787c    00000011     Movement.obj (.const:.string:$P$T2$3)
                  0000788d    00000011     Movement.obj (.const:.string:$P$T9$10)
                  0000789e    00000010     Movement.obj (.const:.string:$P$T3$4)
                  000078ae    0000000f     cliff.obj (.const:.string:$P$T0$1)
                  000078bd    0000000f     open_interface.obj (.const:.string:$P$T0$3)
                  000078cc    0000000e     cliff.obj (.const:.string:$P$T1$2)
                  000078da    0000000e     cliff.obj (.const:.string:$P$T4$5)
                  000078e8    0000000e     Movement.obj (.const:.string:$P$T5$6)
                  000078f6    0000000e     Movement.obj (.const:.string:$P$T7$8)
                  00007904    0000000d     Movement.obj (.const:.string:$P$T4$5)
                  00007911    0000000d     cliff.obj (.const:.string:$P$T5$6)
                  0000791e    0000000d     Movement.obj (.const:.string:$P$T8$9)
                  0000792b    00000008     Movement.obj (.const:.string:$P$T6$7)
                  00007933    00000004     lcd.obj (.const:.string:lineAddresses$2)

.cinit     0    00007938    00000058     
                  00007938    00000023     (.cinit..data.load) [load image, compression = lzss]
                  0000795b    00000001     --HOLE-- [fill = 0]
                  0000795c    0000000c     (__TI_handler_table)
                  00007968    00000008     (.cinit..bss.load) [load image, compression = zero_init]
                  00007970    00000008     (.cinit..vtable.load) [load image, compression = zero_init]
                  00007978    00000018     (__TI_cinit_table)

.init_array 
*          0    00000000    00000000     UNINITIALIZED

.vtable    0    20000000    0000026c     UNINITIALIZED
                  20000000    0000026c     driverlib.lib : interrupt.obj (.vtable)

.stack     0    20000270    00001000     UNINITIALIZED
                  20000270    00000004     rtsv7M4_T_le_v4SPD16_eabi.lib : boot_cortex_m.c.obj (.stack)
                  20000274    00000ffc     --HOLE--

.sysmem    0    20001270    00001000     UNINITIALIZED
                  20001270    00000010     rtsv7M4_T_le_v4SPD16_eabi.lib : memory.c.obj (.sysmem)
                  20001280    00000ff0     --HOLE--

.bss       0    20002270    00000341     UNINITIALIZED
                  20002270    00000168     (.common:angles)
                  200023d8    00000168     (.common:iraws)
                  20002540    00000054     lcd.obj (.bss:lastbuffer$3)
                  20002594    00000018     open_interface.obj (.bss:firmware$2)
                  200025ac    00000004     (.common:_timeout_ticks)
                  200025b0    00000001     (.common:input)

.data      0    200025b4    00000050     UNINITIALIZED
                  200025b4    00000020     open_interface.obj (.data)
                  200025d4    00000009     ping_template.obj (.data)
                  200025dd    00000001     Timer.obj (.data)
                  200025de    00000002     --HOLE--
                  200025e0    00000008     rtsv7M4_T_le_v4SPD16_eabi.lib : _lock.c.obj (.data:$O1$$)
                  200025e8    00000008                                   : memory.c.obj (.data:$O1$$)
                  200025f0    00000008     servo.obj (.data)
                  200025f8    00000008     uart-interrupt.obj (.data)
                  20002600    00000004     rtsv7M4_T_le_v4SPD16_eabi.lib : errno.c.obj (.data)

__llvm_prf_cnts 
*          0    20000000    00000000     UNINITIALIZED

MODULE SUMMARY

       Module                         code    ro data   rw data
       ------                         ----    -------   -------
    .\
       Movement.obj                   3580    172       720    
       open_interface.obj             3128    15        56     
       lcd.obj                        824     8         84     
       main.obj                       800     0         0      
       cliff.obj                      596     136       0      
       ping_template.obj              676     0         9      
       tm4c123gh6pm_startup_ccs.obj   12      620       0      
       sound.obj                      612     0         0      
       Timer.obj                      584     0         5      
       uart-interrupt.obj             500     0         9      
       servo.obj                      300     0         8      
       adc.obj                        292     0         0      
    +--+------------------------------+-------+---------+---------+
       Total:                         11904   951       891    
                                                               
    C:/ti/TivaWare_C_Series-2.1.4.178/driverlib/ccs/Debug/driverlib.lib
       interrupt.obj                  68      0         620    
       cpu.obj                        12      0         0      
    +--+------------------------------+-------+---------+---------+
       Total:                         80      0         620    
                                                               
    C:\ti\ccs1031\ccs\tools\compiler\ti-cgt-arm_20.2.4.LTS\lib\rtsv7M4_T_le_v4SPD16_eabi.lib
       _printfi.c.obj                 4851    0         0      
       e_pow.c.obj                    2496    48        0      
       k_rem_pio2.c.obj               1848    344       0      
       s_cos.c.obj                    1500    0         0      
       s_sin.c.obj                    1476    0         0      
       memory.c.obj                   728     0         8      
       fd_add_t2.asm.obj              438     0         0      
       k_sin.c.obj                    372     0         0      
       k_cos.c.obj                    364     0         0      
       e_sqrt.c.obj                   344     0         0      
       fd_div_t2.asm.obj              310     0         0      
       s_scalbn.c.obj                 272     0         0      
       fd_cmp_t2.asm.obj              268     0         0      
       ctype.c.obj                    0       257       0      
       fd_mul_t2.asm.obj              252     0         0      
       s_floor.c.obj                  248     0         0      
       memcpy_t2.asm.obj              156     0         0      
       ull_div_t2.asm.obj             150     0         0      
       vsnprintf.c.obj                136     0         0      
       memset_t2.asm.obj              122     0         0      
       fd_tos_t2.asm.obj              110     0         0      
       copy_decompress_lzss.c.obj     104     0         0      
       s_frexp.c.obj                  100     0         0      
       sprintf.c.obj                  98      0         0      
       _ltoa.c.obj                    84      0         0      
       atoi.c.obj                     76      0         0      
       fd_toi_t2.asm.obj              72      0         0      
       autoinit.c.obj                 68      0         0      
       fs_tod_t2.asm.obj              56      0         0      
       boot_cortex_m.c.obj            52      0         0      
       i_tofd_t2.asm.obj              46      0         0      
       u_tofd_t2.asm.obj              32      0         0      
       memccpy.c.obj                  28      0         0      
       s_copysign.c.obj               26      0         0      
       strcmp.c.obj                   24      0         0      
       strchr.c.obj                   22      0         0      
       strcpy.c.obj                   20      0         0      
       strlen.c.obj                   20      0         0      
       wcslen.c.obj                   18      0         0      
       copy_decompress_none.c.obj     14      0         0      
       copy_zero_init.c.obj           12      0         0      
       errno.c.obj                    8       0         4      
       _lock.c.obj                    2       0         8      
       exit.c.obj                     4       0         0      
       pre_init.c.obj                 4       0         0      
       div0.asm.obj                   2       0         0      
    +--+------------------------------+-------+---------+---------+
       Total:                         17433   649       20     
                                                               
       Heap:                          0       0         4096   
       Stack:                         0       0         4096   
       Linker Generated:              0       87        0      
    +--+------------------------------+-------+---------+---------+
       Grand Total:                   29417   1687      9723   


LINKER GENERATED COPY TABLES

__TI_cinit_table @ 00007978 records: 3, size/record: 8, table size: 24
	.data: load addr=00007938, load size=00000023 bytes, run addr=200025b4, run size=00000050 bytes, compression=lzss
	.bss: load addr=00007968, load size=00000008 bytes, run addr=20002270, run size=00000341 bytes, compression=zero_init
	.vtable: load addr=00007970, load size=00000008 bytes, run addr=20000000, run size=0000026c bytes, compression=zero_init


LINKER GENERATED HANDLER TABLE

__TI_handler_table @ 0000795c records: 3, size/record: 4, table size: 12
	index: 0, handler: __TI_zero_init
	index: 1, handler: __TI_decompress_lzss
	index: 2, handler: __TI_decompress_none


GLOBAL SYMBOLS: SORTED ALPHABETICALLY BY Name 

address   name                          
-------   ----                          
0000755d  C$$EXIT                       
00007519  CPUcpsie                      
0000028d  CalculateAv                   
00000c55  Collision                     
200025d8  END_TIME                      
000019bf  GPIOF_Handler                 
000074eb  IntMasterEnable               
000072d9  IntRegister                   
00007531  ResetISR                      
200025d4  START_TIME                    
200025dc  STATE                         
00004b11  TIMER3B_Handler               
00005703  UART1_Handler                 
20001270  __STACK_END                   
00001000  __STACK_SIZE                  
20000470  __STACK_TOP                   
00001000  __SYSMEM_SIZE                 
00007978  __TI_CINIT_Base               
00007990  __TI_CINIT_Limit              
0000795c  __TI_Handler_Table_Base       
00007968  __TI_Handler_Table_Limit      
00007165  __TI_auto_init_nobinit_nopinit
00006f09  __TI_decompress_lzss          
0000750b  __TI_decompress_none          
0000702b  __TI_ltoa                     
ffffffff  __TI_pprof_out_hndl           
00001c89  __TI_printfi                  
ffffffff  __TI_prof_data_size           
ffffffff  __TI_prof_data_start          
00000000  __TI_static_base__            
00007525  __TI_zero_init                
00006c35  __aeabi_cdcmpeq               
00006c35  __aeabi_cdcmple               
00006cbb  __aeabi_cdrcmple              
00006e9b  __aeabi_d2f                   
0000711d  __aeabi_d2iz                  
0000599b  __aeabi_dadd                  
000060bd  __aeabi_ddiv                  
00006779  __aeabi_dmul                  
00005991  __aeabi_dsub                  
00007549  __aeabi_errno_addr            
000072a1  __aeabi_f2d                   
00007371  __aeabi_i2d                   
00005b47  __aeabi_idiv0                 
00005b47  __aeabi_ldiv0                 
00006d41  __aeabi_memclr                
00006d41  __aeabi_memclr4               
00006d41  __aeabi_memclr8               
00006b03  __aeabi_memcpy                
00006b03  __aeabi_memcpy4               
00006b03  __aeabi_memcpy8               
00006d43  __aeabi_memset                
00006d43  __aeabi_memset4               
00006d43  __aeabi_memset8               
000073c9  __aeabi_ui2d                  
00006b9f  __aeabi_uldivmod              
ffffffff  __binit__                     
ffffffff  __c_args__                    
00005cbd  __kernel_cos                  
00003099  __kernel_rem_pio2             
00005b49  __kernel_sin                  
UNDEFED   __mpu_init                    
20000270  __stack                       
20000000  __start___llvm_prf_cnts       
20000000  __stop___llvm_prf_cnts        
0000730d  _c_int00_noargs               
000076b8  _ctypes_                      
200025e0  _lock                         
000026d7  _nop                          
200025dd  _running                      
20001270  _sys_memory                   
UNDEFED   _system_post_cinit            
00007559  _system_pre_init              
200025ac  _timeout_ticks                
200025e4  _unlock                       
0000755d  abort                         
00006321  adc_init                      
000063cd  adc_read                      
0000026d  addAv                         
00006679  aligned_alloc                 
20002270  angles                        
000070d1  atoi                          
ffffffff  binit                         
00007269  calloc                        
00005131  cliffDetect                   
200025f8  command_byte                  
200025fc  command_flag                  
00007421  copysign                      
00007421  copysignl                     
000037d1  cos                           
000037d1  cosl                          
20002600  errno                         
00006875  floor                         
00006875  floorl                        
0000696d  free                          
00006f71  frexp                         
00006f71  frexpl                        
20000000  g_pfnRAMVectors               
00000000  g_pfnVectors                  
0000177b  go_charge                     
200025b0  input                         
200025f0  intoff                        
200023d8  iraws                         
000074fb  lcd_clear                     
00004545  lcd_gotoLine                  
000043ad  lcd_init                      
000045ab  lcd_printf                    
0000446d  lcd_putc                      
000044a5  lcd_puts                      
00004371  lcd_reverseNibble             
000044c3  lcd_sendCommand               
00004501  lcd_sendNibble                
0000456d  lcd_setCursorPos              
00006569  ldexp                         
00006569  ldexpl                        
00004f17  loadSoundBump                 
00004ecd  loadSoundCliff                
00004f61  loadSoundFinish               
00004fc3  loadSoundSong                 
00004699  main                          
00007551  malloc                        
00006679  memalign                      
00007405  memccpy                       
00006b03  memcpy                        
00006d49  memset                        
200025b4  motor_cal_factor_L            
200025b8  motor_cal_factor_R            
00000a7d  move_back                     
00000965  move_forward                  
00000d39  move_to                       
00001069  oi_alloc                      
000018a5  oi_checkFirmware              
000010c3  oi_close                      
00001075  oi_free                       
00001be9  oi_getMotorCalibrationLeft    
00001bfd  oi_getMotorCalibrationRight   
000010ad  oi_init                       
00001085  oi_init_noupdate              
00001711  oi_loadSong                   
0000746b  oi_parseInt                   
00001127  oi_parsePacket                
00001767  oi_play_song                  
00001647  oi_setLeds                    
00001bad  oi_setMotorCalibration        
0000168b  oi_setWheels                  
0000194d  oi_shutoff_init               
00001789  oi_uartInit                   
0000182d  oi_uartReceive                
00001873  oi_uartSendBuff               
00001811  oi_uartSendChar               
00001855  oi_uartSendStr                
000010d5  oi_update                     
00004b59  ping_getDistance              
000049b9  ping_init                     
00004a91  ping_trigger                  
0000511d  playSoundBump                 
00005113  playSoundCliff                
00005127  playSoundFinish               
00005109  playSoundSong                 
000026d9  pow                           
000026d9  powl                          
00006569  scalbn                        
00006569  scalbnl                       
200025f4  scaleroff                     
000002b7  scan                          
000061f5  servo_init                    
000062a5  servo_move                    
00003dad  sin                           
00003dad  sinl                          
000071a9  sprintf                       
00005e29  sqrt                          
00005e29  sqrtl                         
0000749b  strchr                        
00007483  strcmp                        
000074b1  strcpy                        
000074c5  strlen                        
00005243  tapeDetect                    
000054a3  timer_getMicros               
0000544b  timer_getMillis               
00005385  timer_init                    
00005427  timer_pause                   
00005439  timer_resume                  
000053fd  timer_stop                    
000054fd  timer_waitMicros              
0000552f  timer_waitMillis              
00000b9f  turn_left                     
00000af9  turn_right                    
000055cd  uart_interrupt_init           
000056a9  uart_receive                  
000056cf  uart_receive_nonblocking      
0000568d  uart_sendChar                 
000056f9  uart_sendStr                  
000071e9  vsnprintf                     
000074d9  wcslen                        


GLOBAL SYMBOLS: SORTED BY Symbol Address 

address   name                          
-------   ----                          
00000000  __TI_static_base__            
00000000  g_pfnVectors                  
0000026d  addAv                         
0000028d  CalculateAv                   
000002b7  scan                          
00000965  move_forward                  
00000a7d  move_back                     
00000af9  turn_right                    
00000b9f  turn_left                     
00000c55  Collision                     
00000d39  move_to                       
00001000  __STACK_SIZE                  
00001000  __SYSMEM_SIZE                 
00001069  oi_alloc                      
00001075  oi_free                       
00001085  oi_init_noupdate              
000010ad  oi_init                       
000010c3  oi_close                      
000010d5  oi_update                     
00001127  oi_parsePacket                
00001647  oi_setLeds                    
0000168b  oi_setWheels                  
00001711  oi_loadSong                   
00001767  oi_play_song                  
0000177b  go_charge                     
00001789  oi_uartInit                   
00001811  oi_uartSendChar               
0000182d  oi_uartReceive                
00001855  oi_uartSendStr                
00001873  oi_uartSendBuff               
000018a5  oi_checkFirmware              
0000194d  oi_shutoff_init               
000019bf  GPIOF_Handler                 
00001bad  oi_setMotorCalibration        
00001be9  oi_getMotorCalibrationLeft    
00001bfd  oi_getMotorCalibrationRight   
00001c89  __TI_printfi                  
000026d7  _nop                          
000026d9  pow                           
000026d9  powl                          
00003099  __kernel_rem_pio2             
000037d1  cos                           
000037d1  cosl                          
00003dad  sin                           
00003dad  sinl                          
00004371  lcd_reverseNibble             
000043ad  lcd_init                      
0000446d  lcd_putc                      
000044a5  lcd_puts                      
000044c3  lcd_sendCommand               
00004501  lcd_sendNibble                
00004545  lcd_gotoLine                  
0000456d  lcd_setCursorPos              
000045ab  lcd_printf                    
00004699  main                          
000049b9  ping_init                     
00004a91  ping_trigger                  
00004b11  TIMER3B_Handler               
00004b59  ping_getDistance              
00004ecd  loadSoundCliff                
00004f17  loadSoundBump                 
00004f61  loadSoundFinish               
00004fc3  loadSoundSong                 
00005109  playSoundSong                 
00005113  playSoundCliff                
0000511d  playSoundBump                 
00005127  playSoundFinish               
00005131  cliffDetect                   
00005243  tapeDetect                    
00005385  timer_init                    
000053fd  timer_stop                    
00005427  timer_pause                   
00005439  timer_resume                  
0000544b  timer_getMillis               
000054a3  timer_getMicros               
000054fd  timer_waitMicros              
0000552f  timer_waitMillis              
000055cd  uart_interrupt_init           
0000568d  uart_sendChar                 
000056a9  uart_receive                  
000056cf  uart_receive_nonblocking      
000056f9  uart_sendStr                  
00005703  UART1_Handler                 
00005991  __aeabi_dsub                  
0000599b  __aeabi_dadd                  
00005b47  __aeabi_idiv0                 
00005b47  __aeabi_ldiv0                 
00005b49  __kernel_sin                  
00005cbd  __kernel_cos                  
00005e29  sqrt                          
00005e29  sqrtl                         
000060bd  __aeabi_ddiv                  
000061f5  servo_init                    
000062a5  servo_move                    
00006321  adc_init                      
000063cd  adc_read                      
00006569  ldexp                         
00006569  ldexpl                        
00006569  scalbn                        
00006569  scalbnl                       
00006679  aligned_alloc                 
00006679  memalign                      
00006779  __aeabi_dmul                  
00006875  floor                         
00006875  floorl                        
0000696d  free                          
00006b03  __aeabi_memcpy                
00006b03  __aeabi_memcpy4               
00006b03  __aeabi_memcpy8               
00006b03  memcpy                        
00006b9f  __aeabi_uldivmod              
00006c35  __aeabi_cdcmpeq               
00006c35  __aeabi_cdcmple               
00006cbb  __aeabi_cdrcmple              
00006d41  __aeabi_memclr                
00006d41  __aeabi_memclr4               
00006d41  __aeabi_memclr8               
00006d43  __aeabi_memset                
00006d43  __aeabi_memset4               
00006d43  __aeabi_memset8               
00006d49  memset                        
00006e9b  __aeabi_d2f                   
00006f09  __TI_decompress_lzss          
00006f71  frexp                         
00006f71  frexpl                        
0000702b  __TI_ltoa                     
000070d1  atoi                          
0000711d  __aeabi_d2iz                  
00007165  __TI_auto_init_nobinit_nopinit
000071a9  sprintf                       
000071e9  vsnprintf                     
00007269  calloc                        
000072a1  __aeabi_f2d                   
000072d9  IntRegister                   
0000730d  _c_int00_noargs               
00007371  __aeabi_i2d                   
000073c9  __aeabi_ui2d                  
00007405  memccpy                       
00007421  copysign                      
00007421  copysignl                     
0000746b  oi_parseInt                   
00007483  strcmp                        
0000749b  strchr                        
000074b1  strcpy                        
000074c5  strlen                        
000074d9  wcslen                        
000074eb  IntMasterEnable               
000074fb  lcd_clear                     
0000750b  __TI_decompress_none          
00007519  CPUcpsie                      
00007525  __TI_zero_init                
00007531  ResetISR                      
00007549  __aeabi_errno_addr            
00007551  malloc                        
00007559  _system_pre_init              
0000755d  C$$EXIT                       
0000755d  abort                         
000076b8  _ctypes_                      
0000795c  __TI_Handler_Table_Base       
00007968  __TI_Handler_Table_Limit      
00007978  __TI_CINIT_Base               
00007990  __TI_CINIT_Limit              
20000000  __start___llvm_prf_cnts       
20000000  __stop___llvm_prf_cnts        
20000000  g_pfnRAMVectors               
20000270  __stack                       
20000470  __STACK_TOP                   
20001270  __STACK_END                   
20001270  _sys_memory                   
20002270  angles                        
200023d8  iraws                         
200025ac  _timeout_ticks                
200025b0  input                         
200025b4  motor_cal_factor_L            
200025b8  motor_cal_factor_R            
200025d4  START_TIME                    
200025d8  END_TIME                      
200025dc  STATE                         
200025dd  _running                      
200025e0  _lock                         
200025e4  _unlock                       
200025f0  intoff                        
200025f4  scaleroff                     
200025f8  command_byte                  
200025fc  command_flag                  
20002600  errno                         
ffffffff  __TI_pprof_out_hndl           
ffffffff  __TI_prof_data_size           
ffffffff  __TI_prof_data_start          
ffffffff  __binit__                     
ffffffff  __c_args__                    
ffffffff  binit                         
UNDEFED   __mpu_init                    
UNDEFED   _system_post_cinit            

[194 symbols]
