<?xml version="1.0" encoding="ISO-8859-1" ?>
<link_info>
   <banner>TI ARM Linker PC v20.2.4.LTS</banner>
   <copyright>Copyright (c) 1996-2018 Texas Instruments Incorporated</copyright>
   <link_time>0x621fd59a</link_time>
   <link_errors>0x0</link_errors>
   <output_file>Lab5.out</output_file>
   <entry_point>
      <name>_c_int00_noargs</name>
      <address>0x29b9</address>
   </entry_point>
   <input_file_list>
      <input_file id="fl-2">
         <path>.\</path>
         <kind>object</kind>
         <file>Timer.obj</file>
         <name>Timer.obj</name>
      </input_file>
      <input_file id="fl-3">
         <path>.\</path>
         <kind>object</kind>
         <file>button.obj</file>
         <name>button.obj</name>
      </input_file>
      <input_file id="fl-4">
         <path>.\</path>
         <kind>object</kind>
         <file>lab5_template.obj</file>
         <name>lab5_template.obj</name>
      </input_file>
      <input_file id="fl-5">
         <path>.\</path>
         <kind>object</kind>
         <file>lcd.obj</file>
         <name>lcd.obj</name>
      </input_file>
      <input_file id="fl-6">
         <path>.\</path>
         <kind>object</kind>
         <file>resetSimulation.obj</file>
         <name>resetSimulation.obj</name>
      </input_file>
      <input_file id="fl-7">
         <path>.\</path>
         <kind>object</kind>
         <file>tm4c123gh6pm_startup_ccs.obj</file>
         <name>tm4c123gh6pm_startup_ccs.obj</name>
      </input_file>
      <input_file id="fl-8">
         <path>.\</path>
         <kind>object</kind>
         <file>uart.obj</file>
         <name>uart.obj</name>
      </input_file>
      <input_file id="fl-e">
         <kind>object</kind>
         <file>&lt;internal&gt;</file>
         <name>&lt;internal&gt;</name>
      </input_file>
      <input_file id="fl-f">
         <path>..\</path>
         <kind>archive</kind>
         <file>libcybotUART.lib</file>
         <name>uart.obj</name>
      </input_file>
      <input_file id="fl-c5">
         <path>C:\ti\ccs1031\ccs\tools\compiler\ti-cgt-arm_20.2.4.LTS\lib\</path>
         <kind>archive</kind>
         <file>rtsv7M4_T_le_v4SPD16_eabi.lib</file>
         <name>vsnprintf.c.obj</name>
      </input_file>
      <input_file id="fl-c6">
         <path>C:\ti\ccs1031\ccs\tools\compiler\ti-cgt-arm_20.2.4.LTS\lib\</path>
         <kind>archive</kind>
         <file>rtsv7M4_T_le_v4SPD16_eabi.lib</file>
         <name>memcpy_t2.asm.obj</name>
      </input_file>
      <input_file id="fl-c7">
         <path>C:\ti\ccs1031\ccs\tools\compiler\ti-cgt-arm_20.2.4.LTS\lib\</path>
         <kind>archive</kind>
         <file>rtsv7M4_T_le_v4SPD16_eabi.lib</file>
         <name>copy_zero_init.c.obj</name>
      </input_file>
      <input_file id="fl-c8">
         <path>C:\ti\ccs1031\ccs\tools\compiler\ti-cgt-arm_20.2.4.LTS\lib\</path>
         <kind>archive</kind>
         <file>rtsv7M4_T_le_v4SPD16_eabi.lib</file>
         <name>copy_decompress_none.c.obj</name>
      </input_file>
      <input_file id="fl-c9">
         <path>C:\ti\ccs1031\ccs\tools\compiler\ti-cgt-arm_20.2.4.LTS\lib\</path>
         <kind>archive</kind>
         <file>rtsv7M4_T_le_v4SPD16_eabi.lib</file>
         <name>copy_decompress_lzss.c.obj</name>
      </input_file>
      <input_file id="fl-ca">
         <path>C:\ti\ccs1031\ccs\tools\compiler\ti-cgt-arm_20.2.4.LTS\lib\</path>
         <kind>archive</kind>
         <file>rtsv7M4_T_le_v4SPD16_eabi.lib</file>
         <name>strcmp.c.obj</name>
      </input_file>
      <input_file id="fl-cb">
         <path>C:\ti\ccs1031\ccs\tools\compiler\ti-cgt-arm_20.2.4.LTS\lib\</path>
         <kind>archive</kind>
         <file>rtsv7M4_T_le_v4SPD16_eabi.lib</file>
         <name>strcpy.c.obj</name>
      </input_file>
      <input_file id="fl-cc">
         <path>C:\ti\ccs1031\ccs\tools\compiler\ti-cgt-arm_20.2.4.LTS\lib\</path>
         <kind>archive</kind>
         <file>rtsv7M4_T_le_v4SPD16_eabi.lib</file>
         <name>boot_cortex_m.c.obj</name>
      </input_file>
      <input_file id="fl-cd">
         <path>C:\ti\ccs1031\ccs\tools\compiler\ti-cgt-arm_20.2.4.LTS\lib\</path>
         <kind>archive</kind>
         <file>rtsv7M4_T_le_v4SPD16_eabi.lib</file>
         <name>_printfi.c.obj</name>
      </input_file>
      <input_file id="fl-ce">
         <path>C:\ti\ccs1031\ccs\tools\compiler\ti-cgt-arm_20.2.4.LTS\lib\</path>
         <kind>archive</kind>
         <file>rtsv7M4_T_le_v4SPD16_eabi.lib</file>
         <name>s_frexp.c.obj</name>
      </input_file>
      <input_file id="fl-cf">
         <path>C:\ti\ccs1031\ccs\tools\compiler\ti-cgt-arm_20.2.4.LTS\lib\</path>
         <kind>archive</kind>
         <file>rtsv7M4_T_le_v4SPD16_eabi.lib</file>
         <name>s_scalbn.c.obj</name>
      </input_file>
      <input_file id="fl-d0">
         <path>C:\ti\ccs1031\ccs\tools\compiler\ti-cgt-arm_20.2.4.LTS\lib\</path>
         <kind>archive</kind>
         <file>rtsv7M4_T_le_v4SPD16_eabi.lib</file>
         <name>s_copysign.c.obj</name>
      </input_file>
      <input_file id="fl-d1">
         <path>C:\ti\ccs1031\ccs\tools\compiler\ti-cgt-arm_20.2.4.LTS\lib\</path>
         <kind>archive</kind>
         <file>rtsv7M4_T_le_v4SPD16_eabi.lib</file>
         <name>ull_div_t2.asm.obj</name>
      </input_file>
      <input_file id="fl-d2">
         <path>C:\ti\ccs1031\ccs\tools\compiler\ti-cgt-arm_20.2.4.LTS\lib\</path>
         <kind>archive</kind>
         <file>rtsv7M4_T_le_v4SPD16_eabi.lib</file>
         <name>memset_t2.asm.obj</name>
      </input_file>
      <input_file id="fl-d3">
         <path>C:\ti\ccs1031\ccs\tools\compiler\ti-cgt-arm_20.2.4.LTS\lib\</path>
         <kind>archive</kind>
         <file>rtsv7M4_T_le_v4SPD16_eabi.lib</file>
         <name>fd_add_t2.asm.obj</name>
      </input_file>
      <input_file id="fl-d4">
         <path>C:\ti\ccs1031\ccs\tools\compiler\ti-cgt-arm_20.2.4.LTS\lib\</path>
         <kind>archive</kind>
         <file>rtsv7M4_T_le_v4SPD16_eabi.lib</file>
         <name>fd_cmp_t2.asm.obj</name>
      </input_file>
      <input_file id="fl-d5">
         <path>C:\ti\ccs1031\ccs\tools\compiler\ti-cgt-arm_20.2.4.LTS\lib\</path>
         <kind>archive</kind>
         <file>rtsv7M4_T_le_v4SPD16_eabi.lib</file>
         <name>fd_div_t2.asm.obj</name>
      </input_file>
      <input_file id="fl-d6">
         <path>C:\ti\ccs1031\ccs\tools\compiler\ti-cgt-arm_20.2.4.LTS\lib\</path>
         <kind>archive</kind>
         <file>rtsv7M4_T_le_v4SPD16_eabi.lib</file>
         <name>fd_mul_t2.asm.obj</name>
      </input_file>
      <input_file id="fl-d7">
         <path>C:\ti\ccs1031\ccs\tools\compiler\ti-cgt-arm_20.2.4.LTS\lib\</path>
         <kind>archive</kind>
         <file>rtsv7M4_T_le_v4SPD16_eabi.lib</file>
         <name>fd_toi_t2.asm.obj</name>
      </input_file>
      <input_file id="fl-d8">
         <path>C:\ti\ccs1031\ccs\tools\compiler\ti-cgt-arm_20.2.4.LTS\lib\</path>
         <kind>archive</kind>
         <file>rtsv7M4_T_le_v4SPD16_eabi.lib</file>
         <name>i_tofd_t2.asm.obj</name>
      </input_file>
      <input_file id="fl-d9">
         <path>C:\ti\ccs1031\ccs\tools\compiler\ti-cgt-arm_20.2.4.LTS\lib\</path>
         <kind>archive</kind>
         <file>rtsv7M4_T_le_v4SPD16_eabi.lib</file>
         <name>autoinit.c.obj</name>
      </input_file>
      <input_file id="fl-da">
         <path>C:\ti\ccs1031\ccs\tools\compiler\ti-cgt-arm_20.2.4.LTS\lib\</path>
         <kind>archive</kind>
         <file>rtsv7M4_T_le_v4SPD16_eabi.lib</file>
         <name>pre_init.c.obj</name>
      </input_file>
      <input_file id="fl-db">
         <path>C:\ti\ccs1031\ccs\tools\compiler\ti-cgt-arm_20.2.4.LTS\lib\</path>
         <kind>archive</kind>
         <file>rtsv7M4_T_le_v4SPD16_eabi.lib</file>
         <name>cpy_tbl.c.obj</name>
      </input_file>
      <input_file id="fl-dc">
         <path>C:\ti\ccs1031\ccs\tools\compiler\ti-cgt-arm_20.2.4.LTS\lib\</path>
         <kind>archive</kind>
         <file>rtsv7M4_T_le_v4SPD16_eabi.lib</file>
         <name>exit.c.obj</name>
      </input_file>
      <input_file id="fl-dd">
         <path>C:\ti\ccs1031\ccs\tools\compiler\ti-cgt-arm_20.2.4.LTS\lib\</path>
         <kind>archive</kind>
         <file>rtsv7M4_T_le_v4SPD16_eabi.lib</file>
         <name>_lock.c.obj</name>
      </input_file>
      <input_file id="fl-de">
         <path>C:\ti\ccs1031\ccs\tools\compiler\ti-cgt-arm_20.2.4.LTS\lib\</path>
         <kind>archive</kind>
         <file>rtsv7M4_T_le_v4SPD16_eabi.lib</file>
         <name>_ltoa.c.obj</name>
      </input_file>
      <input_file id="fl-df">
         <path>C:\ti\ccs1031\ccs\tools\compiler\ti-cgt-arm_20.2.4.LTS\lib\</path>
         <kind>archive</kind>
         <file>rtsv7M4_T_le_v4SPD16_eabi.lib</file>
         <name>args_main.c.obj</name>
      </input_file>
      <input_file id="fl-e0">
         <path>C:\ti\ccs1031\ccs\tools\compiler\ti-cgt-arm_20.2.4.LTS\lib\</path>
         <kind>archive</kind>
         <file>rtsv7M4_T_le_v4SPD16_eabi.lib</file>
         <name>atoi.c.obj</name>
      </input_file>
      <input_file id="fl-e1">
         <path>C:\ti\ccs1031\ccs\tools\compiler\ti-cgt-arm_20.2.4.LTS\lib\</path>
         <kind>archive</kind>
         <file>rtsv7M4_T_le_v4SPD16_eabi.lib</file>
         <name>ctype.c.obj</name>
      </input_file>
      <input_file id="fl-e2">
         <path>C:\ti\ccs1031\ccs\tools\compiler\ti-cgt-arm_20.2.4.LTS\lib\</path>
         <kind>archive</kind>
         <file>rtsv7M4_T_le_v4SPD16_eabi.lib</file>
         <name>memccpy.c.obj</name>
      </input_file>
      <input_file id="fl-e3">
         <path>C:\ti\ccs1031\ccs\tools\compiler\ti-cgt-arm_20.2.4.LTS\lib\</path>
         <kind>archive</kind>
         <file>rtsv7M4_T_le_v4SPD16_eabi.lib</file>
         <name>strchr.c.obj</name>
      </input_file>
      <input_file id="fl-e4">
         <path>C:\ti\ccs1031\ccs\tools\compiler\ti-cgt-arm_20.2.4.LTS\lib\</path>
         <kind>archive</kind>
         <file>rtsv7M4_T_le_v4SPD16_eabi.lib</file>
         <name>strlen.c.obj</name>
      </input_file>
      <input_file id="fl-e5">
         <path>C:\ti\ccs1031\ccs\tools\compiler\ti-cgt-arm_20.2.4.LTS\lib\</path>
         <kind>archive</kind>
         <file>rtsv7M4_T_le_v4SPD16_eabi.lib</file>
         <name>errno.c.obj</name>
      </input_file>
      <input_file id="fl-e6">
         <path>C:\ti\ccs1031\ccs\tools\compiler\ti-cgt-arm_20.2.4.LTS\lib\</path>
         <kind>archive</kind>
         <file>rtsv7M4_T_le_v4SPD16_eabi.lib</file>
         <name>wcslen.c.obj</name>
      </input_file>
      <input_file id="fl-e7">
         <path>C:\ti\ccs1031\ccs\tools\compiler\ti-cgt-arm_20.2.4.LTS\lib\</path>
         <kind>archive</kind>
         <file>rtsv7M4_T_le_v4SPD16_eabi.lib</file>
         <name>div0.asm.obj</name>
      </input_file>
      <input_file id="fl-e8">
         <path>C:\ti\TivaWare_C_Series-2.1.4.178\driverlib\ccs\Debug\</path>
         <kind>archive</kind>
         <file>driverlib.lib</file>
         <name>interrupt.obj</name>
      </input_file>
      <input_file id="fl-e9">
         <path>C:\ti\TivaWare_C_Series-2.1.4.178\driverlib\ccs\Debug\</path>
         <kind>archive</kind>
         <file>driverlib.lib</file>
         <name>cpu.obj</name>
      </input_file>
   </input_file_list>
   <object_component_list>
      <object_component id="oc-12">
         <name>.intvecs</name>
         <load_address>0x0</load_address>
         <run_address>0x0</run_address>
         <size>0x26c</size>
         <input_file_ref idref="fl-7"/>
      </object_component>
      <object_component id="oc-18c">
         <name>.text:__TI_printfi</name>
         <load_address>0x26c</load_address>
         <run_address>0x26c</run_address>
         <size>0xa4e</size>
         <input_file_ref idref="fl-cd"/>
      </object_component>
      <object_component id="oc-2d9">
         <name>.text</name>
         <load_address>0xcba</load_address>
         <run_address>0xcba</run_address>
         <size>0x2</size>
         <input_file_ref idref="fl-e7"/>
      </object_component>
      <object_component id="oc-d0">
         <name>.text</name>
         <load_address>0xcbc</load_address>
         <run_address>0xcbc</run_address>
         <size>0x328</size>
         <input_file_ref idref="fl-5"/>
      </object_component>
      <object_component id="oc-d6">
         <name>.text</name>
         <load_address>0xfe4</load_address>
         <run_address>0xfe4</run_address>
         <size>0x2a8</size>
         <input_file_ref idref="fl-f"/>
      </object_component>
      <object_component id="oc-218">
         <name>.text:_pconv_a</name>
         <load_address>0x128c</load_address>
         <run_address>0x128c</run_address>
         <size>0x270</size>
         <input_file_ref idref="fl-cd"/>
      </object_component>
      <object_component id="oc-ca">
         <name>.text</name>
         <load_address>0x14fc</load_address>
         <run_address>0x14fc</run_address>
         <size>0x248</size>
         <input_file_ref idref="fl-2"/>
      </object_component>
      <object_component id="oc-206">
         <name>.text:_pconv_g</name>
         <load_address>0x1744</load_address>
         <run_address>0x1744</run_address>
         <size>0x1d0</size>
         <input_file_ref idref="fl-cd"/>
      </object_component>
      <object_component id="oc-285">
         <name>.text</name>
         <load_address>0x1914</load_address>
         <run_address>0x1914</run_address>
         <size>0x1b6</size>
         <input_file_ref idref="fl-d3"/>
      </object_component>
      <object_component id="oc-212">
         <name>.text:_pconv_e</name>
         <load_address>0x1acc</load_address>
         <run_address>0x1acc</run_address>
         <size>0x13c</size>
         <input_file_ref idref="fl-cd"/>
      </object_component>
      <object_component id="oc-26b">
         <name>.text</name>
         <load_address>0x1c08</load_address>
         <run_address>0x1c08</run_address>
         <size>0x136</size>
         <input_file_ref idref="fl-d5"/>
      </object_component>
      <object_component id="oc-dc">
         <name>.text</name>
         <load_address>0x1d40</load_address>
         <run_address>0x1d40</run_address>
         <size>0x130</size>
         <input_file_ref idref="fl-8"/>
      </object_component>
      <object_component id="oc-297">
         <name>.text:fcvt</name>
         <load_address>0x1e70</load_address>
         <run_address>0x1e70</run_address>
         <size>0x124</size>
         <input_file_ref idref="fl-cd"/>
      </object_component>
      <object_component id="oc-2ab">
         <name>.text:scalbn</name>
         <load_address>0x1f94</load_address>
         <run_address>0x1f94</run_address>
         <size>0x110</size>
         <input_file_ref idref="fl-cf"/>
      </object_component>
      <object_component id="oc-266">
         <name>.text</name>
         <load_address>0x20a4</load_address>
         <run_address>0x20a4</run_address>
         <size>0xfc</size>
         <input_file_ref idref="fl-d6"/>
      </object_component>
      <object_component id="oc-1fb">
         <name>.text:_ltostr</name>
         <load_address>0x21a0</load_address>
         <run_address>0x21a0</run_address>
         <size>0xb1</size>
         <input_file_ref idref="fl-cd"/>
      </object_component>
      <object_component id="oc-3b">
         <name>.text</name>
         <load_address>0x2252</load_address>
         <run_address>0x2252</run_address>
         <size>0x9c</size>
         <input_file_ref idref="fl-c6"/>
      </object_component>
      <object_component id="oc-25f">
         <name>.text</name>
         <load_address>0x22ee</load_address>
         <run_address>0x22ee</run_address>
         <size>0x96</size>
         <input_file_ref idref="fl-d1"/>
      </object_component>
      <object_component id="oc-c4">
         <name>.text</name>
         <load_address>0x2384</load_address>
         <run_address>0x2384</run_address>
         <size>0x8c</size>
         <input_file_ref idref="fl-3"/>
      </object_component>
      <object_component id="oc-201">
         <name>.text:__aeabi_cdcmple</name>
         <load_address>0x2410</load_address>
         <run_address>0x2410</run_address>
         <size>0x86</size>
         <input_file_ref idref="fl-d4"/>
      </object_component>
      <object_component id="oc-270">
         <name>.text:__aeabi_cdrcmple</name>
         <load_address>0x2496</load_address>
         <run_address>0x2496</run_address>
         <size>0x86</size>
         <input_file_ref idref="fl-d4"/>
      </object_component>
      <object_component id="oc-8f">
         <name>.text</name>
         <load_address>0x251c</load_address>
         <run_address>0x251c</run_address>
         <size>0x7a</size>
         <input_file_ref idref="fl-d2"/>
      </object_component>
      <object_component id="oc-290">
         <name>.text:_mcpy</name>
         <load_address>0x2596</load_address>
         <run_address>0x2596</run_address>
         <size>0x6e</size>
         <input_file_ref idref="fl-cd"/>
      </object_component>
      <object_component id="oc-15">
         <name>.text:decompress:lzss:__TI_decompress_lzss</name>
         <load_address>0x2604</load_address>
         <run_address>0x2604</run_address>
         <size>0x68</size>
         <input_file_ref idref="fl-c9"/>
      </object_component>
      <object_component id="oc-2a5">
         <name>.text:frexp</name>
         <load_address>0x266c</load_address>
         <run_address>0x266c</run_address>
         <size>0x64</size>
         <input_file_ref idref="fl-ce"/>
      </object_component>
      <object_component id="oc-9b">
         <name>.text</name>
         <load_address>0x26d0</load_address>
         <run_address>0x26d0</run_address>
         <size>0x60</size>
         <input_file_ref idref="fl-4"/>
      </object_component>
      <object_component id="oc-20c">
         <name>.text:_pconv_f</name>
         <load_address>0x2730</load_address>
         <run_address>0x2730</run_address>
         <size>0x56</size>
         <input_file_ref idref="fl-cd"/>
      </object_component>
      <object_component id="oc-27a">
         <name>.text:__TI_ltoa</name>
         <load_address>0x2786</load_address>
         <run_address>0x2786</run_address>
         <size>0x54</size>
         <input_file_ref idref="fl-de"/>
      </object_component>
      <object_component id="oc-28a">
         <name>.text:_ecpy</name>
         <load_address>0x27da</load_address>
         <run_address>0x27da</run_address>
         <size>0x52</size>
         <input_file_ref idref="fl-cd"/>
      </object_component>
      <object_component id="oc-1f5">
         <name>.text:atoi</name>
         <load_address>0x282c</load_address>
         <run_address>0x282c</run_address>
         <size>0x4c</size>
         <input_file_ref idref="fl-e0"/>
      </object_component>
      <object_component id="oc-275">
         <name>.text</name>
         <load_address>0x2878</load_address>
         <run_address>0x2878</run_address>
         <size>0x48</size>
         <input_file_ref idref="fl-d7"/>
      </object_component>
      <object_component id="oc-f1">
         <name>.text:__TI_auto_init_nobinit_nopinit:__TI_auto_init_nobinit_nopinit</name>
         <load_address>0x28c0</load_address>
         <run_address>0x28c0</run_address>
         <size>0x44</size>
         <input_file_ref idref="fl-d9"/>
      </object_component>
      <object_component id="oc-139">
         <name>.text:vsnprintf</name>
         <load_address>0x2904</load_address>
         <run_address>0x2904</run_address>
         <size>0x40</size>
         <input_file_ref idref="fl-c5"/>
      </object_component>
      <object_component id="oc-29d">
         <name>.text:_fcpy</name>
         <load_address>0x2944</load_address>
         <run_address>0x2944</run_address>
         <size>0x3e</size>
         <input_file_ref idref="fl-cd"/>
      </object_component>
      <object_component id="oc-127">
         <name>.text:IntRegister</name>
         <load_address>0x2984</load_address>
         <run_address>0x2984</run_address>
         <size>0x34</size>
         <input_file_ref idref="fl-e8"/>
      </object_component>
      <object_component id="oc-59">
         <name>.text:_c_int00_noargs:_c_int00_noargs</name>
         <load_address>0x29b8</load_address>
         <run_address>0x29b8</run_address>
         <size>0x34</size>
         <input_file_ref idref="fl-cc"/>
      </object_component>
      <object_component id="oc-192">
         <name>.text:_outs</name>
         <load_address>0x29ec</load_address>
         <run_address>0x29ec</run_address>
         <size>0x30</size>
         <input_file_ref idref="fl-c5"/>
      </object_component>
      <object_component id="oc-280">
         <name>.text</name>
         <load_address>0x2a1c</load_address>
         <run_address>0x2a1c</run_address>
         <size>0x2e</size>
         <input_file_ref idref="fl-d8"/>
      </object_component>
      <object_component id="oc-47">
         <name>.text:decompress:ZI:__TI_zero_init_nomemset:__TI_zero_init_nomemset</name>
         <load_address>0x2a4a</load_address>
         <run_address>0x2a4a</run_address>
         <size>0x1c</size>
         <input_file_ref idref="fl-c7"/>
      </object_component>
      <object_component id="oc-21e">
         <name>.text:memccpy</name>
         <load_address>0x2a66</load_address>
         <run_address>0x2a66</run_address>
         <size>0x1c</size>
         <input_file_ref idref="fl-e2"/>
      </object_component>
      <object_component id="oc-2f2">
         <name>.text:copysign</name>
         <load_address>0x2a82</load_address>
         <run_address>0x2a82</run_address>
         <size>0x1a</size>
         <input_file_ref idref="fl-d0"/>
      </object_component>
      <object_component id="oc-198">
         <name>.text:_outc</name>
         <load_address>0x2a9c</load_address>
         <run_address>0x2a9c</run_address>
         <size>0x18</size>
         <input_file_ref idref="fl-c5"/>
      </object_component>
      <object_component id="oc-13f">
         <name>.text:strcmp</name>
         <load_address>0x2ab4</load_address>
         <run_address>0x2ab4</run_address>
         <size>0x18</size>
         <input_file_ref idref="fl-ca"/>
      </object_component>
      <object_component id="oc-2b1">
         <name>.text:strchr</name>
         <load_address>0x2acc</load_address>
         <run_address>0x2acc</run_address>
         <size>0x16</size>
         <input_file_ref idref="fl-e3"/>
      </object_component>
      <object_component id="oc-145">
         <name>.text:strcpy</name>
         <load_address>0x2ae2</load_address>
         <run_address>0x2ae2</run_address>
         <size>0x14</size>
         <input_file_ref idref="fl-cb"/>
      </object_component>
      <object_component id="oc-1ef">
         <name>.text:strlen</name>
         <load_address>0x2af6</load_address>
         <run_address>0x2af6</run_address>
         <size>0x14</size>
         <input_file_ref idref="fl-e4"/>
      </object_component>
      <object_component id="oc-224">
         <name>.text:wcslen</name>
         <load_address>0x2b0a</load_address>
         <run_address>0x2b0a</run_address>
         <size>0x12</size>
         <input_file_ref idref="fl-e6"/>
      </object_component>
      <object_component id="oc-132">
         <name>.text:lcd_clear</name>
         <load_address>0x2b1c</load_address>
         <run_address>0x2b1c</run_address>
         <size>0x10</size>
         <input_file_ref idref="fl-5"/>
      </object_component>
      <object_component id="oc-1b">
         <name>.text:decompress:none:__TI_decompress_none</name>
         <load_address>0x2b2c</load_address>
         <run_address>0x2b2c</run_address>
         <size>0xe</size>
         <input_file_ref idref="fl-c8"/>
      </object_component>
      <object_component id="oc-27">
         <name>.text</name>
         <load_address>0x2b3a</load_address>
         <run_address>0x2b3a</run_address>
         <size>0xc</size>
         <input_file_ref idref="fl-7"/>
      </object_component>
      <object_component id="oc-22a">
         <name>.text:__aeabi_errno_addr</name>
         <load_address>0x2b48</load_address>
         <run_address>0x2b48</run_address>
         <size>0x8</size>
         <input_file_ref idref="fl-e5"/>
      </object_component>
      <object_component id="oc-95">
         <name>.text:_system_pre_init</name>
         <load_address>0x2b50</load_address>
         <run_address>0x2b50</run_address>
         <size>0x4</size>
         <input_file_ref idref="fl-da"/>
      </object_component>
      <object_component id="oc-e5">
         <name>.text:abort:abort</name>
         <load_address>0x2b54</load_address>
         <run_address>0x2b54</run_address>
         <size>0x4</size>
         <input_file_ref idref="fl-dc"/>
      </object_component>
      <object_component id="oc-25a">
         <name>.const:.string:_ctypes_</name>
         <load_address>0x2b58</load_address>
         <run_address>0x2b58</run_address>
         <size>0x101</size>
         <input_file_ref idref="fl-e1"/>
      </object_component>
      <object_component id="oc-14b">
         <name>.const:.string:lineAddress$1</name>
         <load_address>0x2c59</load_address>
         <run_address>0x2c59</run_address>
         <size>0x4</size>
         <input_file_ref idref="fl-5"/>
      </object_component>
      <object_component id="oc-14c">
         <name>.const:.string:lineAddresses$2</name>
         <load_address>0x2c5d</load_address>
         <run_address>0x2c5d</run_address>
         <size>0x4</size>
         <input_file_ref idref="fl-5"/>
      </object_component>
      <object_component id="oc-348">
         <name>__TI_handler_table</name>
         <load_address>0x2c68</load_address>
         <run_address>0x2c68</run_address>
         <size>0xc</size>
      </object_component>
      <object_component id="oc-34c">
         <name>.cinit..bss.load</name>
         <load_address>0x2c78</load_address>
         <run_address>0x2c78</run_address>
         <size>0x8</size>
      </object_component>
      <object_component id="oc-34a">
         <name>.cinit..vtable.load</name>
         <load_address>0x2c80</load_address>
         <run_address>0x2c80</run_address>
         <size>0x8</size>
      </object_component>
      <object_component id="oc-34b">
         <name>.cinit..data.load</name>
         <load_address>0x2c88</load_address>
         <run_address>0x2c88</run_address>
         <size>0x7</size>
      </object_component>
      <object_component id="oc-349">
         <name>__TI_cinit_table</name>
         <load_address>0x2c90</load_address>
         <run_address>0x2c90</run_address>
         <size>0x18</size>
      </object_component>
      <object_component id="oc-180">
         <name>.vtable</name>
         <uninitialized>true</uninitialized>
         <run_address>0x20000000</run_address>
         <size>0x26c</size>
         <input_file_ref idref="fl-e8"/>
      </object_component>
      <object_component id="oc-12d">
         <name>.data</name>
         <load_address>0x20001304</load_address>
         <run_address>0x20001304</run_address>
         <size>0x1</size>
         <input_file_ref idref="fl-2"/>
      </object_component>
      <object_component id="oc-125">
         <name>.data</name>
         <load_address>0x20001305</load_address>
         <run_address>0x20001305</run_address>
         <size>0x1</size>
         <input_file_ref idref="fl-3"/>
      </object_component>
      <object_component id="oc-158">
         <name>.data</name>
         <load_address>0x200012fc</load_address>
         <run_address>0x200012fc</run_address>
         <size>0x4</size>
         <input_file_ref idref="fl-f"/>
      </object_component>
      <object_component id="oc-2c1">
         <name>.data</name>
         <load_address>0x20001300</load_address>
         <run_address>0x20001300</run_address>
         <size>0x4</size>
         <input_file_ref idref="fl-e5"/>
      </object_component>
      <object_component id="oc-14d">
         <name>.bss:lastbuffer$3</name>
         <uninitialized>true</uninitialized>
         <run_address>0x20001270</run_address>
         <size>0x54</size>
         <input_file_ref idref="fl-5"/>
      </object_component>
      <object_component id="oc-130">
         <name>.common:_timeout_ticks</name>
         <uninitialized>true</uninitialized>
         <run_address>0x200012f8</run_address>
         <size>0x4</size>
      </object_component>
      <object_component id="oc-155">
         <name>.common:isr_char_buffer</name>
         <uninitialized>true</uninitialized>
         <run_address>0x200012c4</run_address>
         <size>0x34</size>
      </object_component>
      <object_component id="oc-24">
         <name>.stack</name>
         <uninitialized>true</uninitialized>
         <run_address>0x20000270</run_address>
         <size>0x4</size>
         <input_file_ref idref="fl-cc"/>
      </object_component>
      <object_component id="oc-34e">
         <name>.stack</name>
         <uninitialized>true</uninitialized>
         <run_address>0x20000270</run_address>
         <size>0x0</size>
      </object_component>
      <object_component id="oc-b2">
         <name>.debug_info</name>
         <load_address>0x0</load_address>
         <run_address>0x0</run_address>
         <size>0x2b1</size>
         <input_file_ref idref="fl-2"/>
      </object_component>
      <object_component id="oc-12e">
         <name>.debug_info</name>
         <load_address>0x2b1</load_address>
         <run_address>0x2b1</run_address>
         <size>0xbf</size>
         <input_file_ref idref="fl-2"/>
      </object_component>
      <object_component id="oc-cb">
         <name>.debug_info</name>
         <load_address>0x370</load_address>
         <run_address>0x370</run_address>
         <size>0x507</size>
         <input_file_ref idref="fl-2"/>
      </object_component>
      <object_component id="oc-70">
         <name>.debug_info</name>
         <load_address>0x877</load_address>
         <run_address>0x877</run_address>
         <size>0x26b</size>
         <input_file_ref idref="fl-2"/>
      </object_component>
      <object_component id="oc-36">
         <name>.debug_info</name>
         <load_address>0xae2</load_address>
         <run_address>0xae2</run_address>
         <size>0x84</size>
         <input_file_ref idref="fl-2"/>
      </object_component>
      <object_component id="oc-ad">
         <name>.debug_info</name>
         <load_address>0xb66</load_address>
         <run_address>0xb66</run_address>
         <size>0x2a4</size>
         <input_file_ref idref="fl-2"/>
      </object_component>
      <object_component id="oc-75">
         <name>.debug_info</name>
         <load_address>0xe0a</load_address>
         <run_address>0xe0a</run_address>
         <size>0xbb</size>
         <input_file_ref idref="fl-2"/>
      </object_component>
      <object_component id="oc-c5">
         <name>.debug_info</name>
         <load_address>0xec5</load_address>
         <run_address>0xec5</run_address>
         <size>0x196</size>
         <input_file_ref idref="fl-3"/>
      </object_component>
      <object_component id="oc-e3">
         <name>.debug_info</name>
         <load_address>0x105b</load_address>
         <run_address>0x105b</run_address>
         <size>0x3fe</size>
         <input_file_ref idref="fl-4"/>
      </object_component>
      <object_component id="oc-9c">
         <name>.debug_info</name>
         <load_address>0x1459</load_address>
         <run_address>0x1459</run_address>
         <size>0x1ae</size>
         <input_file_ref idref="fl-4"/>
      </object_component>
      <object_component id="oc-1b0">
         <name>.debug_info</name>
         <load_address>0x1607</load_address>
         <run_address>0x1607</run_address>
         <size>0xcc</size>
         <input_file_ref idref="fl-4"/>
      </object_component>
      <object_component id="oc-150">
         <name>.debug_info</name>
         <load_address>0x16d3</load_address>
         <run_address>0x16d3</run_address>
         <size>0x2c</size>
         <input_file_ref idref="fl-4"/>
      </object_component>
      <object_component id="oc-14f">
         <name>.debug_info</name>
         <load_address>0x16ff</load_address>
         <run_address>0x16ff</run_address>
         <size>0x379</size>
         <input_file_ref idref="fl-5"/>
      </object_component>
      <object_component id="oc-134">
         <name>.debug_info</name>
         <load_address>0x1a78</load_address>
         <run_address>0x1a78</run_address>
         <size>0x114</size>
         <input_file_ref idref="fl-5"/>
      </object_component>
      <object_component id="oc-d3">
         <name>.debug_info</name>
         <load_address>0x1b8c</load_address>
         <run_address>0x1b8c</run_address>
         <size>0x8a0</size>
         <input_file_ref idref="fl-5"/>
      </object_component>
      <object_component id="oc-2f">
         <name>.debug_info</name>
         <load_address>0x242c</load_address>
         <run_address>0x242c</run_address>
         <size>0x29b</size>
         <input_file_ref idref="fl-7"/>
      </object_component>
      <object_component id="oc-13">
         <name>.debug_info</name>
         <load_address>0x26c7</load_address>
         <run_address>0x26c7</run_address>
         <size>0xda</size>
         <input_file_ref idref="fl-7"/>
      </object_component>
      <object_component id="oc-28">
         <name>.debug_info</name>
         <load_address>0x27a1</load_address>
         <run_address>0x27a1</run_address>
         <size>0x256</size>
         <input_file_ref idref="fl-7"/>
      </object_component>
      <object_component id="oc-15d">
         <name>.debug_info</name>
         <load_address>0x29f7</load_address>
         <run_address>0x29f7</run_address>
         <size>0x254</size>
         <input_file_ref idref="fl-8"/>
      </object_component>
      <object_component id="oc-e0">
         <name>.debug_info</name>
         <load_address>0x2c4b</load_address>
         <run_address>0x2c4b</run_address>
         <size>0x25f</size>
         <input_file_ref idref="fl-8"/>
      </object_component>
      <object_component id="oc-156">
         <name>.debug_info</name>
         <load_address>0x2eaa</load_address>
         <run_address>0x2eaa</run_address>
         <size>0x32b</size>
         <input_file_ref idref="fl-f"/>
      </object_component>
      <object_component id="oc-159">
         <name>.debug_info</name>
         <load_address>0x31d5</load_address>
         <run_address>0x31d5</run_address>
         <size>0xee</size>
         <input_file_ref idref="fl-f"/>
      </object_component>
      <object_component id="oc-d8">
         <name>.debug_info</name>
         <load_address>0x32c3</load_address>
         <run_address>0x32c3</run_address>
         <size>0x608</size>
         <input_file_ref idref="fl-f"/>
      </object_component>
      <object_component id="oc-1bc">
         <name>.debug_info</name>
         <load_address>0x38cb</load_address>
         <run_address>0x38cb</run_address>
         <size>0x26b</size>
         <input_file_ref idref="fl-f"/>
      </object_component>
      <object_component id="oc-244">
         <name>.debug_info</name>
         <load_address>0x3b36</load_address>
         <run_address>0x3b36</run_address>
         <size>0x297</size>
         <input_file_ref idref="fl-f"/>
      </object_component>
      <object_component id="oc-1b7">
         <name>.debug_info</name>
         <load_address>0x3dcd</load_address>
         <run_address>0x3dcd</run_address>
         <size>0xbb</size>
         <input_file_ref idref="fl-f"/>
      </object_component>
      <object_component id="oc-19f">
         <name>.debug_info</name>
         <load_address>0x3e88</load_address>
         <run_address>0x3e88</run_address>
         <size>0x340</size>
         <input_file_ref idref="fl-c5"/>
      </object_component>
      <object_component id="oc-13b">
         <name>.debug_info</name>
         <load_address>0x41c8</load_address>
         <run_address>0x41c8</run_address>
         <size>0x208</size>
         <input_file_ref idref="fl-c5"/>
      </object_component>
      <object_component id="oc-193">
         <name>.debug_info</name>
         <load_address>0x43d0</load_address>
         <run_address>0x43d0</run_address>
         <size>0x1c6</size>
         <input_file_ref idref="fl-c5"/>
      </object_component>
      <object_component id="oc-19a">
         <name>.debug_info</name>
         <load_address>0x4596</load_address>
         <run_address>0x4596</run_address>
         <size>0x179</size>
         <input_file_ref idref="fl-c5"/>
      </object_component>
      <object_component id="oc-1a0">
         <name>.debug_info</name>
         <load_address>0x470f</load_address>
         <run_address>0x470f</run_address>
         <size>0x2c</size>
         <input_file_ref idref="fl-c5"/>
      </object_component>
      <object_component id="oc-1a5">
         <name>.debug_info</name>
         <load_address>0x473b</load_address>
         <run_address>0x473b</run_address>
         <size>0x69</size>
         <input_file_ref idref="fl-c5"/>
      </object_component>
      <object_component id="oc-3c">
         <name>.debug_info</name>
         <load_address>0x47a4</load_address>
         <run_address>0x47a4</run_address>
         <size>0x119</size>
         <input_file_ref idref="fl-c6"/>
      </object_component>
      <object_component id="oc-8e">
         <name>.debug_info</name>
         <load_address>0x48bd</load_address>
         <run_address>0x48bd</run_address>
         <size>0x2d4</size>
         <input_file_ref idref="fl-c7"/>
      </object_component>
      <object_component id="oc-4a">
         <name>.debug_info</name>
         <load_address>0x4b91</load_address>
         <run_address>0x4b91</run_address>
         <size>0x1d2</size>
         <input_file_ref idref="fl-c7"/>
      </object_component>
      <object_component id="oc-89">
         <name>.debug_info</name>
         <load_address>0x4d63</load_address>
         <run_address>0x4d63</run_address>
         <size>0x46</size>
         <input_file_ref idref="fl-c7"/>
      </object_component>
      <object_component id="oc-bb">
         <name>.debug_info</name>
         <load_address>0x4da9</load_address>
         <run_address>0x4da9</run_address>
         <size>0x2c</size>
         <input_file_ref idref="fl-c7"/>
      </object_component>
      <object_component id="oc-46">
         <name>.debug_info</name>
         <load_address>0x4dd5</load_address>
         <run_address>0x4dd5</run_address>
         <size>0x2a8</size>
         <input_file_ref idref="fl-c8"/>
      </object_component>
      <object_component id="oc-1d">
         <name>.debug_info</name>
         <load_address>0x507d</load_address>
         <run_address>0x507d</run_address>
         <size>0x1ea</size>
         <input_file_ref idref="fl-c8"/>
      </object_component>
      <object_component id="oc-41">
         <name>.debug_info</name>
         <load_address>0x5267</load_address>
         <run_address>0x5267</run_address>
         <size>0x46</size>
         <input_file_ref idref="fl-c8"/>
      </object_component>
      <object_component id="oc-81">
         <name>.debug_info</name>
         <load_address>0x52ad</load_address>
         <run_address>0x52ad</run_address>
         <size>0x2c</size>
         <input_file_ref idref="fl-c8"/>
      </object_component>
      <object_component id="oc-7f">
         <name>.debug_info</name>
         <load_address>0x52d9</load_address>
         <run_address>0x52d9</run_address>
         <size>0x29e</size>
         <input_file_ref idref="fl-c9"/>
      </object_component>
      <object_component id="oc-17">
         <name>.debug_info</name>
         <load_address>0x5577</load_address>
         <run_address>0x5577</run_address>
         <size>0x250</size>
         <input_file_ref idref="fl-c9"/>
      </object_component>
      <object_component id="oc-31">
         <name>.debug_info</name>
         <load_address>0x57c7</load_address>
         <run_address>0x57c7</run_address>
         <size>0x60</size>
         <input_file_ref idref="fl-c9"/>
      </object_component>
      <object_component id="oc-b4">
         <name>.debug_info</name>
         <load_address>0x5827</load_address>
         <run_address>0x5827</run_address>
         <size>0x46</size>
         <input_file_ref idref="fl-c9"/>
      </object_component>
      <object_component id="oc-7a">
         <name>.debug_info</name>
         <load_address>0x586d</load_address>
         <run_address>0x586d</run_address>
         <size>0x39</size>
         <input_file_ref idref="fl-c9"/>
      </object_component>
      <object_component id="oc-1ab">
         <name>.debug_info</name>
         <load_address>0x58a6</load_address>
         <run_address>0x58a6</run_address>
         <size>0x28a</size>
         <input_file_ref idref="fl-ca"/>
      </object_component>
      <object_component id="oc-140">
         <name>.debug_info</name>
         <load_address>0x5b30</load_address>
         <run_address>0x5b30</run_address>
         <size>0x273</size>
         <input_file_ref idref="fl-ca"/>
      </object_component>
      <object_component id="oc-1ad">
         <name>.debug_info</name>
         <load_address>0x5da3</load_address>
         <run_address>0x5da3</run_address>
         <size>0x2a4</size>
         <input_file_ref idref="fl-cb"/>
      </object_component>
      <object_component id="oc-148">
         <name>.debug_info</name>
         <load_address>0x6047</load_address>
         <run_address>0x6047</run_address>
         <size>0x24d</size>
         <input_file_ref idref="fl-cb"/>
      </object_component>
      <object_component id="oc-25">
         <name>.debug_info</name>
         <load_address>0x6294</load_address>
         <run_address>0x6294</run_address>
         <size>0x10b</size>
         <input_file_ref idref="fl-cc"/>
      </object_component>
      <object_component id="oc-5d">
         <name>.debug_info</name>
         <load_address>0x639f</load_address>
         <run_address>0x639f</run_address>
         <size>0x1a9</size>
         <input_file_ref idref="fl-cc"/>
      </object_component>
      <object_component id="oc-231">
         <name>.debug_info</name>
         <load_address>0x6548</load_address>
         <run_address>0x6548</run_address>
         <size>0x590</size>
         <input_file_ref idref="fl-cd"/>
      </object_component>
      <object_component id="oc-1fc">
         <name>.debug_info</name>
         <load_address>0x6ad8</load_address>
         <run_address>0x6ad8</run_address>
         <size>0x21e</size>
         <input_file_ref idref="fl-cd"/>
      </object_component>
      <object_component id="oc-28b">
         <name>.debug_info</name>
         <load_address>0x6cf6</load_address>
         <run_address>0x6cf6</run_address>
         <size>0x1b3</size>
         <input_file_ref idref="fl-cd"/>
      </object_component>
      <object_component id="oc-291">
         <name>.debug_info</name>
         <load_address>0x6ea9</load_address>
         <run_address>0x6ea9</run_address>
         <size>0x21b</size>
         <input_file_ref idref="fl-cd"/>
      </object_component>
      <object_component id="oc-207">
         <name>.debug_info</name>
         <load_address>0x70c4</load_address>
         <run_address>0x70c4</run_address>
         <size>0x3c0</size>
         <input_file_ref idref="fl-cd"/>
      </object_component>
      <object_component id="oc-298">
         <name>.debug_info</name>
         <load_address>0x7484</load_address>
         <run_address>0x7484</run_address>
         <size>0x30a</size>
         <input_file_ref idref="fl-cd"/>
      </object_component>
      <object_component id="oc-29e">
         <name>.debug_info</name>
         <load_address>0x778e</load_address>
         <run_address>0x778e</run_address>
         <size>0x215</size>
         <input_file_ref idref="fl-cd"/>
      </object_component>
      <object_component id="oc-20d">
         <name>.debug_info</name>
         <load_address>0x79a3</load_address>
         <run_address>0x79a3</run_address>
         <size>0x215</size>
         <input_file_ref idref="fl-cd"/>
      </object_component>
      <object_component id="oc-213">
         <name>.debug_info</name>
         <load_address>0x7bb8</load_address>
         <run_address>0x7bb8</run_address>
         <size>0x304</size>
         <input_file_ref idref="fl-cd"/>
      </object_component>
      <object_component id="oc-219">
         <name>.debug_info</name>
         <load_address>0x7ebc</load_address>
         <run_address>0x7ebc</run_address>
         <size>0x4b5</size>
         <input_file_ref idref="fl-cd"/>
      </object_component>
      <object_component id="oc-18d">
         <name>.debug_info</name>
         <load_address>0x8371</load_address>
         <run_address>0x8371</run_address>
         <size>0x5f4</size>
         <input_file_ref idref="fl-cd"/>
      </object_component>
      <object_component id="oc-232">
         <name>.debug_info</name>
         <load_address>0x8965</load_address>
         <run_address>0x8965</run_address>
         <size>0x86</size>
         <input_file_ref idref="fl-cd"/>
      </object_component>
      <object_component id="oc-2c8">
         <name>.debug_info</name>
         <load_address>0x89eb</load_address>
         <run_address>0x89eb</run_address>
         <size>0x39</size>
         <input_file_ref idref="fl-cd"/>
      </object_component>
      <object_component id="oc-309">
         <name>.debug_info</name>
         <load_address>0x8a24</load_address>
         <run_address>0x8a24</run_address>
         <size>0xb6</size>
         <input_file_ref idref="fl-cd"/>
      </object_component>
      <object_component id="oc-2cd">
         <name>.debug_info</name>
         <load_address>0x8ada</load_address>
         <run_address>0x8ada</run_address>
         <size>0x46</size>
         <input_file_ref idref="fl-cd"/>
      </object_component>
      <object_component id="oc-237">
         <name>.debug_info</name>
         <load_address>0x8b20</load_address>
         <run_address>0x8b20</run_address>
         <size>0x46</size>
         <input_file_ref idref="fl-cd"/>
      </object_component>
      <object_component id="oc-2ec">
         <name>.debug_info</name>
         <load_address>0x8b66</load_address>
         <run_address>0x8b66</run_address>
         <size>0x29a</size>
         <input_file_ref idref="fl-ce"/>
      </object_component>
      <object_component id="oc-2a7">
         <name>.debug_info</name>
         <load_address>0x8e00</load_address>
         <run_address>0x8e00</run_address>
         <size>0x195</size>
         <input_file_ref idref="fl-ce"/>
      </object_component>
      <object_component id="oc-315">
         <name>.debug_info</name>
         <load_address>0x8f95</load_address>
         <run_address>0x8f95</run_address>
         <size>0x39</size>
         <input_file_ref idref="fl-ce"/>
      </object_component>
      <object_component id="oc-2ed">
         <name>.debug_info</name>
         <load_address>0x8fce</load_address>
         <run_address>0x8fce</run_address>
         <size>0x2c</size>
         <input_file_ref idref="fl-ce"/>
      </object_component>
      <object_component id="oc-2f9">
         <name>.debug_info</name>
         <load_address>0x8ffa</load_address>
         <run_address>0x8ffa</run_address>
         <size>0x2fd</size>
         <input_file_ref idref="fl-cf"/>
      </object_component>
      <object_component id="oc-2ad">
         <name>.debug_info</name>
         <load_address>0x92f7</load_address>
         <run_address>0x92f7</run_address>
         <size>0x225</size>
         <input_file_ref idref="fl-cf"/>
      </object_component>
      <object_component id="oc-2f3">
         <name>.debug_info</name>
         <load_address>0x951c</load_address>
         <run_address>0x951c</run_address>
         <size>0x161</size>
         <input_file_ref idref="fl-d0"/>
      </object_component>
      <object_component id="oc-261">
         <name>.debug_info</name>
         <load_address>0x967d</load_address>
         <run_address>0x967d</run_address>
         <size>0x134</size>
         <input_file_ref idref="fl-d1"/>
      </object_component>
      <object_component id="oc-90">
         <name>.debug_info</name>
         <load_address>0x97b1</load_address>
         <run_address>0x97b1</run_address>
         <size>0x147</size>
         <input_file_ref idref="fl-d2"/>
      </object_component>
      <object_component id="oc-287">
         <name>.debug_info</name>
         <load_address>0x98f8</load_address>
         <run_address>0x98f8</run_address>
         <size>0x14c</size>
         <input_file_ref idref="fl-d3"/>
      </object_component>
      <object_component id="oc-204">
         <name>.debug_info</name>
         <load_address>0x9a44</load_address>
         <run_address>0x9a44</run_address>
         <size>0x128</size>
         <input_file_ref idref="fl-d4"/>
      </object_component>
      <object_component id="oc-272">
         <name>.debug_info</name>
         <load_address>0x9b6c</load_address>
         <run_address>0x9b6c</run_address>
         <size>0x12a</size>
         <input_file_ref idref="fl-d4"/>
      </object_component>
      <object_component id="oc-26d">
         <name>.debug_info</name>
         <load_address>0x9c96</load_address>
         <run_address>0x9c96</run_address>
         <size>0x13a</size>
         <input_file_ref idref="fl-d5"/>
      </object_component>
      <object_component id="oc-267">
         <name>.debug_info</name>
         <load_address>0x9dd0</load_address>
         <run_address>0x9dd0</run_address>
         <size>0x13a</size>
         <input_file_ref idref="fl-d6"/>
      </object_component>
      <object_component id="oc-276">
         <name>.debug_info</name>
         <load_address>0x9f0a</load_address>
         <run_address>0x9f0a</run_address>
         <size>0x12e</size>
         <input_file_ref idref="fl-d7"/>
      </object_component>
      <object_component id="oc-283">
         <name>.debug_info</name>
         <load_address>0xa038</load_address>
         <run_address>0xa038</run_address>
         <size>0x12c</size>
         <input_file_ref idref="fl-d8"/>
      </object_component>
      <object_component id="oc-16b">
         <name>.debug_info</name>
         <load_address>0xa164</load_address>
         <run_address>0xa164</run_address>
         <size>0x4b3</size>
         <input_file_ref idref="fl-d9"/>
      </object_component>
      <object_component id="oc-f3">
         <name>.debug_info</name>
         <load_address>0xa617</load_address>
         <run_address>0xa617</run_address>
         <size>0x1a6</size>
         <input_file_ref idref="fl-d9"/>
      </object_component>
      <object_component id="oc-1d5">
         <name>.debug_info</name>
         <load_address>0xa7bd</load_address>
         <run_address>0xa7bd</run_address>
         <size>0x39</size>
         <input_file_ref idref="fl-d9"/>
      </object_component>
      <object_component id="oc-24c">
         <name>.debug_info</name>
         <load_address>0xa7f6</load_address>
         <run_address>0xa7f6</run_address>
         <size>0x39</size>
         <input_file_ref idref="fl-d9"/>
      </object_component>
      <object_component id="oc-1da">
         <name>.debug_info</name>
         <load_address>0xa82f</load_address>
         <run_address>0xa82f</run_address>
         <size>0x39</size>
         <input_file_ref idref="fl-d9"/>
      </object_component>
      <object_component id="oc-1df">
         <name>.debug_info</name>
         <load_address>0xa868</load_address>
         <run_address>0xa868</run_address>
         <size>0xcd</size>
         <input_file_ref idref="fl-d9"/>
      </object_component>
      <object_component id="oc-96">
         <name>.debug_info</name>
         <load_address>0xa935</load_address>
         <run_address>0xa935</run_address>
         <size>0x153</size>
         <input_file_ref idref="fl-da"/>
      </object_component>
      <object_component id="oc-e7">
         <name>.debug_info</name>
         <load_address>0xaa88</load_address>
         <run_address>0xaa88</run_address>
         <size>0x122</size>
         <input_file_ref idref="fl-dc"/>
      </object_component>
      <object_component id="oc-2e4">
         <name>.debug_info</name>
         <load_address>0xabaa</load_address>
         <run_address>0xabaa</run_address>
         <size>0x29c</size>
         <input_file_ref idref="fl-de"/>
      </object_component>
      <object_component id="oc-27b">
         <name>.debug_info</name>
         <load_address>0xae46</load_address>
         <run_address>0xae46</run_address>
         <size>0x1da</size>
         <input_file_ref idref="fl-de"/>
      </object_component>
      <object_component id="oc-25e">
         <name>.debug_info</name>
         <load_address>0xb020</load_address>
         <run_address>0xb020</run_address>
         <size>0x2b9</size>
         <input_file_ref idref="fl-e0"/>
      </object_component>
      <object_component id="oc-1f9">
         <name>.debug_info</name>
         <load_address>0xb2d9</load_address>
         <run_address>0xb2d9</run_address>
         <size>0x17c</size>
         <input_file_ref idref="fl-e0"/>
      </object_component>
      <object_component id="oc-2d6">
         <name>.debug_info</name>
         <load_address>0xb455</load_address>
         <run_address>0xb455</run_address>
         <size>0xf9</size>
         <input_file_ref idref="fl-e1"/>
      </object_component>
      <object_component id="oc-25b">
         <name>.debug_info</name>
         <load_address>0xb54e</load_address>
         <run_address>0xb54e</run_address>
         <size>0x105</size>
         <input_file_ref idref="fl-e1"/>
      </object_component>
      <object_component id="oc-2b9">
         <name>.debug_info</name>
         <load_address>0xb653</load_address>
         <run_address>0xb653</run_address>
         <size>0x2a7</size>
         <input_file_ref idref="fl-e2"/>
      </object_component>
      <object_component id="oc-221">
         <name>.debug_info</name>
         <load_address>0xb8fa</load_address>
         <run_address>0xb8fa</run_address>
         <size>0x1b8</size>
         <input_file_ref idref="fl-e2"/>
      </object_component>
      <object_component id="oc-2fb">
         <name>.debug_info</name>
         <load_address>0xbab2</load_address>
         <run_address>0xbab2</run_address>
         <size>0x29a</size>
         <input_file_ref idref="fl-e3"/>
      </object_component>
      <object_component id="oc-2b2">
         <name>.debug_info</name>
         <load_address>0xbd4c</load_address>
         <run_address>0xbd4c</run_address>
         <size>0x262</size>
         <input_file_ref idref="fl-e3"/>
      </object_component>
      <object_component id="oc-259">
         <name>.debug_info</name>
         <load_address>0xbfae</load_address>
         <run_address>0xbfae</run_address>
         <size>0x28f</size>
         <input_file_ref idref="fl-e4"/>
      </object_component>
      <object_component id="oc-1f3">
         <name>.debug_info</name>
         <load_address>0xc23d</load_address>
         <run_address>0xc23d</run_address>
         <size>0x245</size>
         <input_file_ref idref="fl-e4"/>
      </object_component>
      <object_component id="oc-2c5">
         <name>.debug_info</name>
         <load_address>0xc482</load_address>
         <run_address>0xc482</run_address>
         <size>0x289</size>
         <input_file_ref idref="fl-e5"/>
      </object_component>
      <object_component id="oc-2c2">
         <name>.debug_info</name>
         <load_address>0xc70b</load_address>
         <run_address>0xc70b</run_address>
         <size>0x10e</size>
         <input_file_ref idref="fl-e5"/>
      </object_component>
      <object_component id="oc-22c">
         <name>.debug_info</name>
         <load_address>0xc819</load_address>
         <run_address>0xc819</run_address>
         <size>0x14e</size>
         <input_file_ref idref="fl-e5"/>
      </object_component>
      <object_component id="oc-2c0">
         <name>.debug_info</name>
         <load_address>0xc967</load_address>
         <run_address>0xc967</run_address>
         <size>0x28f</size>
         <input_file_ref idref="fl-e6"/>
      </object_component>
      <object_component id="oc-227">
         <name>.debug_info</name>
         <load_address>0xcbf6</load_address>
         <run_address>0xcbf6</run_address>
         <size>0x15a</size>
         <input_file_ref idref="fl-e6"/>
      </object_component>
      <object_component id="oc-2fe">
         <name>.debug_info</name>
         <load_address>0xcd50</load_address>
         <run_address>0xcd50</run_address>
         <size>0x46</size>
         <input_file_ref idref="fl-e6"/>
      </object_component>
      <object_component id="oc-2bb">
         <name>.debug_info</name>
         <load_address>0xcd96</load_address>
         <run_address>0xcd96</run_address>
         <size>0x39</size>
         <input_file_ref idref="fl-e6"/>
      </object_component>
      <object_component id="oc-2dc">
         <name>.debug_info</name>
         <load_address>0xcdcf</load_address>
         <run_address>0xcdcf</run_address>
         <size>0x115</size>
         <input_file_ref idref="fl-e7"/>
      </object_component>
      <object_component id="oc-189">
         <name>.debug_info</name>
         <load_address>0xcee4</load_address>
         <run_address>0xcee4</run_address>
         <size>0x20e</size>
         <input_file_ref idref="fl-e8"/>
      </object_component>
      <object_component id="oc-181">
         <name>.debug_info</name>
         <load_address>0xd0f2</load_address>
         <run_address>0xd0f2</run_address>
         <size>0x157</size>
         <input_file_ref idref="fl-e8"/>
      </object_component>
      <object_component id="oc-129">
         <name>.debug_info</name>
         <load_address>0xd249</load_address>
         <run_address>0xd249</run_address>
         <size>0x2c1</size>
         <input_file_ref idref="fl-e8"/>
      </object_component>
      <object_component id="oc-1e8">
         <name>.debug_info</name>
         <load_address>0xd50a</load_address>
         <run_address>0xd50a</run_address>
         <size>0x8b</size>
         <input_file_ref idref="fl-e8"/>
      </object_component>
      <object_component id="oc-184">
         <name>.debug_info</name>
         <load_address>0xd595</load_address>
         <run_address>0xd595</run_address>
         <size>0x18b</size>
         <input_file_ref idref="fl-e8"/>
      </object_component>
      <object_component id="oc-34f">
         <name>.debug_info</name>
         <load_address>0xd720</load_address>
         <run_address>0xd720</run_address>
         <size>0x8d</size>
      </object_component>
      <object_component id="oc-124">
         <name>.debug_line</name>
         <load_address>0x0</load_address>
         <run_address>0x0</run_address>
         <size>0x69</size>
         <input_file_ref idref="fl-2"/>
      </object_component>
      <object_component id="oc-18b">
         <name>.debug_line</name>
         <load_address>0x69</load_address>
         <run_address>0x69</run_address>
         <size>0x2e</size>
         <input_file_ref idref="fl-2"/>
      </object_component>
      <object_component id="oc-ce">
         <name>.debug_line</name>
         <load_address>0x97</load_address>
         <run_address>0x97</run_address>
         <size>0x179</size>
         <input_file_ref idref="fl-2"/>
      </object_component>
      <object_component id="oc-73">
         <name>.debug_line</name>
         <load_address>0x210</load_address>
         <run_address>0x210</run_address>
         <size>0x6f</size>
         <input_file_ref idref="fl-2"/>
      </object_component>
      <object_component id="oc-39">
         <name>.debug_line</name>
         <load_address>0x27f</load_address>
         <run_address>0x27f</run_address>
         <size>0x20</size>
         <input_file_ref idref="fl-2"/>
      </object_component>
      <object_component id="oc-b0">
         <name>.debug_line</name>
         <load_address>0x29f</load_address>
         <run_address>0x29f</run_address>
         <size>0x73</size>
         <input_file_ref idref="fl-2"/>
      </object_component>
      <object_component id="oc-78">
         <name>.debug_line</name>
         <load_address>0x312</load_address>
         <run_address>0x312</run_address>
         <size>0x70</size>
         <input_file_ref idref="fl-2"/>
      </object_component>
      <object_component id="oc-c9">
         <name>.debug_line</name>
         <load_address>0x382</load_address>
         <run_address>0x382</run_address>
         <size>0x87</size>
         <input_file_ref idref="fl-3"/>
      </object_component>
      <object_component id="oc-15f">
         <name>.debug_line</name>
         <load_address>0x409</load_address>
         <run_address>0x409</run_address>
         <size>0x7c</size>
         <input_file_ref idref="fl-4"/>
      </object_component>
      <object_component id="oc-9f">
         <name>.debug_line</name>
         <load_address>0x485</load_address>
         <run_address>0x485</run_address>
         <size>0x6e</size>
         <input_file_ref idref="fl-4"/>
      </object_component>
      <object_component id="oc-1b3">
         <name>.debug_line</name>
         <load_address>0x4f3</load_address>
         <run_address>0x4f3</run_address>
         <size>0x6a</size>
         <input_file_ref idref="fl-4"/>
      </object_component>
      <object_component id="oc-153">
         <name>.debug_line</name>
         <load_address>0x55d</load_address>
         <run_address>0x55d</run_address>
         <size>0x6b</size>
         <input_file_ref idref="fl-4"/>
      </object_component>
      <object_component id="oc-1af">
         <name>.debug_line</name>
         <load_address>0x5c8</load_address>
         <run_address>0x5c8</run_address>
         <size>0xc3</size>
         <input_file_ref idref="fl-5"/>
      </object_component>
      <object_component id="oc-137">
         <name>.debug_line</name>
         <load_address>0x68b</load_address>
         <run_address>0x68b</run_address>
         <size>0x45</size>
         <input_file_ref idref="fl-5"/>
      </object_component>
      <object_component id="oc-d1">
         <name>.debug_line</name>
         <load_address>0x6d0</load_address>
         <run_address>0x6d0</run_address>
         <size>0x19b</size>
         <input_file_ref idref="fl-5"/>
      </object_component>
      <object_component id="oc-6f">
         <name>.debug_line</name>
         <load_address>0x86b</load_address>
         <run_address>0x86b</run_address>
         <size>0x41</size>
         <input_file_ref idref="fl-7"/>
      </object_component>
      <object_component id="oc-2e">
         <name>.debug_line</name>
         <load_address>0x8ac</load_address>
         <run_address>0x8ac</run_address>
         <size>0x41</size>
         <input_file_ref idref="fl-7"/>
      </object_component>
      <object_component id="oc-2c">
         <name>.debug_line</name>
         <load_address>0x8ed</load_address>
         <run_address>0x8ed</run_address>
         <size>0xa1</size>
         <input_file_ref idref="fl-7"/>
      </object_component>
      <object_component id="oc-1c4">
         <name>.debug_line</name>
         <load_address>0x98e</load_address>
         <run_address>0x98e</run_address>
         <size>0x20</size>
         <input_file_ref idref="fl-8"/>
      </object_component>
      <object_component id="oc-dd">
         <name>.debug_line</name>
         <load_address>0x9ae</load_address>
         <run_address>0x9ae</run_address>
         <size>0xc4</size>
         <input_file_ref idref="fl-8"/>
      </object_component>
      <object_component id="oc-1b6">
         <name>.debug_line</name>
         <load_address>0xa72</load_address>
         <run_address>0xa72</run_address>
         <size>0x2d</size>
         <input_file_ref idref="fl-f"/>
      </object_component>
      <object_component id="oc-1c2">
         <name>.debug_line</name>
         <load_address>0xa9f</load_address>
         <run_address>0xa9f</run_address>
         <size>0x2d</size>
         <input_file_ref idref="fl-f"/>
      </object_component>
      <object_component id="oc-d7">
         <name>.debug_line</name>
         <load_address>0xacc</load_address>
         <run_address>0xacc</run_address>
         <size>0x1f0</size>
         <input_file_ref idref="fl-f"/>
      </object_component>
      <object_component id="oc-1bf">
         <name>.debug_line</name>
         <load_address>0xcbc</load_address>
         <run_address>0xcbc</run_address>
         <size>0x69</size>
         <input_file_ref idref="fl-f"/>
      </object_component>
      <object_component id="oc-247">
         <name>.debug_line</name>
         <load_address>0xd25</load_address>
         <run_address>0xd25</run_address>
         <size>0x6d</size>
         <input_file_ref idref="fl-f"/>
      </object_component>
      <object_component id="oc-1ba">
         <name>.debug_line</name>
         <load_address>0xd92</load_address>
         <run_address>0xd92</run_address>
         <size>0x6a</size>
         <input_file_ref idref="fl-f"/>
      </object_component>
      <object_component id="oc-23f">
         <name>.debug_line</name>
         <load_address>0xdfc</load_address>
         <run_address>0xdfc</run_address>
         <size>0x2f</size>
         <input_file_ref idref="fl-c5"/>
      </object_component>
      <object_component id="oc-13a">
         <name>.debug_line</name>
         <load_address>0xe2b</load_address>
         <run_address>0xe2b</run_address>
         <size>0x55</size>
         <input_file_ref idref="fl-c5"/>
      </object_component>
      <object_component id="oc-197">
         <name>.debug_line</name>
         <load_address>0xe80</load_address>
         <run_address>0xe80</run_address>
         <size>0x59</size>
         <input_file_ref idref="fl-c5"/>
      </object_component>
      <object_component id="oc-199">
         <name>.debug_line</name>
         <load_address>0xed9</load_address>
         <run_address>0xed9</run_address>
         <size>0x47</size>
         <input_file_ref idref="fl-c5"/>
      </object_component>
      <object_component id="oc-1a3">
         <name>.debug_line</name>
         <load_address>0xf20</load_address>
         <run_address>0xf20</run_address>
         <size>0x91</size>
         <input_file_ref idref="fl-c5"/>
      </object_component>
      <object_component id="oc-1a8">
         <name>.debug_line</name>
         <load_address>0xfb1</load_address>
         <run_address>0xfb1</run_address>
         <size>0x2f</size>
         <input_file_ref idref="fl-c5"/>
      </object_component>
      <object_component id="oc-3f">
         <name>.debug_line</name>
         <load_address>0xfe0</load_address>
         <run_address>0xfe0</run_address>
         <size>0x88</size>
         <input_file_ref idref="fl-c6"/>
      </object_component>
      <object_component id="oc-c1">
         <name>.debug_line</name>
         <load_address>0x1068</load_address>
         <run_address>0x1068</run_address>
         <size>0x92</size>
         <input_file_ref idref="fl-c7"/>
      </object_component>
      <object_component id="oc-4c">
         <name>.debug_line</name>
         <load_address>0x10fa</load_address>
         <run_address>0x10fa</run_address>
         <size>0x56</size>
         <input_file_ref idref="fl-c7"/>
      </object_component>
      <object_component id="oc-8c">
         <name>.debug_line</name>
         <load_address>0x1150</load_address>
         <run_address>0x1150</run_address>
         <size>0x34</size>
         <input_file_ref idref="fl-c7"/>
      </object_component>
      <object_component id="oc-be">
         <name>.debug_line</name>
         <load_address>0x1184</load_address>
         <run_address>0x1184</run_address>
         <size>0x92</size>
         <input_file_ref idref="fl-c7"/>
      </object_component>
      <object_component id="oc-87">
         <name>.debug_line</name>
         <load_address>0x1216</load_address>
         <run_address>0x1216</run_address>
         <size>0x20</size>
         <input_file_ref idref="fl-c8"/>
      </object_component>
      <object_component id="oc-20">
         <name>.debug_line</name>
         <load_address>0x1236</load_address>
         <run_address>0x1236</run_address>
         <size>0x55</size>
         <input_file_ref idref="fl-c8"/>
      </object_component>
      <object_component id="oc-44">
         <name>.debug_line</name>
         <load_address>0x128b</load_address>
         <run_address>0x128b</run_address>
         <size>0x3a</size>
         <input_file_ref idref="fl-c8"/>
      </object_component>
      <object_component id="oc-84">
         <name>.debug_line</name>
         <load_address>0x12c5</load_address>
         <run_address>0x12c5</run_address>
         <size>0x92</size>
         <input_file_ref idref="fl-c8"/>
      </object_component>
      <object_component id="oc-ba">
         <name>.debug_line</name>
         <load_address>0x1357</load_address>
         <run_address>0x1357</run_address>
         <size>0x20</size>
         <input_file_ref idref="fl-c9"/>
      </object_component>
      <object_component id="oc-1a">
         <name>.debug_line</name>
         <load_address>0x1377</load_address>
         <run_address>0x1377</run_address>
         <size>0xa9</size>
         <input_file_ref idref="fl-c9"/>
      </object_component>
      <object_component id="oc-34">
         <name>.debug_line</name>
         <load_address>0x1420</load_address>
         <run_address>0x1420</run_address>
         <size>0x3a</size>
         <input_file_ref idref="fl-c9"/>
      </object_component>
      <object_component id="oc-b7">
         <name>.debug_line</name>
         <load_address>0x145a</load_address>
         <run_address>0x145a</run_address>
         <size>0x9a</size>
         <input_file_ref idref="fl-c9"/>
      </object_component>
      <object_component id="oc-7d">
         <name>.debug_line</name>
         <load_address>0x14f4</load_address>
         <run_address>0x14f4</run_address>
         <size>0x96</size>
         <input_file_ref idref="fl-c9"/>
      </object_component>
      <object_component id="oc-241">
         <name>.debug_line</name>
         <load_address>0x158a</load_address>
         <run_address>0x158a</run_address>
         <size>0x20</size>
         <input_file_ref idref="fl-ca"/>
      </object_component>
      <object_component id="oc-144">
         <name>.debug_line</name>
         <load_address>0x15aa</load_address>
         <run_address>0x15aa</run_address>
         <size>0xad</size>
         <input_file_ref idref="fl-ca"/>
      </object_component>
      <object_component id="oc-243">
         <name>.debug_line</name>
         <load_address>0x1657</load_address>
         <run_address>0x1657</run_address>
         <size>0x20</size>
         <input_file_ref idref="fl-cb"/>
      </object_component>
      <object_component id="oc-147">
         <name>.debug_line</name>
         <load_address>0x1677</load_address>
         <run_address>0x1677</run_address>
         <size>0xa8</size>
         <input_file_ref idref="fl-cb"/>
      </object_component>
      <object_component id="oc-6c">
         <name>.debug_line</name>
         <load_address>0x171f</load_address>
         <run_address>0x171f</run_address>
         <size>0x33</size>
         <input_file_ref idref="fl-cc"/>
      </object_component>
      <object_component id="oc-5b">
         <name>.debug_line</name>
         <load_address>0x1752</load_address>
         <run_address>0x1752</run_address>
         <size>0x45</size>
         <input_file_ref idref="fl-cc"/>
      </object_component>
      <object_component id="oc-2c7">
         <name>.debug_line</name>
         <load_address>0x1797</load_address>
         <run_address>0x1797</run_address>
         <size>0x264</size>
         <input_file_ref idref="fl-cd"/>
      </object_component>
      <object_component id="oc-1ff">
         <name>.debug_line</name>
         <load_address>0x19fb</load_address>
         <run_address>0x19fb</run_address>
         <size>0x7a</size>
         <input_file_ref idref="fl-cd"/>
      </object_component>
      <object_component id="oc-28e">
         <name>.debug_line</name>
         <load_address>0x1a75</load_address>
         <run_address>0x1a75</run_address>
         <size>0x51</size>
         <input_file_ref idref="fl-cd"/>
      </object_component>
      <object_component id="oc-295">
         <name>.debug_line</name>
         <load_address>0x1ac6</load_address>
         <run_address>0x1ac6</run_address>
         <size>0x88</size>
         <input_file_ref idref="fl-cd"/>
      </object_component>
      <object_component id="oc-20b">
         <name>.debug_line</name>
         <load_address>0x1b4e</load_address>
         <run_address>0x1b4e</run_address>
         <size>0x14d</size>
         <input_file_ref idref="fl-cd"/>
      </object_component>
      <object_component id="oc-29c">
         <name>.debug_line</name>
         <load_address>0x1c9b</load_address>
         <run_address>0x1c9b</run_address>
         <size>0xee</size>
         <input_file_ref idref="fl-cd"/>
      </object_component>
      <object_component id="oc-2a2">
         <name>.debug_line</name>
         <load_address>0x1d89</load_address>
         <run_address>0x1d89</run_address>
         <size>0x5d</size>
         <input_file_ref idref="fl-cd"/>
      </object_component>
      <object_component id="oc-211">
         <name>.debug_line</name>
         <load_address>0x1de6</load_address>
         <run_address>0x1de6</run_address>
         <size>0x5c</size>
         <input_file_ref idref="fl-cd"/>
      </object_component>
      <object_component id="oc-217">
         <name>.debug_line</name>
         <load_address>0x1e42</load_address>
         <run_address>0x1e42</run_address>
         <size>0xae</size>
         <input_file_ref idref="fl-cd"/>
      </object_component>
      <object_component id="oc-21c">
         <name>.debug_line</name>
         <load_address>0x1ef0</load_address>
         <run_address>0x1ef0</run_address>
         <size>0x1b0</size>
         <input_file_ref idref="fl-cd"/>
      </object_component>
      <object_component id="oc-191">
         <name>.debug_line</name>
         <load_address>0x20a0</load_address>
         <run_address>0x20a0</run_address>
         <size>0x76f</size>
         <input_file_ref idref="fl-cd"/>
      </object_component>
      <object_component id="oc-235">
         <name>.debug_line</name>
         <load_address>0x280f</load_address>
         <run_address>0x280f</run_address>
         <size>0x92</size>
         <input_file_ref idref="fl-cd"/>
      </object_component>
      <object_component id="oc-2cb">
         <name>.debug_line</name>
         <load_address>0x28a1</load_address>
         <run_address>0x28a1</run_address>
         <size>0x92</size>
         <input_file_ref idref="fl-cd"/>
      </object_component>
      <object_component id="oc-30c">
         <name>.debug_line</name>
         <load_address>0x2933</load_address>
         <run_address>0x2933</run_address>
         <size>0x9a</size>
         <input_file_ref idref="fl-cd"/>
      </object_component>
      <object_component id="oc-2d0">
         <name>.debug_line</name>
         <load_address>0x29cd</load_address>
         <run_address>0x29cd</run_address>
         <size>0x97</size>
         <input_file_ref idref="fl-cd"/>
      </object_component>
      <object_component id="oc-23a">
         <name>.debug_line</name>
         <load_address>0x2a64</load_address>
         <run_address>0x2a64</run_address>
         <size>0x2e</size>
         <input_file_ref idref="fl-cd"/>
      </object_component>
      <object_component id="oc-314">
         <name>.debug_line</name>
         <load_address>0x2a92</load_address>
         <run_address>0x2a92</run_address>
         <size>0x20</size>
         <input_file_ref idref="fl-ce"/>
      </object_component>
      <object_component id="oc-2a9">
         <name>.debug_line</name>
         <load_address>0x2ab2</load_address>
         <run_address>0x2ab2</run_address>
         <size>0x5e</size>
         <input_file_ref idref="fl-ce"/>
      </object_component>
      <object_component id="oc-318">
         <name>.debug_line</name>
         <load_address>0x2b10</load_address>
         <run_address>0x2b10</run_address>
         <size>0x9a</size>
         <input_file_ref idref="fl-ce"/>
      </object_component>
      <object_component id="oc-2f0">
         <name>.debug_line</name>
         <load_address>0x2baa</load_address>
         <run_address>0x2baa</run_address>
         <size>0x97</size>
         <input_file_ref idref="fl-ce"/>
      </object_component>
      <object_component id="oc-31c">
         <name>.debug_line</name>
         <load_address>0x2c41</load_address>
         <run_address>0x2c41</run_address>
         <size>0x9b</size>
         <input_file_ref idref="fl-cf"/>
      </object_component>
      <object_component id="oc-2ac">
         <name>.debug_line</name>
         <load_address>0x2cdc</load_address>
         <run_address>0x2cdc</run_address>
         <size>0x9c</size>
         <input_file_ref idref="fl-cf"/>
      </object_component>
      <object_component id="oc-2f6">
         <name>.debug_line</name>
         <load_address>0x2d78</load_address>
         <run_address>0x2d78</run_address>
         <size>0x48</size>
         <input_file_ref idref="fl-d0"/>
[...]
               <size>0x1000</size>
               <logical_group_ref idref="lg-d"/>
            </allocated_space>
            <allocated_space>
               <start_address>0x20001270</start_address>
               <size>0x8c</size>
               <logical_group_ref idref="lg-b"/>
            </allocated_space>
            <allocated_space>
               <start_address>0x200012fc</start_address>
               <size>0xa</size>
               <logical_group_ref idref="lg-a"/>
            </allocated_space>
            <available_space>
               <start_address>0x20001306</start_address>
               <size>0x6cfa</size>
            </available_space>
         </usage_details>
      </memory_area>
   </placement_map>
   <cptbl_list>
      <cptbl>
         <name>__TI_cinit_table</name>
         <cprec>
            <name>.bss</name>
            <load_address>0x2c78</load_address>
            <load_size>0x8</load_size>
            <run_address>0x20001270</run_address>
            <run_size>0x8c</run_size>
            <compression>zero_init</compression>
         </cprec>
         <cprec>
            <name>.vtable</name>
            <load_address>0x2c80</load_address>
            <load_size>0x8</load_size>
            <run_address>0x20000000</run_address>
            <run_size>0x26c</run_size>
            <compression>zero_init</compression>
         </cprec>
         <cprec>
            <name>.data</name>
            <load_address>0x2c88</load_address>
            <load_size>0x7</load_size>
            <run_address>0x200012fc</run_address>
            <run_size>0xa</run_size>
            <compression>lzss</compression>
         </cprec>
      </cptbl>
   </cptbl_list>
   <handler_table>
      <handler_table_name>__TI_handler_table</handler_table_name>
      <handler>
         <index>0x0</index>
         <name>__TI_zero_init</name>
      </handler>
      <handler>
         <index>0x1</index>
         <name>__TI_decompress_lzss</name>
      </handler>
      <handler>
         <index>0x2</index>
         <name>__TI_decompress_none</name>
      </handler>
   </handler_table>
   <symbol_table>
      <symbol id="sm-1">
         <name>__STACK_TOP</name>
         <value>0x20000470</value>
      </symbol>
      <symbol id="sm-2">
         <name>__start___llvm_prf_cnts</name>
         <value>0x20000000</value>
      </symbol>
      <symbol id="sm-3">
         <name>__stop___llvm_prf_cnts</name>
         <value>0x20000000</value>
      </symbol>
      <symbol id="sm-4">
         <name>__TI_CINIT_Base</name>
         <value>0x2c90</value>
      </symbol>
      <symbol id="sm-5">
         <name>__TI_CINIT_Limit</name>
         <value>0x2ca8</value>
      </symbol>
      <symbol id="sm-6">
         <name>__TI_Handler_Table_Base</name>
         <value>0x2c68</value>
      </symbol>
      <symbol id="sm-7">
         <name>__TI_Handler_Table_Limit</name>
         <value>0x2c74</value>
      </symbol>
      <symbol id="sm-8">
         <name>binit</name>
         <value>0xffffffff</value>
      </symbol>
      <symbol id="sm-9">
         <name>__binit__</name>
         <value>0xffffffff</value>
      </symbol>
      <symbol id="sm-a">
         <name>__STACK_SIZE</name>
         <value>0x1000</value>
      </symbol>
      <symbol id="sm-b">
         <name>__STACK_END</name>
         <value>0x20001270</value>
      </symbol>
      <symbol id="sm-c">
         <name>__c_args__</name>
         <value>0xffffffff</value>
      </symbol>
      <symbol id="sm-d">
         <name>__TI_pprof_out_hndl</name>
         <value>0xffffffff</value>
      </symbol>
      <symbol id="sm-e">
         <name>__TI_prof_data_start</name>
         <value>0xffffffff</value>
      </symbol>
      <symbol id="sm-f">
         <name>__TI_prof_data_size</name>
         <value>0xffffffff</value>
      </symbol>
      <symbol id="sm-75">
         <name>_timeout_ticks</name>
         <value>0x200012f8</value>
      </symbol>
      <symbol id="sm-76">
         <name>timer_pause</name>
         <value>0x159f</value>
         <object_component_ref idref="oc-ca"/>
      </symbol>
      <symbol id="sm-77">
         <name>timer_resume</name>
         <value>0x15b1</value>
         <object_component_ref idref="oc-ca"/>
      </symbol>
      <symbol id="sm-78">
         <name>timer_getMillis</name>
         <value>0x15c3</value>
         <object_component_ref idref="oc-ca"/>
      </symbol>
      <symbol id="sm-79">
         <name>_running</name>
         <value>0x20001304</value>
         <object_component_ref idref="oc-12d"/>
      </symbol>
      <symbol id="sm-7a">
         <name>timer_init</name>
         <value>0x14fd</value>
         <object_component_ref idref="oc-ca"/>
      </symbol>
      <symbol id="sm-7b">
         <name>timer_stop</name>
         <value>0x1575</value>
         <object_component_ref idref="oc-ca"/>
      </symbol>
      <symbol id="sm-7c">
         <name>timer_getMicros</name>
         <value>0x161b</value>
         <object_component_ref idref="oc-ca"/>
      </symbol>
      <symbol id="sm-7d">
         <name>timer_waitMillis</name>
         <value>0x16a7</value>
         <object_component_ref idref="oc-ca"/>
      </symbol>
      <symbol id="sm-7e">
         <name>timer_waitMicros</name>
         <value>0x1675</value>
         <object_component_ref idref="oc-ca"/>
      </symbol>
      <symbol id="sm-9b">
         <name>button_getButton</name>
         <value>0x23c5</value>
         <object_component_ref idref="oc-c4"/>
      </symbol>
      <symbol id="sm-9c">
         <name>button_init</name>
         <value>0x2385</value>
         <object_component_ref idref="oc-c4"/>
      </symbol>
      <symbol id="sm-b7">
         <name>main</name>
         <value>0x26d1</value>
         <object_component_ref idref="oc-9b"/>
      </symbol>
      <symbol id="sm-f4">
         <name>lcd_sendCommand</name>
         <value>0xe0f</value>
         <object_component_ref idref="oc-d0"/>
      </symbol>
      <symbol id="sm-f5">
         <name>lcd_sendNibble</name>
         <value>0xe4d</value>
         <object_component_ref idref="oc-d0"/>
      </symbol>
      <symbol id="sm-f6">
         <name>lcd_clear</name>
         <value>0x2b1d</value>
         <object_component_ref idref="oc-132"/>
      </symbol>
      <symbol id="sm-f7">
         <name>lcd_printf</name>
         <value>0xef7</value>
         <object_component_ref idref="oc-d0"/>
      </symbol>
      <symbol id="sm-f8">
         <name>lcd_setCursorPos</name>
         <value>0xeb9</value>
         <object_component_ref idref="oc-d0"/>
      </symbol>
      <symbol id="sm-f9">
         <name>lcd_init</name>
         <value>0xcf9</value>
         <object_component_ref idref="oc-d0"/>
      </symbol>
      <symbol id="sm-fa">
         <name>lcd_puts</name>
         <value>0xdf1</value>
         <object_component_ref idref="oc-d0"/>
      </symbol>
      <symbol id="sm-fb">
         <name>lcd_putc</name>
         <value>0xdb9</value>
         <object_component_ref idref="oc-d0"/>
      </symbol>
      <symbol id="sm-fc">
         <name>lcd_reverseNibble</name>
         <value>0xcbd</value>
         <object_component_ref idref="oc-d0"/>
      </symbol>
      <symbol id="sm-fd">
         <name>lcd_gotoLine</name>
         <value>0xe91</value>
         <object_component_ref idref="oc-d0"/>
      </symbol>
      <symbol id="sm-11a">
         <name>ResetISR</name>
         <value>0x2b3b</value>
         <object_component_ref idref="oc-27"/>
      </symbol>
      <symbol id="sm-11b">
         <name>g_pfnVectors</name>
         <value>0x0</value>
         <object_component_ref idref="oc-12"/>
      </symbol>
      <symbol id="sm-142">
         <name>uart_sendChar</name>
         <value>0x1dd3</value>
         <object_component_ref idref="oc-dc"/>
      </symbol>
      <symbol id="sm-143">
         <name>uart_init</name>
         <value>0x1d41</value>
         <object_component_ref idref="oc-dc"/>
      </symbol>
      <symbol id="sm-144">
         <name>uart_receive</name>
         <value>0x1def</value>
         <object_component_ref idref="oc-dc"/>
      </symbol>
      <symbol id="sm-145">
         <name>uart_sendStr</name>
         <value>0x1e25</value>
         <object_component_ref idref="oc-dc"/>
      </symbol>
      <symbol id="sm-189">
         <name>isr_char_buffer</name>
         <value>0x200012c4</value>
      </symbol>
      <symbol id="sm-18a">
         <name>cyBot_uart_init_clean</name>
         <value>0x109b</value>
         <object_component_ref idref="oc-d6"/>
      </symbol>
      <symbol id="sm-18b">
         <name>cyBot_sendByte</name>
         <value>0xfe5</value>
         <object_component_ref idref="oc-d6"/>
      </symbol>
      <symbol id="sm-18c">
         <name>cyBot_uart_sendStr</name>
         <value>0xff1</value>
         <object_component_ref idref="oc-d6"/>
      </symbol>
      <symbol id="sm-18d">
         <name>cyBot_getByte_blocking</name>
         <value>0x1223</value>
         <object_component_ref idref="oc-d6"/>
      </symbol>
      <symbol id="sm-18e">
         <name>cyBot_getByte_nonblocking</name>
         <value>0x1203</value>
         <object_component_ref idref="oc-d6"/>
      </symbol>
      <symbol id="sm-18f">
         <name>isr_counter</name>
         <value>0x200012fc</value>
         <object_component_ref idref="oc-158"/>
      </symbol>
      <symbol id="sm-190">
         <name>cyBot_uart_sendBuffer</name>
         <value>0x100b</value>
         <object_component_ref idref="oc-d6"/>
      </symbol>
      <symbol id="sm-191">
         <name>cyBot_uart_init_PHJ_first_half</name>
         <value>0x10f3</value>
         <object_component_ref idref="oc-d6"/>
      </symbol>
      <symbol id="sm-192">
         <name>cyBot_uart_init_last_half</name>
         <value>0x1023</value>
         <object_component_ref idref="oc-d6"/>
      </symbol>
      <symbol id="sm-193">
         <name>cyBot_uart_flush</name>
         <value>0x11e9</value>
         <object_component_ref idref="oc-d6"/>
      </symbol>
      <symbol id="sm-194">
         <name>cyBot_UART1_Handler</name>
         <value>0x1231</value>
         <object_component_ref idref="oc-d6"/>
      </symbol>
      <symbol id="sm-195">
         <name>cyBot_uart_init</name>
         <value>0x1153</value>
         <object_component_ref idref="oc-d6"/>
      </symbol>
      <symbol id="sm-1c4">
         <name>vsnprintf</name>
         <value>0x2905</value>
         <object_component_ref idref="oc-139"/>
      </symbol>
      <symbol id="sm-1df">
         <name>memcpy</name>
         <value>0x2253</value>
         <object_component_ref idref="oc-3b"/>
      </symbol>
      <symbol id="sm-1e0">
         <name>__aeabi_memcpy</name>
         <value>0x2253</value>
         <object_component_ref idref="oc-3b"/>
      </symbol>
      <symbol id="sm-1e1">
         <name>__aeabi_memcpy8</name>
         <value>0x2253</value>
         <object_component_ref idref="oc-3b"/>
      </symbol>
      <symbol id="sm-1e2">
         <name>__aeabi_memcpy4</name>
         <value>0x2253</value>
         <object_component_ref idref="oc-3b"/>
      </symbol>
      <symbol id="sm-1fb">
         <name>__TI_zero_init_nomemset</name>
         <value>0x2a4b</value>
         <object_component_ref idref="oc-47"/>
      </symbol>
      <symbol id="sm-212">
         <name>__TI_decompress_none</name>
         <value>0x2b2d</value>
         <object_component_ref idref="oc-1b"/>
      </symbol>
      <symbol id="sm-235">
         <name>__TI_decompress_lzss</name>
         <value>0x2605</value>
         <object_component_ref idref="oc-15"/>
      </symbol>
      <symbol id="sm-244">
         <name>strcmp</name>
         <value>0x2ab5</value>
         <object_component_ref idref="oc-13f"/>
      </symbol>
      <symbol id="sm-252">
         <name>strcpy</name>
         <value>0x2ae3</value>
         <object_component_ref idref="oc-145"/>
      </symbol>
      <symbol id="sm-265">
         <name>__stack</name>
         <value>0x20000270</value>
         <object_component_ref idref="oc-24"/>
      </symbol>
      <symbol id="sm-266">
         <name>_c_int00_noargs</name>
         <value>0x29b9</value>
         <object_component_ref idref="oc-59"/>
      </symbol>
      <symbol id="sm-3cb">
         <name>__TI_printfi</name>
         <value>0x26d</value>
         <object_component_ref idref="oc-18c"/>
      </symbol>
      <symbol id="sm-3eb">
         <name>frexpl</name>
         <value>0x266d</value>
         <object_component_ref idref="oc-2a5"/>
      </symbol>
      <symbol id="sm-3ec">
         <name>frexp</name>
         <value>0x266d</value>
         <object_component_ref idref="oc-2a5"/>
      </symbol>
      <symbol id="sm-409">
         <name>scalbn</name>
         <value>0x1f95</value>
         <object_component_ref idref="oc-2ab"/>
      </symbol>
      <symbol id="sm-40a">
         <name>scalbnl</name>
         <value>0x1f95</value>
         <object_component_ref idref="oc-2ab"/>
      </symbol>
      <symbol id="sm-40b">
         <name>ldexpl</name>
         <value>0x1f95</value>
         <object_component_ref idref="oc-2ab"/>
      </symbol>
      <symbol id="sm-40c">
         <name>ldexp</name>
         <value>0x1f95</value>
         <object_component_ref idref="oc-2ab"/>
      </symbol>
      <symbol id="sm-416">
         <name>copysign</name>
         <value>0x2a83</value>
         <object_component_ref idref="oc-2f2"/>
      </symbol>
      <symbol id="sm-417">
         <name>copysignl</name>
         <value>0x2a83</value>
         <object_component_ref idref="oc-2f2"/>
      </symbol>
      <symbol id="sm-424">
         <name>__aeabi_uldivmod</name>
         <value>0x22ef</value>
         <object_component_ref idref="oc-25f"/>
      </symbol>
      <symbol id="sm-433">
         <name>__aeabi_memset</name>
         <value>0x251f</value>
         <object_component_ref idref="oc-8f"/>
      </symbol>
      <symbol id="sm-434">
         <name>memset</name>
         <value>0x2525</value>
         <object_component_ref idref="oc-8f"/>
      </symbol>
      <symbol id="sm-435">
         <name>__aeabi_memset8</name>
         <value>0x251f</value>
         <object_component_ref idref="oc-8f"/>
      </symbol>
      <symbol id="sm-436">
         <name>__aeabi_memset4</name>
         <value>0x251f</value>
         <object_component_ref idref="oc-8f"/>
      </symbol>
      <symbol id="sm-437">
         <name>__aeabi_memclr8</name>
         <value>0x251d</value>
         <object_component_ref idref="oc-8f"/>
      </symbol>
      <symbol id="sm-438">
         <name>__aeabi_memclr4</name>
         <value>0x251d</value>
         <object_component_ref idref="oc-8f"/>
      </symbol>
      <symbol id="sm-439">
         <name>__aeabi_memclr</name>
         <value>0x251d</value>
         <object_component_ref idref="oc-8f"/>
      </symbol>
      <symbol id="sm-450">
         <name>__aeabi_dsub</name>
         <value>0x1915</value>
         <object_component_ref idref="oc-285"/>
      </symbol>
      <symbol id="sm-451">
         <name>__aeabi_dadd</name>
         <value>0x191f</value>
         <object_component_ref idref="oc-285"/>
      </symbol>
      <symbol id="sm-473">
         <name>__aeabi_cdcmpeq</name>
         <value>0x2411</value>
         <object_component_ref idref="oc-201"/>
      </symbol>
      <symbol id="sm-474">
         <name>__aeabi_cdcmple</name>
         <value>0x2411</value>
         <object_component_ref idref="oc-201"/>
      </symbol>
      <symbol id="sm-475">
         <name>__aeabi_cdrcmple</name>
         <value>0x2497</value>
         <object_component_ref idref="oc-270"/>
      </symbol>
      <symbol id="sm-489">
         <name>__aeabi_ddiv</name>
         <value>0x1c09</value>
         <object_component_ref idref="oc-26b"/>
      </symbol>
      <symbol id="sm-494">
         <name>__aeabi_dmul</name>
         <value>0x20a5</value>
         <object_component_ref idref="oc-266"/>
      </symbol>
      <symbol id="sm-49e">
         <name>__aeabi_d2iz</name>
         <value>0x2879</value>
         <object_component_ref idref="oc-275"/>
      </symbol>
      <symbol id="sm-4a8">
         <name>__aeabi_i2d</name>
         <value>0x2a1d</value>
         <object_component_ref idref="oc-280"/>
      </symbol>
      <symbol id="sm-4d0">
         <name>__TI_auto_init_nobinit_nopinit</name>
         <value>0x28c1</value>
         <object_component_ref idref="oc-f1"/>
      </symbol>
      <symbol id="sm-4da">
         <name>_system_pre_init</name>
         <value>0x2b51</value>
         <object_component_ref idref="oc-95"/>
      </symbol>
      <symbol id="sm-4e6">
         <name>C$$EXIT</name>
         <value>0x2b55</value>
         <object_component_ref idref="oc-e5"/>
      </symbol>
      <symbol id="sm-4e7">
         <name>abort</name>
         <value>0x2b55</value>
         <object_component_ref idref="oc-e5"/>
      </symbol>
      <symbol id="sm-4f7">
         <name>__TI_ltoa</name>
         <value>0x2787</value>
         <object_component_ref idref="oc-27a"/>
      </symbol>
      <symbol id="sm-50e">
         <name>atoi</name>
         <value>0x282d</value>
         <object_component_ref idref="oc-1f5"/>
      </symbol>
      <symbol id="sm-519">
         <name>_ctypes_</name>
         <value>0x2b58</value>
         <object_component_ref idref="oc-25a"/>
      </symbol>
      <symbol id="sm-529">
         <name>memccpy</name>
         <value>0x2a67</value>
         <object_component_ref idref="oc-21e"/>
      </symbol>
      <symbol id="sm-539">
         <name>strchr</name>
         <value>0x2acd</value>
         <object_component_ref idref="oc-2b1"/>
      </symbol>
      <symbol id="sm-547">
         <name>strlen</name>
         <value>0x2af7</value>
         <object_component_ref idref="oc-1ef"/>
      </symbol>
      <symbol id="sm-55d">
         <name>__aeabi_errno_addr</name>
         <value>0x2b49</value>
         <object_component_ref idref="oc-22a"/>
      </symbol>
      <symbol id="sm-55e">
         <name>errno</name>
         <value>0x20001300</value>
         <object_component_ref idref="oc-2c1"/>
      </symbol>
      <symbol id="sm-577">
         <name>wcslen</name>
         <value>0x2b0b</value>
         <object_component_ref idref="oc-224"/>
      </symbol>
      <symbol id="sm-581">
         <name>__aeabi_idiv0</name>
         <value>0xcbb</value>
         <object_component_ref idref="oc-2d9"/>
      </symbol>
      <symbol id="sm-582">
         <name>__aeabi_ldiv0</name>
         <value>0xcbb</value>
         <object_component_ref idref="oc-2d9"/>
      </symbol>
      <symbol id="sm-5a3">
         <name>IntRegister</name>
         <value>0x2985</value>
         <object_component_ref idref="oc-127"/>
      </symbol>
      <symbol id="sm-5a4">
         <name>g_pfnRAMVectors</name>
         <value>0x20000000</value>
         <object_component_ref idref="oc-180"/>
      </symbol>
      <symbol id="sm-5a6">
         <name>__TI_static_base__</name>
         <value>0x0</value>
      </symbol>
      <symbol id="sm-5a9">
         <name>__mpu_init</name>
         <value>0x0</value>
      </symbol>
      <symbol id="sm-5aa">
         <name>_system_post_cinit</name>
         <value>0x0</value>
      </symbol>
   </symbol_table>
   <title>Link successful</title>
</link_info>
