******************************************************************************
                  TI ARM Linker PC v20.2.4                     
******************************************************************************
>> Linked Mon Mar  7 11:58:24 2022

OUTPUT FILE NAME:   <Lab6A.out>
ENTRY POINT SYMBOL: "_c_int00_noargs"  address: 0000492d


MEMORY CONFIGURATION

         name            origin    length      used     unused   attr    fill
----------------------  --------  ---------  --------  --------  ----  --------
  FLASH                 00000000   00040000  00004d49  0003b2b7  R  X
  SRAM                  20000000   00008000  00002337  00005cc9  RW X


SEGMENT ALLOCATION MAP

run origin  load origin   length   init length attrs members
----------  ----------- ---------- ----------- ----- -------
00000000    00000000    00004d50   00004d50    r-x
  00000000    00000000    0000026c   0000026c    r-- .intvecs
  0000026c    0000026c    00004904   00004904    r-x .text
  00004b70    00004b70    00000181   00000181    r-- .const
  00004cf8    00004cf8    00000058   00000058    r-- .cinit
20000000    20000000    0000233d   00000000    rw-
  20000000    20000000    0000026c   00000000    rw- .vtable
  20000270    20000270    00001000   00000000    rw- .stack
  20001270    20001270    00001000   00000000    rw- .sysmem
  20002270    20002270    0000008a   00000000    rw- .bss
  200022fc    200022fc    00000041   00000000    rw- .data


SECTION ALLOCATION MAP

 output                                  attributes/
section   page    origin      length       input sections
--------  ----  ----------  ----------   ----------------
.intvecs   0    00000000    0000026c     
                  00000000    0000026c     tm4c123gh6pm_startup_ccs.obj (.intvecs)

.text      0    0000026c    00004904     
                  0000026c    00000c18     open_interface.obj (.text)
                  00000e84    00000c04     Movement.obj (.text)
                  00001a88    00000a4e     rtsv7M4_T_le_v4SPD16_eabi.lib : _printfi.c.obj (.text:__TI_printfi)
                  000024d6    00000002                                   : _lock.c.obj (.text:_nop)
                  000024d8    00000328     lcd.obj (.text)
                  00002800    00000270     rtsv7M4_T_le_v4SPD16_eabi.lib : _printfi.c.obj (.text:_pconv_a)
                  00002a70    00000260     libcybotScan.lib : cyBot_Scan.obj (.text)
                  00002cd0    00000248     Timer.obj (.text)
                  00002f18    000001ec     libcybotScan.lib : ping.obj (.text)
                  00003104    000001ec     uart-interrupt.obj (.text)
                  000032f0    000001d0     rtsv7M4_T_le_v4SPD16_eabi.lib : _printfi.c.obj (.text:_pconv_g)
                  000034c0    000001b6                                   : fd_add_t2.asm.obj (.text)
                  00003676    00000002                                   : div0.asm.obj (.text)
                  00003678    00000158     libcybotScan.lib : servo.obj (.text)
                  000037d0    0000013c     rtsv7M4_T_le_v4SPD16_eabi.lib : _printfi.c.obj (.text:_pconv_e)
                  0000390c    00000136                                   : fd_div_t2.asm.obj (.text)
                  00003a42    00000002     --HOLE-- [fill = 0]
                  00003a44    00000124                                   : _printfi.c.obj (.text:fcvt)
                  00003b68    00000118     libcybotScan.lib : ir.obj (.text)
                  00003c80    00000110     rtsv7M4_T_le_v4SPD16_eabi.lib : s_scalbn.c.obj (.text:scalbn)
                  00003d90    00000100                                   : memory.c.obj (.text:aligned_alloc)
                  00003e90    000000fc                                   : fd_mul_t2.asm.obj (.text)
                  00003f8c    000000e4                                   : memory.c.obj (.text:free)
                  00004070    000000b1                                   : _printfi.c.obj (.text:_ltostr)
                  00004121    00000001     --HOLE-- [fill = 0]
                  00004122    0000009c                                   : memcpy_t2.asm.obj (.text)
                  000041be    00000096                                   : ull_div_t2.asm.obj (.text)
                  00004254    00000086                                   : fd_cmp_t2.asm.obj (.text:__aeabi_cdcmple)
                  000042da    00000086                                   : fd_cmp_t2.asm.obj (.text:__aeabi_cdrcmple)
                  00004360    0000007a                                   : memset_t2.asm.obj (.text)
                  000043da    00000002     --HOLE-- [fill = 0]
                  000043dc    00000070                                   : memory.c.obj (.text:split)
                  0000444c    0000006e                                   : _printfi.c.obj (.text:_mcpy)
                  000044ba    0000006e                                   : fd_tos_t2.asm.obj (.text)
                  00004528    00000068                                   : copy_decompress_lzss.c.obj (.text:decompress:lzss:__TI_decompress_lzss)
                  00004590    00000064                                   : s_frexp.c.obj (.text:frexp)
                  000045f4    00000056                                   : _printfi.c.obj (.text:_pconv_f)
                  0000464a    00000054                                   : _ltoa.c.obj (.text:__TI_ltoa)
                  0000469e    00000052                                   : _printfi.c.obj (.text:_ecpy)
                  000046f0    0000004c                                   : atoi.c.obj (.text:atoi)
                  0000473c    00000048                                   : fd_toi_t2.asm.obj (.text)
                  00004784    00000044                                   : autoinit.c.obj (.text:__TI_auto_init_nobinit_nopinit:__TI_auto_init_nobinit_nopinit)
                  000047c8    00000040                                   : sprintf.c.obj (.text:sprintf)
                  00004808    00000040                                   : vsnprintf.c.obj (.text:vsnprintf)
                  00004848    0000003e                                   : _printfi.c.obj (.text:_fcpy)
                  00004886    00000002     --HOLE-- [fill = 0]
                  00004888    00000038                                   : memory.c.obj (.text:calloc)
                  000048c0    00000038                                   : fs_tod_t2.asm.obj (.text)
                  000048f8    00000034     driverlib.lib : interrupt.obj (.text:IntRegister)
                  0000492c    00000034     rtsv7M4_T_le_v4SPD16_eabi.lib : boot_cortex_m.c.obj (.text:_c_int00_noargs:_c_int00_noargs)
                  00004960    00000030                                   : vsnprintf.c.obj (.text:_outs)
                  00004990    0000002e                                   : i_tofd_t2.asm.obj (.text)
                  000049be    00000002     --HOLE-- [fill = 0]
                  000049c0    00000028                                   : memory.c.obj (.text:free_list_insert)
                  000049e8    0000001c                                   : copy_zero_init.c.obj (.text:decompress:ZI:__TI_zero_init_nomemset:__TI_zero_init_nomemset)
                  00004a04    0000001c                                   : memory.c.obj (.text:free_list_remove)
                  00004a20    0000001c                                   : memccpy.c.obj (.text:memccpy)
                  00004a3c    0000001a                                   : s_copysign.c.obj (.text:copysign)
                  00004a56    00000018                                   : vsnprintf.c.obj (.text:_outc)
                  00004a6e    00000018                                   : sprintf.c.obj (.text:_outs)
                  00004a86    00000018     open_interface.obj (.text:oi_parseInt)
                  00004a9e    00000018     rtsv7M4_T_le_v4SPD16_eabi.lib : strcmp.c.obj (.text:strcmp)
                  00004ab6    00000016                                   : strchr.c.obj (.text:strchr)
                  00004acc    00000014                                   : strcpy.c.obj (.text:strcpy)
                  00004ae0    00000014                                   : strlen.c.obj (.text:strlen)
                  00004af4    00000012                                   : wcslen.c.obj (.text:wcslen)
                  00004b06    00000010     driverlib.lib : interrupt.obj (.text:IntMasterEnable)
                  00004b16    00000010     lcd.obj (.text:lcd_clear)
                  00004b26    0000000e     rtsv7M4_T_le_v4SPD16_eabi.lib : copy_decompress_none.c.obj (.text:decompress:none:__TI_decompress_none)
                  00004b34    0000000c     driverlib.lib : cpu.obj (.text:CPUcpsie)
                  00004b40    0000000c     tm4c123gh6pm_startup_ccs.obj (.text)
                  00004b4c    0000000a     rtsv7M4_T_le_v4SPD16_eabi.lib : sprintf.c.obj (.text:_outc)
                  00004b56    00000002     --HOLE-- [fill = 0]
                  00004b58    00000008                                   : errno.c.obj (.text:__aeabi_errno_addr)
                  00004b60    00000008                                   : memory.c.obj (.text:malloc)
                  00004b68    00000004                                   : pre_init.c.obj (.text:_system_pre_init)
                  00004b6c    00000004                                   : exit.c.obj (.text:abort:abort)

.const     0    00004b70    00000181     
                  00004b70    00000101     rtsv7M4_T_le_v4SPD16_eabi.lib : ctype.c.obj (.const:.string:_ctypes_)
                  00004c71    00000027     Movement.obj (.const:.string:$P$T1$2)
                  00004c98    00000024     Movement.obj (.const:.string:$P$T0$1)
                  00004cbc    00000011     Movement.obj (.const:.string:$P$T3$4)
                  00004ccd    0000000f     open_interface.obj (.const:.string:$P$T0$3)
                  00004cdc    0000000d     Movement.obj (.const:.string:$P$T2$3)
                  00004ce9    00000004     lcd.obj (.const:.string:lineAddress$1)
                  00004ced    00000004     lcd.obj (.const:.string:lineAddresses$2)

.cinit     0    00004cf8    00000058     
                  00004cf8    0000001f     (.cinit..data.load) [load image, compression = lzss]
                  00004d17    00000001     --HOLE-- [fill = 0]
                  00004d18    0000000c     (__TI_handler_table)
                  00004d24    00000004     --HOLE-- [fill = 0]
                  00004d28    00000008     (.cinit..bss.load) [load image, compression = zero_init]
                  00004d30    00000008     (.cinit..vtable.load) [load image, compression = zero_init]
                  00004d38    00000018     (__TI_cinit_table)

.init_array 
*          0    00000000    00000000     UNINITIALIZED

.vtable    0    20000000    0000026c     UNINITIALIZED
                  20000000    0000026c     driverlib.lib : interrupt.obj (.vtable)

.stack     0    20000270    00001000     UNINITIALIZED
                  20000270    00000004     rtsv7M4_T_le_v4SPD16_eabi.lib : boot_cortex_m.c.obj (.stack)
                  20000274    00000ffc     --HOLE--

.sysmem    0    20001270    00001000     UNINITIALIZED
                  20001270    00000010     rtsv7M4_T_le_v4SPD16_eabi.lib : memory.c.obj (.sysmem)
                  20001280    00000ff0     --HOLE--

.bss       0    20002270    0000008a     UNINITIALIZED
                  20002270    00000054     lcd.obj (.bss:lastbuffer$3)
                  200022c4    00000018     open_interface.obj (.bss:firmware$2)
                  200022dc    00000004     (.common:_timeout_ticks)
                  200022e0    00000004     (.common:fallingEdge)
                  200022e4    00000004     (.common:isr_int_value)
                  200022e8    00000004     (.common:left_calibration_value)
                  200022ec    00000004     (.common:pulseLength)
                  200022f0    00000004     (.common:right_calibration_value)
                  200022f4    00000004     (.common:risingEdge)
                  200022f8    00000001     (.common:input)
                  200022f9    00000001     (.common:isRisingEdge)

.data      0    200022fc    00000041     UNINITIALIZED
                  200022fc    00000020     open_interface.obj (.data)
                  2000231c    00000008     rtsv7M4_T_le_v4SPD16_eabi.lib : _lock.c.obj (.data:$O1$$)
                  20002324    00000008                                   : memory.c.obj (.data:$O1$$)
                  2000232c    00000008     uart-interrupt.obj (.data)
                  20002334    00000004     libcybotScan.lib : cyBot_Scan.obj (.data)
                  20002338    00000004     rtsv7M4_T_le_v4SPD16_eabi.lib : errno.c.obj (.data)
                  2000233c    00000001     Timer.obj (.data)

__llvm_prf_cnts 
*          0    20000000    00000000     UNINITIALIZED

MODULE SUMMARY

       Module                         code    ro data   rw data
       ------                         ----    -------   -------
    .\
       open_interface.obj             3120    15        56     
       Movement.obj                   3076    105       8      
       lcd.obj                        824     8         84     
       tm4c123gh6pm_startup_ccs.obj   12      620       0      
       Timer.obj                      584     0         5      
       uart-interrupt.obj             492     0         9      
    +--+------------------------------+-------+---------+---------+
       Total:                         8108    748       162    
                                                               
    ../libcybotScan.lib
       cyBot_Scan.obj                 608     0         4      
       ping.obj                       492     0         13     
       servo.obj                      344     0         0      
       ir.obj                         280     0         4      
    +--+------------------------------+-------+---------+---------+
       Total:                         1724    0         21     
                                                               
    C:/ti/TivaWare_C_Series-2.1.4.178/driverlib/ccs/Debug/driverlib.lib
       interrupt.obj                  68      0         620    
       cpu.obj                        12      0         0      
    +--+------------------------------+-------+---------+---------+
       Total:                         80      0         620    
                                                               
    C:\ti\ccs1031\ccs\tools\compiler\ti-cgt-arm_20.2.4.LTS\lib\rtsv7M4_T_le_v4SPD16_eabi.lib
       _printfi.c.obj                 4851    0         0      
       memory.c.obj                   728     0         8      
       fd_add_t2.asm.obj              438     0         0      
       fd_div_t2.asm.obj              310     0         0      
       s_scalbn.c.obj                 272     0         0      
       fd_cmp_t2.asm.obj              268     0         0      
       ctype.c.obj                    0       257       0      
       fd_mul_t2.asm.obj              252     0         0      
       memcpy_t2.asm.obj              156     0         0      
       ull_div_t2.asm.obj             150     0         0      
       vsnprintf.c.obj                136     0         0      
       memset_t2.asm.obj              122     0         0      
       fd_tos_t2.asm.obj              110     0         0      
       copy_decompress_lzss.c.obj     104     0         0      
       s_frexp.c.obj                  100     0         0      
       sprintf.c.obj                  98      0         0      
       _ltoa.c.obj                    84      0         0      
       atoi.c.obj                     76      0         0      
       fd_toi_t2.asm.obj              72      0         0      
       autoinit.c.obj                 68      0         0      
       fs_tod_t2.asm.obj              56      0         0      
       boot_cortex_m.c.obj            52      0         0      
       i_tofd_t2.asm.obj              46      0         0      
       copy_zero_init.c.obj           28      0         0      
       memccpy.c.obj                  28      0         0      
       s_copysign.c.obj               26      0         0      
       strcmp.c.obj                   24      0         0      
       strchr.c.obj                   22      0         0      
       strcpy.c.obj                   20      0         0      
       strlen.c.obj                   20      0         0      
       wcslen.c.obj                   18      0         0      
       copy_decompress_none.c.obj     14      0         0      
       errno.c.obj                    8       0         4      
       _lock.c.obj                    2       0         8      
       exit.c.obj                     4       0         0      
       pre_init.c.obj                 4       0         0      
       div0.asm.obj                   2       0         0      
    +--+------------------------------+-------+---------+---------+
       Total:                         8769    257       20     
                                                               
       Heap:                          0       0         4096   
       Stack:                         0       0         4096   
       Linker Generated:              0       83        0      
    +--+------------------------------+-------+---------+---------+
       Grand Total:                   18681   1088      9015   


LINKER GENERATED COPY TABLES

__TI_cinit_table @ 00004d38 records: 3, size/record: 8, table size: 24
	.data: load addr=00004cf8, load size=0000001f bytes, run addr=200022fc, run size=00000041 bytes, compression=lzss
	.bss: load addr=00004d28, load size=00000008 bytes, run addr=20002270, run size=0000008a bytes, compression=zero_init
	.vtable: load addr=00004d30, load size=00000008 bytes, run addr=20000000, run size=0000026c bytes, compression=zero_init


LINKER GENERATED HANDLER TABLE

__TI_handler_table @ 00004d18 records: 3, size/record: 4, table size: 12
	index: 0, handler: __TI_zero_init
	index: 1, handler: __TI_decompress_lzss
	index: 2, handler: __TI_decompress_none


GLOBAL SYMBOLS: SORTED ALPHABETICALLY BY Name 

address   name                          
-------   ----                          
00003c01  ADC0SS0_Handler               
00004b6d  C$$EXIT                       
00004b35  CPUcpsie                      
000017c9  Collision                     
00000bbb  GPIOF_Handler                 
00004b07  IntMasterEnable               
000048f9  IntRegister                   
00004b41  ResetISR                      
00003009  TIMER3B_Handler               
0000322b  UART1_Handler                 
20001270  __STACK_END                   
00001000  __STACK_SIZE                  
20000470  __STACK_TOP                   
00001000  __SYSMEM_SIZE                 
00004d38  __TI_CINIT_Base               
00004d50  __TI_CINIT_Limit              
00004d18  __TI_Handler_Table_Base       
00004d24  __TI_Handler_Table_Limit      
00004785  __TI_auto_init_nobinit_nopinit
00004529  __TI_decompress_lzss          
00004b27  __TI_decompress_none          
0000464b  __TI_ltoa                     
ffffffff  __TI_pprof_out_hndl           
00001a89  __TI_printfi                  
ffffffff  __TI_prof_data_size           
ffffffff  __TI_prof_data_start          
00000000  __TI_static_base__            
000049e9  __TI_zero_init_nomemset       
00004255  __aeabi_cdcmpeq               
00004255  __aeabi_cdcmple               
000042db  __aeabi_cdrcmple              
000044bb  __aeabi_d2f                   
0000473d  __aeabi_d2iz                  
000034cb  __aeabi_dadd                  
0000390d  __aeabi_ddiv                  
00003e91  __aeabi_dmul                  
000034c1  __aeabi_dsub                  
00004b59  __aeabi_errno_addr            
000048c1  __aeabi_f2d                   
00004991  __aeabi_i2d                   
00003677  __aeabi_idiv0                 
00003677  __aeabi_ldiv0                 
00004361  __aeabi_memclr                
00004361  __aeabi_memclr4               
00004361  __aeabi_memclr8               
00004123  __aeabi_memcpy                
00004123  __aeabi_memcpy4               
00004123  __aeabi_memcpy8               
00004363  __aeabi_memset                
00004363  __aeabi_memset4               
00004363  __aeabi_memset8               
000041bf  __aeabi_uldivmod              
ffffffff  __binit__                     
ffffffff  __c_args__                    
UNDEFED   __mpu_init                    
20000270  __stack                       
20000000  __start___llvm_prf_cnts       
20000000  __stop___llvm_prf_cnts        
0000492d  _c_int00_noargs               
00004b70  _ctypes_                      
2000231c  _lock                         
000024d7  _nop                          
2000233c  _running                      
20001270  _sys_memory                   
UNDEFED   _system_post_cinit            
00004b69  _system_pre_init              
200022dc  _timeout_ticks                
20002320  _unlock                       
00004b6d  abort                         
00003d91  aligned_alloc                 
000046f1  atoi                          
ffffffff  binit                         
00004889  calloc                        
2000232c  command_byte                  
20002330  command_flag                  
00004a3d  copysign                      
00004a3d  copysignl                     
00002b49  cyBOT_SERVO_cal               
00002ad7  cyBOT_Scan                    
00002a7f  cyBOT_init_Scan               
20002334  cyBOT_scan_features           
00002a71  cyBOT_scan_version            
20002338  errno                         
200022e0  fallingEdge                   
00003f8d  free                          
00004591  frexp                         
00004591  frexpl                        
20000000  g_pfnRAMVectors               
00000000  g_pfnVectors                  
0000097f  go_charge                     
200022f8  input                         
00003c17  ir_enableInterrupt            
00003bf9  ir_getDistance                
00003bd1  ir_getValue                   
00003b69  ir_init                       
200022f9  isRisingEdge                  
200022e4  isr_int_value                 
00004b17  lcd_clear                     
000026ad  lcd_gotoLine                  
00002515  lcd_init                      
00002713  lcd_printf                    
000025d5  lcd_putc                      
0000260d  lcd_puts                      
000024d9  lcd_reverseNibble             
0000262b  lcd_sendCommand               
00002669  lcd_sendNibble                
000026d5  lcd_setCursorPos              
00003c81  ldexp                         
00003c81  ldexpl                        
200022e8  left_calibration_value        
00001719  main                          
00004b61  malloc                        
00003d91  memalign                      
00004a21  memccpy                       
00004123  memcpy                        
00004369  memset                        
200022fc  motor_cal_factor_L            
20002300  motor_cal_factor_R            
00001585  move_back                     
00001507  move_forward                  
00001881  move_to                       
0000026d  oi_alloc                      
00000aa1  oi_checkFirmware              
000002c7  oi_close                      
00000279  oi_free                       
00000de5  oi_getMotorCalibrationLeft    
00000df5  oi_getMotorCalibrationRight   
000002b1  oi_init                       
00000289  oi_init_noupdate              
00000915  oi_loadSong                   
00004a87  oi_parseInt                   
0000032b  oi_parsePacket                
0000096b  oi_play_song                  
0000084b  oi_setLeds                    
00000da9  oi_setMotorCalibration        
0000088f  oi_setWheels                  
00000b49  oi_shutoff_init               
0000098d  oi_uartInit                   
00000a31  oi_uartReceive                
00000a6f  oi_uartSendBuff               
00000a15  oi_uartSendChar               
00000a51  oi_uartSendStr                
000002d9  oi_update                     
0000305b  ping_getDistance              
00002f19  ping_init                     
00002f9f  ping_trigger                  
200022ec  pulseLength                   
200022f0  right_calibration_value       
200022f4  risingEdge                    
00003c81  scalbn                        
00003c81  scalbnl                       
00000e85  scan                          
00003679  servo_init                    
00003709  servo_move                    
00003769  servo_setPWM                  
000036fd  servo_stop                    
000047c9  sprintf                       
00004ab7  strchr                        
00004a9f  strcmp                        
00004acd  strcpy                        
00004ae1  strlen                        
00002def  timer_getMicros               
00002d97  timer_getMillis               
00002cd1  timer_init                    
00002d73  timer_pause                   
00002d85  timer_resume                  
00002d49  timer_stop                    
00002e49  timer_waitMicros              
00002e7b  timer_waitMillis              
00001695  turn_left                     
0000161d  turn_right                    
00003105  uart_interrupt_init           
000031dd  uart_receive                  
00003203  uart_receive_nonblocking      
000031c1  uart_sendChar                 
00003221  uart_sendStr                  
00004809  vsnprintf                     
00004af5  wcslen                        


GLOBAL SYMBOLS: SORTED BY Symbol Address 

address   name                          
-------   ----                          
00000000  __TI_static_base__            
00000000  g_pfnVectors                  
0000026d  oi_alloc                      
00000279  oi_free                       
00000289  oi_init_noupdate              
000002b1  oi_init                       
000002c7  oi_close                      
000002d9  oi_update                     
0000032b  oi_parsePacket                
0000084b  oi_setLeds                    
0000088f  oi_setWheels                  
00000915  oi_loadSong                   
0000096b  oi_play_song                  
0000097f  go_charge                     
0000098d  oi_uartInit                   
00000a15  oi_uartSendChar               
00000a31  oi_uartReceive                
00000a51  oi_uartSendStr                
00000a6f  oi_uartSendBuff               
00000aa1  oi_checkFirmware              
00000b49  oi_shutoff_init               
00000bbb  GPIOF_Handler                 
00000da9  oi_setMotorCalibration        
00000de5  oi_getMotorCalibrationLeft    
00000df5  oi_getMotorCalibrationRight   
00000e85  scan                          
00001000  __STACK_SIZE                  
00001000  __SYSMEM_SIZE                 
00001507  move_forward                  
00001585  move_back                     
0000161d  turn_right                    
00001695  turn_left                     
00001719  main                          
000017c9  Collision                     
00001881  move_to                       
00001a89  __TI_printfi                  
000024d7  _nop                          
000024d9  lcd_reverseNibble             
00002515  lcd_init                      
000025d5  lcd_putc                      
0000260d  lcd_puts                      
0000262b  lcd_sendCommand               
00002669  lcd_sendNibble                
000026ad  lcd_gotoLine                  
000026d5  lcd_setCursorPos              
00002713  lcd_printf                    
00002a71  cyBOT_scan_version            
00002a7f  cyBOT_init_Scan               
00002ad7  cyBOT_Scan                    
00002b49  cyBOT_SERVO_cal               
00002cd1  timer_init                    
00002d49  timer_stop                    
00002d73  timer_pause                   
00002d85  timer_resume                  
00002d97  timer_getMillis               
00002def  timer_getMicros               
00002e49  timer_waitMicros              
00002e7b  timer_waitMillis              
00002f19  ping_init                     
00002f9f  ping_trigger                  
00003009  TIMER3B_Handler               
0000305b  ping_getDistance              
00003105  uart_interrupt_init           
000031c1  uart_sendChar                 
000031dd  uart_receive                  
00003203  uart_receive_nonblocking      
00003221  uart_sendStr                  
0000322b  UART1_Handler                 
000034c1  __aeabi_dsub                  
000034cb  __aeabi_dadd                  
00003677  __aeabi_idiv0                 
00003677  __aeabi_ldiv0                 
00003679  servo_init                    
000036fd  servo_stop                    
00003709  servo_move                    
00003769  servo_setPWM                  
0000390d  __aeabi_ddiv                  
00003b69  ir_init                       
00003bd1  ir_getValue                   
00003bf9  ir_getDistance                
00003c01  ADC0SS0_Handler               
00003c17  ir_enableInterrupt            
00003c81  ldexp                         
00003c81  ldexpl                        
00003c81  scalbn                        
00003c81  scalbnl                       
00003d91  aligned_alloc                 
00003d91  memalign                      
00003e91  __aeabi_dmul                  
00003f8d  free                          
00004123  __aeabi_memcpy                
00004123  __aeabi_memcpy4               
00004123  __aeabi_memcpy8               
00004123  memcpy                        
000041bf  __aeabi_uldivmod              
00004255  __aeabi_cdcmpeq               
00004255  __aeabi_cdcmple               
000042db  __aeabi_cdrcmple              
00004361  __aeabi_memclr                
00004361  __aeabi_memclr4               
00004361  __aeabi_memclr8               
00004363  __aeabi_memset                
00004363  __aeabi_memset4               
00004363  __aeabi_memset8               
00004369  memset                        
000044bb  __aeabi_d2f                   
00004529  __TI_decompress_lzss          
00004591  frexp                         
00004591  frexpl                        
0000464b  __TI_ltoa                     
000046f1  atoi                          
0000473d  __aeabi_d2iz                  
00004785  __TI_auto_init_nobinit_nopinit
000047c9  sprintf                       
00004809  vsnprintf                     
00004889  calloc                        
000048c1  __aeabi_f2d                   
000048f9  IntRegister                   
0000492d  _c_int00_noargs               
00004991  __aeabi_i2d                   
000049e9  __TI_zero_init_nomemset       
00004a21  memccpy                       
00004a3d  copysign                      
00004a3d  copysignl                     
00004a87  oi_parseInt                   
00004a9f  strcmp                        
00004ab7  strchr                        
00004acd  strcpy                        
00004ae1  strlen                        
00004af5  wcslen                        
00004b07  IntMasterEnable               
00004b17  lcd_clear                     
00004b27  __TI_decompress_none          
00004b35  CPUcpsie                      
00004b41  ResetISR                      
00004b59  __aeabi_errno_addr            
00004b61  malloc                        
00004b69  _system_pre_init              
00004b6d  C$$EXIT                       
00004b6d  abort                         
00004b70  _ctypes_                      
00004d18  __TI_Handler_Table_Base       
00004d24  __TI_Handler_Table_Limit      
00004d38  __TI_CINIT_Base               
00004d50  __TI_CINIT_Limit              
20000000  __start___llvm_prf_cnts       
20000000  __stop___llvm_prf_cnts        
20000000  g_pfnRAMVectors               
20000270  __stack                       
20000470  __STACK_TOP                   
20001270  __STACK_END                   
20001270  _sys_memory                   
200022dc  _timeout_ticks                
200022e0  fallingEdge                   
200022e4  isr_int_value                 
200022e8  left_calibration_value        
200022ec  pulseLength                   
200022f0  right_calibration_value       
200022f4  risingEdge                    
200022f8  input                         
200022f9  isRisingEdge                  
200022fc  motor_cal_factor_L            
20002300  motor_cal_factor_R            
2000231c  _lock                         
20002320  _unlock                       
2000232c  command_byte                  
20002330  command_flag                  
20002334  cyBOT_scan_features           
20002338  errno                         
2000233c  _running                      
ffffffff  __TI_pprof_out_hndl           
ffffffff  __TI_prof_data_size           
ffffffff  __TI_prof_data_start          
ffffffff  __binit__                     
ffffffff  __c_args__                    
ffffffff  binit                         
UNDEFED   __mpu_init                    
UNDEFED   _system_post_cinit            

[178 symbols]
