******************************************************************************
                  TI ARM Linker PC v20.2.4                     
******************************************************************************
>> Linked Wed Mar 30 14:53:05 2022

OUTPUT FILE NAME:   <Lab7.out>
ENTRY POINT SYMBOL: "_c_int00_noargs"  address: 000056a9


MEMORY CONFIGURATION

         name            origin    length      used     unused   attr    fill
----------------------  --------  ---------  --------  --------  ----  --------
  FLASH                 00000000   00040000  00005b06  0003a4fa  R  X
  SRAM                  20000000   00008000  0000286a  00005796  RW X


SEGMENT ALLOCATION MAP

run origin  load origin   length   init length attrs members
----------  ----------- ---------- ----------- ----- -------
00000000    00000000    00005b10   00005b10    r-x
  00000000    00000000    0000026c   0000026c    r-- .intvecs
  0000026c    0000026c    00005670   00005670    r-x .text
  000058e0    000058e0    000001ca   000001ca    r-- .const
  00005ab0    00005ab0    00000060   00000060    r-- .cinit
20000000    20000000    00002870   00000000    rw-
  20000000    20000000    0000026c   00000000    rw- .vtable
  20000270    20000270    00001000   00000000    rw- .stack
  20001270    20001270    00001000   00000000    rw- .sysmem
  20002270    20002270    000005b2   00000000    rw- .bss
  20002824    20002824    0000004c   00000000    rw- .data


SECTION ALLOCATION MAP

 output                                  attributes/
section   page    origin      length       input sections
--------  ----  ----------  ----------   ----------------
.intvecs   0    00000000    0000026c     
                  00000000    0000026c     tm4c123gh6pm_startup_ccs.obj (.intvecs)

.text      0    0000026c    00005670     
                  0000026c    00000c34     Movement.obj (.text)
                  00000ea0    00000c20     open_interface.obj (.text)
                  00001ac0    00000a4e     rtsv7M4_T_le_v4SPD16_eabi.lib : _printfi.c.obj (.text:__TI_printfi)
                  0000250e    00000002                                   : _lock.c.obj (.text:_nop)
                  00002510    000009c0                                   : e_pow.c.obj (.text:pow)
                  00002ed0    00000328     lcd.obj (.text)
                  000031f8    00000270     rtsv7M4_T_le_v4SPD16_eabi.lib : _printfi.c.obj (.text:_pconv_a)
                  00003468    00000260     libcybotScan.lib : cyBot_Scan.obj (.text)
                  000036c8    00000248     Timer.obj (.text)
                  00003910    000001f4     uart-interrupt.obj (.text)
                  00003b04    000001ec     libcybotScan.lib : ping.obj (.text)
                  00003cf0    000001d0     rtsv7M4_T_le_v4SPD16_eabi.lib : _printfi.c.obj (.text:_pconv_g)
                  00003ec0    000001b6                                   : fd_add_t2.asm.obj (.text)
                  00004076    00000002                                   : div0.asm.obj (.text)
                  00004078    00000158     libcybotScan.lib : servo.obj (.text)
                  000041d0    00000158     rtsv7M4_T_le_v4SPD16_eabi.lib : e_sqrt.c.obj (.text:sqrt)
                  00004328    0000013c                                   : _printfi.c.obj (.text:_pconv_e)
                  00004464    00000136                                   : fd_div_t2.asm.obj (.text)
                  0000459a    00000002     --HOLE-- [fill = 0]
                  0000459c    00000124     adc.obj (.text)
                  000046c0    00000124     rtsv7M4_T_le_v4SPD16_eabi.lib : _printfi.c.obj (.text:fcvt)
                  000047e4    00000118     libcybotScan.lib : ir.obj (.text)
                  000048fc    00000110     rtsv7M4_T_le_v4SPD16_eabi.lib : s_scalbn.c.obj (.text:scalbn)
                  00004a0c    00000100                                   : memory.c.obj (.text:aligned_alloc)
                  00004b0c    00000100     lab7main.obj (.text)
                  00004c0c    000000fc     rtsv7M4_T_le_v4SPD16_eabi.lib : fd_mul_t2.asm.obj (.text)
                  00004d08    000000e4                                   : memory.c.obj (.text:free)
                  00004dec    000000b1                                   : _printfi.c.obj (.text:_ltostr)
                  00004e9d    00000001     --HOLE-- [fill = 0]
                  00004e9e    0000009c                                   : memcpy_t2.asm.obj (.text)
                  00004f3a    00000096                                   : ull_div_t2.asm.obj (.text)
                  00004fd0    00000086                                   : fd_cmp_t2.asm.obj (.text:__aeabi_cdcmple)
                  00005056    00000086                                   : fd_cmp_t2.asm.obj (.text:__aeabi_cdrcmple)
                  000050dc    0000007a                                   : memset_t2.asm.obj (.text)
                  00005156    00000002     --HOLE-- [fill = 0]
                  00005158    00000070                                   : memory.c.obj (.text:split)
                  000051c8    0000006e                                   : _printfi.c.obj (.text:_mcpy)
                  00005236    0000006e                                   : fd_tos_t2.asm.obj (.text)
                  000052a4    00000068                                   : copy_decompress_lzss.c.obj (.text:decompress:lzss:__TI_decompress_lzss)
                  0000530c    00000064                                   : s_frexp.c.obj (.text:frexp)
                  00005370    00000056                                   : _printfi.c.obj (.text:_pconv_f)
                  000053c6    00000054                                   : _ltoa.c.obj (.text:__TI_ltoa)
                  0000541a    00000052                                   : _printfi.c.obj (.text:_ecpy)
                  0000546c    0000004c                                   : atoi.c.obj (.text:atoi)
                  000054b8    00000048                                   : fd_toi_t2.asm.obj (.text)
                  00005500    00000044                                   : autoinit.c.obj (.text:__TI_auto_init_nobinit_nopinit:__TI_auto_init_nobinit_nopinit)
                  00005544    00000040                                   : sprintf.c.obj (.text:sprintf)
                  00005584    00000040                                   : vsnprintf.c.obj (.text:vsnprintf)
                  000055c4    0000003e                                   : _printfi.c.obj (.text:_fcpy)
                  00005602    00000002     --HOLE-- [fill = 0]
                  00005604    00000038                                   : memory.c.obj (.text:calloc)
                  0000563c    00000038                                   : fs_tod_t2.asm.obj (.text)
                  00005674    00000034     driverlib.lib : interrupt.obj (.text:IntRegister)
                  000056a8    00000034     rtsv7M4_T_le_v4SPD16_eabi.lib : boot_cortex_m.c.obj (.text:_c_int00_noargs:_c_int00_noargs)
                  000056dc    00000030                                   : vsnprintf.c.obj (.text:_outs)
                  0000570c    0000002e                                   : i_tofd_t2.asm.obj (.text)
                  0000573a    00000002     --HOLE-- [fill = 0]
                  0000573c    00000028                                   : memory.c.obj (.text:free_list_insert)
                  00005764    0000001c                                   : memory.c.obj (.text:free_list_remove)
                  00005780    0000001c                                   : memccpy.c.obj (.text:memccpy)
                  0000579c    0000001a                                   : s_copysign.c.obj (.text:copysign)
                  000057b6    00000018                                   : vsnprintf.c.obj (.text:_outc)
                  000057ce    00000018                                   : sprintf.c.obj (.text:_outs)
                  000057e6    00000018     open_interface.obj (.text:oi_parseInt)
                  000057fe    00000018     rtsv7M4_T_le_v4SPD16_eabi.lib : strcmp.c.obj (.text:strcmp)
                  00005816    00000016                                   : strchr.c.obj (.text:strchr)
                  0000582c    00000014                                   : strcpy.c.obj (.text:strcpy)
                  00005840    00000014                                   : strlen.c.obj (.text:strlen)
                  00005854    00000012                                   : wcslen.c.obj (.text:wcslen)
                  00005866    00000010     driverlib.lib : interrupt.obj (.text:IntMasterEnable)
                  00005876    00000010     lcd.obj (.text:lcd_clear)
                  00005886    0000000e     rtsv7M4_T_le_v4SPD16_eabi.lib : copy_decompress_none.c.obj (.text:decompress:none:__TI_decompress_none)
                  00005894    0000000c     driverlib.lib : cpu.obj (.text:CPUcpsie)
                  000058a0    0000000c     rtsv7M4_T_le_v4SPD16_eabi.lib : copy_zero_init.c.obj (.text:decompress:ZI:__TI_zero_init)
                  000058ac    0000000c     tm4c123gh6pm_startup_ccs.obj (.text)
                  000058b8    0000000a     rtsv7M4_T_le_v4SPD16_eabi.lib : sprintf.c.obj (.text:_outc)
                  000058c2    00000002     --HOLE-- [fill = 0]
                  000058c4    00000008                                   : errno.c.obj (.text:__aeabi_errno_addr)
                  000058cc    00000008                                   : memory.c.obj (.text:malloc)
                  000058d4    00000004                                   : pre_init.c.obj (.text:_system_pre_init)
                  000058d8    00000004                                   : exit.c.obj (.text:abort:abort)

.const     0    000058e0    000001ca     
                  000058e0    00000101     rtsv7M4_T_le_v4SPD16_eabi.lib : ctype.c.obj (.const:.string:_ctypes_)
                  000059e1    00000004     lcd.obj (.const:.string:lineAddress$1)
                  000059e5    00000003     --HOLE-- [fill = 0]
                  000059e8    00000030     rtsv7M4_T_le_v4SPD16_eabi.lib : e_pow.c.obj (.const:$O1$$)
                  00005a18    00000027     Movement.obj (.const:.string:$P$T1$2)
                  00005a3f    00000024     Movement.obj (.const:.string:$P$T0$1)
                  00005a63    00000011     Movement.obj (.const:.string:$P$T5$6)
                  00005a74    0000000f     open_interface.obj (.const:.string:$P$T0$3)
                  00005a83    0000000e     Movement.obj (.const:.string:$P$T3$4)
                  00005a91    0000000d     Movement.obj (.const:.string:$P$T4$5)
                  00005a9e    00000008     Movement.obj (.const:.string:$P$T2$3)
                  00005aa6    00000004     lcd.obj (.const:.string:lineAddresses$2)

.cinit     0    00005ab0    00000060     
                  00005ab0    00000027     (.cinit..data.load) [load image, compression = lzss]
                  00005ad7    00000001     --HOLE-- [fill = 0]
                  00005ad8    0000000c     (__TI_handler_table)
                  00005ae4    00000004     --HOLE-- [fill = 0]
                  00005ae8    00000008     (.cinit..bss.load) [load image, compression = zero_init]
                  00005af0    00000008     (.cinit..vtable.load) [load image, compression = zero_init]
                  00005af8    00000018     (__TI_cinit_table)

.init_array 
*          0    00000000    00000000     UNINITIALIZED

.vtable    0    20000000    0000026c     UNINITIALIZED
                  20000000    0000026c     driverlib.lib : interrupt.obj (.vtable)

.stack     0    20000270    00001000     UNINITIALIZED
                  20000270    00000004     rtsv7M4_T_le_v4SPD16_eabi.lib : boot_cortex_m.c.obj (.stack)
                  20000274    00000ffc     --HOLE--

.sysmem    0    20001270    00001000     UNINITIALIZED
                  20001270    00000010     rtsv7M4_T_le_v4SPD16_eabi.lib : memory.c.obj (.sysmem)
                  20001280    00000ff0     --HOLE--

.bss       0    20002270    000005b2     UNINITIALIZED
                  20002270    00000168     (.common:angles)
                  200023d8    00000168     (.common:iraws)
                  20002540    00000168     (.common:pAv)
                  200026a8    000000f0     (.common:outside)
                  20002798    00000054     lcd.obj (.bss:lastbuffer$3)
                  200027ec    00000018     open_interface.obj (.bss:firmware$2)
                  20002804    00000004     (.common:_timeout_ticks)
                  20002808    00000004     (.common:fallingEdge)
                  2000280c    00000004     (.common:isr_int_value)
                  20002810    00000004     (.common:left_calibration_value)
                  20002814    00000004     (.common:pulseLength)
                  20002818    00000004     (.common:right_calibration_value)
                  2000281c    00000004     (.common:risingEdge)
                  20002820    00000001     (.common:input)
                  20002821    00000001     (.common:isRisingEdge)

.data      0    20002824    0000004c     UNINITIALIZED
                  20002824    00000020     open_interface.obj (.data)
                  20002844    0000000a     Movement.obj (.data)
                  2000284e    00000001     Timer.obj (.data)
                  2000284f    00000001     --HOLE--
                  20002850    00000008     rtsv7M4_T_le_v4SPD16_eabi.lib : _lock.c.obj (.data:$O1$$)
                  20002858    00000008                                   : memory.c.obj (.data:$O1$$)
                  20002860    00000008     uart-interrupt.obj (.data)
                  20002868    00000004     libcybotScan.lib : cyBot_Scan.obj (.data)
                  2000286c    00000004     rtsv7M4_T_le_v4SPD16_eabi.lib : errno.c.obj (.data)

__llvm_prf_cnts 
*          0    20000000    00000000     UNINITIALIZED

MODULE SUMMARY

       Module                         code    ro data   rw data
       ------                         ----    -------   -------
    .\
       Movement.obj                   3124    127       1338   
       open_interface.obj             3128    15        56     
       lcd.obj                        824     8         84     
       tm4c123gh6pm_startup_ccs.obj   12      620       0      
       Timer.obj                      584     0         5      
       uart-interrupt.obj             500     0         9      
       adc.obj                        292     0         0      
       lab7main.obj                   256     0         0      
    +--+------------------------------+-------+---------+---------+
       Total:                         8720    770       1492   
                                                               
    ../libcybotScan.lib
       cyBot_Scan.obj                 608     0         4      
       ping.obj                       492     0         13     
       servo.obj                      344     0         0      
       ir.obj                         280     0         4      
    +--+------------------------------+-------+---------+---------+
       Total:                         1724    0         21     
                                                               
    C:/ti/TivaWare_C_Series-2.1.4.178/driverlib/ccs/Debug/driverlib.lib
       interrupt.obj                  68      0         620    
       cpu.obj                        12      0         0      
    +--+------------------------------+-------+---------+---------+
       Total:                         80      0         620    
                                                               
    C:\ti\ccs1031\ccs\tools\compiler\ti-cgt-arm_20.2.4.LTS\lib\rtsv7M4_T_le_v4SPD16_eabi.lib
       _printfi.c.obj                 4851    0         0      
       e_pow.c.obj                    2496    48        0      
       memory.c.obj                   728     0         8      
       fd_add_t2.asm.obj              438     0         0      
       e_sqrt.c.obj                   344     0         0      
       fd_div_t2.asm.obj              310     0         0      
       s_scalbn.c.obj                 272     0         0      
       fd_cmp_t2.asm.obj              268     0         0      
       ctype.c.obj                    0       257       0      
       fd_mul_t2.asm.obj              252     0         0      
       memcpy_t2.asm.obj              156     0         0      
       ull_div_t2.asm.obj             150     0         0      
       vsnprintf.c.obj                136     0         0      
       memset_t2.asm.obj              122     0         0      
       fd_tos_t2.asm.obj              110     0         0      
       copy_decompress_lzss.c.obj     104     0         0      
       s_frexp.c.obj                  100     0         0      
       sprintf.c.obj                  98      0         0      
       _ltoa.c.obj                    84      0         0      
       atoi.c.obj                     76      0         0      
       fd_toi_t2.asm.obj              72      0         0      
       autoinit.c.obj                 68      0         0      
       fs_tod_t2.asm.obj              56      0         0      
       boot_cortex_m.c.obj            52      0         0      
       i_tofd_t2.asm.obj              46      0         0      
       memccpy.c.obj                  28      0         0      
       s_copysign.c.obj               26      0         0      
       strcmp.c.obj                   24      0         0      
       strchr.c.obj                   22      0         0      
       strcpy.c.obj                   20      0         0      
       strlen.c.obj                   20      0         0      
       wcslen.c.obj                   18      0         0      
       copy_decompress_none.c.obj     14      0         0      
       copy_zero_init.c.obj           12      0         0      
       errno.c.obj                    8       0         4      
       _lock.c.obj                    2       0         8      
       exit.c.obj                     4       0         0      
       pre_init.c.obj                 4       0         0      
       div0.asm.obj                   2       0         0      
    +--+------------------------------+-------+---------+---------+
       Total:                         11593   305       20     
                                                               
       Heap:                          0       0         4096   
       Stack:                         0       0         4096   
       Linker Generated:              0       91        0      
    +--+------------------------------+-------+---------+---------+
       Grand Total:                   22117   1166      10345  


LINKER GENERATED COPY TABLES

__TI_cinit_table @ 00005af8 records: 3, size/record: 8, table size: 24
	.data: load addr=00005ab0, load size=00000027 bytes, run addr=20002824, run size=0000004c bytes, compression=lzss
	.bss: load addr=00005ae8, load size=00000008 bytes, run addr=20002270, run size=000005b2 bytes, compression=zero_init
	.vtable: load addr=00005af0, load size=00000008 bytes, run addr=20000000, run size=0000026c bytes, compression=zero_init


LINKER GENERATED HANDLER TABLE

__TI_handler_table @ 00005ad8 records: 3, size/record: 4, table size: 12
	index: 0, handler: __TI_zero_init
	index: 1, handler: __TI_decompress_lzss
	index: 2, handler: __TI_decompress_none


GLOBAL SYMBOLS: SORTED ALPHABETICALLY BY Name 

address   name                          
-------   ----                          
0000487d  ADC0SS0_Handler               
000058d9  C$$EXIT                       
00005895  CPUcpsie                      
0000028d  CalculateAv                   
00000a35  Collision                     
000017f7  GPIOF_Handler                 
00005867  IntMasterEnable               
00005675  IntRegister                   
000058ad  ResetISR                      
00003bf5  TIMER3B_Handler               
00003a47  UART1_Handler                 
20001270  __STACK_END                   
00001000  __STACK_SIZE                  
20000470  __STACK_TOP                   
00001000  __SYSMEM_SIZE                 
00005af8  __TI_CINIT_Base               
00005b10  __TI_CINIT_Limit              
00005ad8  __TI_Handler_Table_Base       
00005ae4  __TI_Handler_Table_Limit      
00005501  __TI_auto_init_nobinit_nopinit
000052a5  __TI_decompress_lzss          
00005887  __TI_decompress_none          
000053c7  __TI_ltoa                     
ffffffff  __TI_pprof_out_hndl           
00001ac1  __TI_printfi                  
ffffffff  __TI_prof_data_size           
ffffffff  __TI_prof_data_start          
00000000  __TI_static_base__            
000058a1  __TI_zero_init                
00004fd1  __aeabi_cdcmpeq               
00004fd1  __aeabi_cdcmple               
00005057  __aeabi_cdrcmple              
00005237  __aeabi_d2f                   
000054b9  __aeabi_d2iz                  
00003ecb  __aeabi_dadd                  
00004465  __aeabi_ddiv                  
00004c0d  __aeabi_dmul                  
00003ec1  __aeabi_dsub                  
000058c5  __aeabi_errno_addr            
0000563d  __aeabi_f2d                   
0000570d  __aeabi_i2d                   
00004077  __aeabi_idiv0                 
00004077  __aeabi_ldiv0                 
000050dd  __aeabi_memclr                
000050dd  __aeabi_memclr4               
000050dd  __aeabi_memclr8               
00004e9f  __aeabi_memcpy                
00004e9f  __aeabi_memcpy4               
00004e9f  __aeabi_memcpy8               
000050df  __aeabi_memset                
000050df  __aeabi_memset4               
000050df  __aeabi_memset8               
00004f3b  __aeabi_uldivmod              
ffffffff  __binit__                     
ffffffff  __c_args__                    
UNDEFED   __mpu_init                    
20000270  __stack                       
20000000  __start___llvm_prf_cnts       
20000000  __stop___llvm_prf_cnts        
000056a9  _c_int00_noargs               
000058e0  _ctypes_                      
20002850  _lock                         
0000250f  _nop                          
2000284e  _running                      
20001270  _sys_memory                   
UNDEFED   _system_post_cinit            
000058d5  _system_pre_init              
20002804  _timeout_ticks                
20002854  _unlock                       
000058d9  abort                         
0000459d  adc_init                      
00004645  adc_read                      
0000026d  addAv                         
00004a0d  aligned_alloc                 
20002270  angles                        
0000546d  atoi                          
ffffffff  binit                         
00005605  calloc                        
2000284d  collide                       
20002860  command_byte                  
20002864  command_flag                  
0000579d  copysign                      
0000579d  copysignl                     
00003541  cyBOT_SERVO_cal               
000034cf  cyBOT_Scan                    
00003477  cyBOT_init_Scan               
20002868  cyBOT_scan_features           
00003469  cyBOT_scan_version            
2000286c  errno                         
20002808  fallingEdge                   
00004d09  free                          
0000530d  frexp                         
0000530d  frexpl                        
20000000  g_pfnRAMVectors               
00000000  g_pfnVectors                  
000015b3  go_charge                     
20002820  input                         
00004893  ir_enableInterrupt            
00004875  ir_getDistance                
0000484d  ir_getValue                   
000047e5  ir_init                       
200023d8  iraws                         
20002821  isRisingEdge                  
2000280c  isr_int_value                 
00005877  lcd_clear                     
000030a5  lcd_gotoLine                  
00002f0d  lcd_init                      
0000310b  lcd_printf                    
00002fcd  lcd_putc                      
00003005  lcd_puts                      
00002ed1  lcd_reverseNibble             
00003023  lcd_sendCommand               
00003061  lcd_sendNibble                
000030cd  lcd_setCursorPos              
000048fd  ldexp                         
000048fd  ldexpl                        
20002844  leftToffset                   
20002810  left_calibration_value        
00004b0d  main                          
000058cd  malloc                        
00004a0d  memalign                      
00005781  memccpy                       
00004e9f  memcpy                        
000050e5  memset                        
20002824  motor_cal_factor_L            
20002828  motor_cal_factor_R            
000008c1  move_back                     
0000081d  move_forward                  
00000b65  move_to                       
00000ea1  oi_alloc                      
000016dd  oi_checkFirmware              
00000efb  oi_close                      
00000ead  oi_free                       
00001a21  oi_getMotorCalibrationLeft    
00001a35  oi_getMotorCalibrationRight   
00000ee5  oi_init                       
00000ebd  oi_init_noupdate              
00001549  oi_loadSong                   
000057e7  oi_parseInt                   
00000f5f  oi_parsePacket                
0000159f  oi_play_song                  
0000147f  oi_setLeds                    
000019e5  oi_setMotorCalibration        
000014c3  oi_setWheels                  
00001785  oi_shutoff_init               
000015c1  oi_uartInit                   
00001665  oi_uartReceive                
000016ab  oi_uartSendBuff               
00001649  oi_uartSendChar               
0000168d  oi_uartSendStr                
00000f0d  oi_update                     
200026a8  outside                       
20002540  pAv                           
00003c47  ping_getDistance              
00003b05  ping_init                     
00003b8b  ping_trigger                  
00002511  pow                           
00002511  powl                          
20002814  pulseLength                   
20002848  rightToffset                  
20002818  right_calibration_value       
2000281c  risingEdge                    
000048fd  scalbn                        
000048fd  scalbnl                       
000002b7  scan                          
2000284c  secScan                       
00004079  servo_init                    
00004109  servo_move                    
00004169  servo_setPWM                  
000040fd  servo_stop                    
00005545  sprintf                       
000041d1  sqrt                          
000041d1  sqrtl                         
00005817  strchr                        
000057ff  strcmp                        
0000582d  strcpy                        
00005841  strlen                        
000037e7  timer_getMicros               
0000378f  timer_getMillis               
000036c9  timer_init                    
0000376b  timer_pause                   
0000377d  timer_resume                  
00003741  timer_stop                    
00003841  timer_waitMicros              
00003873  timer_waitMillis              
000009ad  turn_left                     
0000093b  turn_right                    
00003911  uart_interrupt_init           
000039ed  uart_receive                  
00003a13  uart_receive_nonblocking      
000039d1  uart_sendChar                 
00003a3d  uart_sendStr                  
00005585  vsnprintf                     
00005855  wcslen                        


GLOBAL SYMBOLS: SORTED BY Symbol Address 

address   name                          
-------   ----                          
00000000  __TI_static_base__            
00000000  g_pfnVectors                  
0000026d  addAv                         
0000028d  CalculateAv                   
000002b7  scan                          
0000081d  move_forward                  
000008c1  move_back                     
0000093b  turn_right                    
000009ad  turn_left                     
00000a35  Collision                     
00000b65  move_to                       
00000ea1  oi_alloc                      
00000ead  oi_free                       
00000ebd  oi_init_noupdate              
00000ee5  oi_init                       
00000efb  oi_close                      
00000f0d  oi_update                     
00000f5f  oi_parsePacket                
00001000  __STACK_SIZE                  
00001000  __SYSMEM_SIZE                 
0000147f  oi_setLeds                    
000014c3  oi_setWheels                  
00001549  oi_loadSong                   
0000159f  oi_play_song                  
000015b3  go_charge                     
000015c1  oi_uartInit                   
00001649  oi_uartSendChar               
00001665  oi_uartReceive                
0000168d  oi_uartSendStr                
000016ab  oi_uartSendBuff               
000016dd  oi_checkFirmware              
00001785  oi_shutoff_init               
000017f7  GPIOF_Handler                 
000019e5  oi_setMotorCalibration        
00001a21  oi_getMotorCalibrationLeft    
00001a35  oi_getMotorCalibrationRight   
00001ac1  __TI_printfi                  
0000250f  _nop                          
00002511  pow                           
00002511  powl                          
00002ed1  lcd_reverseNibble             
00002f0d  lcd_init                      
00002fcd  lcd_putc                      
00003005  lcd_puts                      
00003023  lcd_sendCommand               
00003061  lcd_sendNibble                
000030a5  lcd_gotoLine                  
000030cd  lcd_setCursorPos              
0000310b  lcd_printf                    
00003469  cyBOT_scan_version            
00003477  cyBOT_init_Scan               
000034cf  cyBOT_Scan                    
00003541  cyBOT_SERVO_cal               
000036c9  timer_init                    
00003741  timer_stop                    
0000376b  timer_pause                   
0000377d  timer_resume                  
0000378f  timer_getMillis               
000037e7  timer_getMicros               
00003841  timer_waitMicros              
00003873  timer_waitMillis              
00003911  uart_interrupt_init           
000039d1  uart_sendChar                 
000039ed  uart_receive                  
00003a13  uart_receive_nonblocking      
00003a3d  uart_sendStr                  
00003a47  UART1_Handler                 
00003b05  ping_init                     
00003b8b  ping_trigger                  
00003bf5  TIMER3B_Handler               
00003c47  ping_getDistance              
00003ec1  __aeabi_dsub                  
00003ecb  __aeabi_dadd                  
00004077  __aeabi_idiv0                 
00004077  __aeabi_ldiv0                 
00004079  servo_init                    
000040fd  servo_stop                    
00004109  servo_move                    
00004169  servo_setPWM                  
000041d1  sqrt                          
000041d1  sqrtl                         
00004465  __aeabi_ddiv                  
0000459d  adc_init                      
00004645  adc_read                      
000047e5  ir_init                       
0000484d  ir_getValue                   
00004875  ir_getDistance                
0000487d  ADC0SS0_Handler               
00004893  ir_enableInterrupt            
000048fd  ldexp                         
000048fd  ldexpl                        
000048fd  scalbn                        
000048fd  scalbnl                       
00004a0d  aligned_alloc                 
00004a0d  memalign                      
00004b0d  main                          
00004c0d  __aeabi_dmul                  
00004d09  free                          
00004e9f  __aeabi_memcpy                
00004e9f  __aeabi_memcpy4               
00004e9f  __aeabi_memcpy8               
00004e9f  memcpy                        
00004f3b  __aeabi_uldivmod              
00004fd1  __aeabi_cdcmpeq               
00004fd1  __aeabi_cdcmple               
00005057  __aeabi_cdrcmple              
000050dd  __aeabi_memclr                
000050dd  __aeabi_memclr4               
000050dd  __aeabi_memclr8               
000050df  __aeabi_memset                
000050df  __aeabi_memset4               
000050df  __aeabi_memset8               
000050e5  memset                        
00005237  __aeabi_d2f                   
000052a5  __TI_decompress_lzss          
0000530d  frexp                         
0000530d  frexpl                        
000053c7  __TI_ltoa                     
0000546d  atoi                          
000054b9  __aeabi_d2iz                  
00005501  __TI_auto_init_nobinit_nopinit
00005545  sprintf                       
00005585  vsnprintf                     
00005605  calloc                        
0000563d  __aeabi_f2d                   
00005675  IntRegister                   
000056a9  _c_int00_noargs               
0000570d  __aeabi_i2d                   
00005781  memccpy                       
0000579d  copysign                      
0000579d  copysignl                     
000057e7  oi_parseInt                   
000057ff  strcmp                        
00005817  strchr                        
0000582d  strcpy                        
00005841  strlen                        
00005855  wcslen                        
00005867  IntMasterEnable               
00005877  lcd_clear                     
00005887  __TI_decompress_none          
00005895  CPUcpsie                      
000058a1  __TI_zero_init                
000058ad  ResetISR                      
000058c5  __aeabi_errno_addr            
000058cd  malloc                        
000058d5  _system_pre_init              
000058d9  C$$EXIT                       
000058d9  abort                         
000058e0  _ctypes_                      
00005ad8  __TI_Handler_Table_Base       
00005ae4  __TI_Handler_Table_Limit      
00005af8  __TI_CINIT_Base               
00005b10  __TI_CINIT_Limit              
20000000  __start___llvm_prf_cnts       
20000000  __stop___llvm_prf_cnts        
20000000  g_pfnRAMVectors               
20000270  __stack                       
20000470  __STACK_TOP                   
20001270  __STACK_END                   
20001270  _sys_memory                   
20002270  angles                        
200023d8  iraws                         
20002540  pAv                           
200026a8  outside                       
20002804  _timeout_ticks                
20002808  fallingEdge                   
2000280c  isr_int_value                 
20002810  left_calibration_value        
20002814  pulseLength                   
20002818  right_calibration_value       
2000281c  risingEdge                    
20002820  input                         
20002821  isRisingEdge                  
20002824  motor_cal_factor_L            
20002828  motor_cal_factor_R            
20002844  leftToffset                   
20002848  rightToffset                  
2000284c  secScan                       
2000284d  collide                       
2000284e  _running                      
20002850  _lock                         
20002854  _unlock                       
20002860  command_byte                  
20002864  command_flag                  
20002868  cyBOT_scan_features           
2000286c  errno                         
ffffffff  __TI_pprof_out_hndl           
ffffffff  __TI_prof_data_size           
ffffffff  __TI_prof_data_start          
ffffffff  __binit__                     
ffffffff  __c_args__                    
ffffffff  binit                         
UNDEFED   __mpu_init                    
UNDEFED   _system_post_cinit            

[194 symbols]
