******************************************************************************
                  TI ARM Linker PC v20.2.4                     
******************************************************************************
>> Linked Mon Apr  4 11:47:11 2022

OUTPUT FILE NAME:   <Lab9.out>
ENTRY POINT SYMBOL: "_c_int00_noargs"  address: 00003cd1


MEMORY CONFIGURATION

         name            origin    length      used     unused   attr    fill
----------------------  --------  ---------  --------  --------  ----  --------
  FLASH                 00000000   00040000  00004080  0003bf80  R  X
  SRAM                  20000000   00008000  00002339  00005cc7  RW X


SEGMENT ALLOCATION MAP

run origin  load origin   length   init length attrs members
----------  ----------- ---------- ----------- ----- -------
00000000    00000000    00004080   00004080    r-x
  00000000    00000000    0000026c   0000026c    r-- .intvecs
  0000026c    0000026c    00003ca4   00003ca4    r-x .text
  00003f10    00003f10    00000118   00000118    r-- .const
  00004028    00004028    00000058   00000058    r-- .cinit
20000000    20000000    0000233d   00000000    rw-
  20000000    20000000    0000026c   00000000    rw- .vtable
  20000270    20000270    00001000   00000000    rw- .stack
  20001270    20001270    00001000   00000000    rw- .sysmem
  20002270    20002270    0000007c   00000000    rw- .bss
  200022ec    200022ec    00000051   00000000    rw- .data


SECTION ALLOCATION MAP

 output                                  attributes/
section   page    origin      length       input sections
--------  ----  ----------  ----------   ----------------
.intvecs   0    00000000    0000026c     
                  00000000    0000026c     tm4c123gh6pm_startup_ccs.obj (.intvecs)

.text      0    0000026c    00003ca4     
                  0000026c    00000c20     open_interface.obj (.text)
                  00000e8c    00000a4e     rtsv7M4_T_le_v4SPD16_eabi.lib : _printfi.c.obj (.text:__TI_printfi)
                  000018da    00000002                                   : _lock.c.obj (.text:_nop)
                  000018dc    00000328     lcd.obj (.text)
                  00001c04    00000318     ping_template.obj (.text)
                  00001f1c    00000270     rtsv7M4_T_le_v4SPD16_eabi.lib : _printfi.c.obj (.text:_pconv_a)
                  0000218c    00000260     libcybotScan.lib : cyBot_Scan.obj (.text)
                  000023ec    00000248     Timer.obj (.text)
                  00002634    000001d0     rtsv7M4_T_le_v4SPD16_eabi.lib : _printfi.c.obj (.text:_pconv_g)
                  00002804    000001b6                                   : fd_add_t2.asm.obj (.text)
                  000029ba    00000002                                   : div0.asm.obj (.text)
                  000029bc    00000158     libcybotScan.lib : servo.obj (.text)
                  00002b14    0000013c     rtsv7M4_T_le_v4SPD16_eabi.lib : _printfi.c.obj (.text:_pconv_e)
                  00002c50    00000136                                   : fd_div_t2.asm.obj (.text)
                  00002d86    00000002     --HOLE-- [fill = 0]
                  00002d88    00000124                                   : _printfi.c.obj (.text:fcvt)
                  00002eac    00000118     libcybotScan.lib : ir.obj (.text)
                  00002fc4    00000110     rtsv7M4_T_le_v4SPD16_eabi.lib : s_scalbn.c.obj (.text:scalbn)
                  000030d4    00000100                                   : memory.c.obj (.text:aligned_alloc)
                  000031d4    000000fc                                   : fd_mul_t2.asm.obj (.text)
                  000032d0    000000e4                                   : memory.c.obj (.text:free)
                  000033b4    000000b1                                   : _printfi.c.obj (.text:_ltostr)
                  00003465    00000001     --HOLE-- [fill = 0]
                  00003466    0000009c                                   : memcpy_t2.asm.obj (.text)
                  00003502    00000096                                   : ull_div_t2.asm.obj (.text)
                  00003598    00000086                                   : fd_cmp_t2.asm.obj (.text:__aeabi_cdcmple)
                  0000361e    00000086                                   : fd_cmp_t2.asm.obj (.text:__aeabi_cdrcmple)
                  000036a4    0000007a                                   : memset_t2.asm.obj (.text)
                  0000371e    00000002     --HOLE-- [fill = 0]
                  00003720    00000070                                   : memory.c.obj (.text:split)
                  00003790    0000006e                                   : _printfi.c.obj (.text:_mcpy)
                  000037fe    0000006e                                   : fd_tos_t2.asm.obj (.text)
                  0000386c    00000068                                   : copy_decompress_lzss.c.obj (.text:decompress:lzss:__TI_decompress_lzss)
                  000038d4    00000064                                   : s_frexp.c.obj (.text:frexp)
                  00003938    0000005a     lab9_template.obj (.text)
                  00003992    00000056     rtsv7M4_T_le_v4SPD16_eabi.lib : _printfi.c.obj (.text:_pconv_f)
                  000039e8    00000054                                   : _ltoa.c.obj (.text:__TI_ltoa)
                  00003a3c    00000052                                   : _printfi.c.obj (.text:_ecpy)
                  00003a8e    00000002     --HOLE-- [fill = 0]
                  00003a90    0000004c                                   : atoi.c.obj (.text:atoi)
                  00003adc    00000048                                   : fd_toi_t2.asm.obj (.text)
                  00003b24    00000044                                   : autoinit.c.obj (.text:__TI_auto_init_nobinit_nopinit:__TI_auto_init_nobinit_nopinit)
                  00003b68    00000044                                   : fd_tou_t2.asm.obj (.text)
                  00003bac    00000040                                   : vsnprintf.c.obj (.text:vsnprintf)
                  00003bec    0000003e                                   : _printfi.c.obj (.text:_fcpy)
                  00003c2a    00000002     --HOLE-- [fill = 0]
                  00003c2c    00000038                                   : memory.c.obj (.text:calloc)
                  00003c64    00000038                                   : fs_tod_t2.asm.obj (.text)
                  00003c9c    00000034     driverlib.lib : interrupt.obj (.text:IntRegister)
                  00003cd0    00000034     rtsv7M4_T_le_v4SPD16_eabi.lib : boot_cortex_m.c.obj (.text:_c_int00_noargs:_c_int00_noargs)
                  00003d04    00000030                                   : vsnprintf.c.obj (.text:_outs)
                  00003d34    0000002e                                   : i_tofd_t2.asm.obj (.text)
                  00003d62    00000002     --HOLE-- [fill = 0]
                  00003d64    00000028                                   : memory.c.obj (.text:free_list_insert)
                  00003d8c    00000020                                   : u_tofd_t2.asm.obj (.text)
                  00003dac    0000001c                                   : copy_zero_init.c.obj (.text:decompress:ZI:__TI_zero_init_nomemset:__TI_zero_init_nomemset)
                  00003dc8    0000001c                                   : memory.c.obj (.text:free_list_remove)
                  00003de4    0000001c                                   : memccpy.c.obj (.text:memccpy)
                  00003e00    0000001a                                   : s_copysign.c.obj (.text:copysign)
                  00003e1a    00000018                                   : vsnprintf.c.obj (.text:_outc)
                  00003e32    00000018     open_interface.obj (.text:oi_parseInt)
                  00003e4a    00000018     rtsv7M4_T_le_v4SPD16_eabi.lib : strcmp.c.obj (.text:strcmp)
                  00003e62    00000016                                   : strchr.c.obj (.text:strchr)
                  00003e78    00000014                                   : strcpy.c.obj (.text:strcpy)
                  00003e8c    00000014                                   : strlen.c.obj (.text:strlen)
                  00003ea0    00000012                                   : wcslen.c.obj (.text:wcslen)
                  00003eb2    00000010     driverlib.lib : interrupt.obj (.text:IntMasterEnable)
                  00003ec2    00000010     lcd.obj (.text:lcd_clear)
                  00003ed2    0000000e     rtsv7M4_T_le_v4SPD16_eabi.lib : copy_decompress_none.c.obj (.text:decompress:none:__TI_decompress_none)
                  00003ee0    0000000c     driverlib.lib : cpu.obj (.text:CPUcpsie)
                  00003eec    0000000c     tm4c123gh6pm_startup_ccs.obj (.text)
                  00003ef8    00000008     rtsv7M4_T_le_v4SPD16_eabi.lib : errno.c.obj (.text:__aeabi_errno_addr)
                  00003f00    00000008                                   : memory.c.obj (.text:malloc)
                  00003f08    00000004                                   : pre_init.c.obj (.text:_system_pre_init)
                  00003f0c    00000004                                   : exit.c.obj (.text:abort:abort)

.const     0    00003f10    00000118     
                  00003f10    00000101     rtsv7M4_T_le_v4SPD16_eabi.lib : ctype.c.obj (.const:.string:_ctypes_)
                  00004011    0000000f     open_interface.obj (.const:.string:$P$T0$3)
                  00004020    00000004     lcd.obj (.const:.string:lineAddress$1)
                  00004024    00000004     lcd.obj (.const:.string:lineAddresses$2)

.cinit     0    00004028    00000058     
                  00004028    0000001f     (.cinit..data.load) [load image, compression = lzss]
                  00004047    00000001     --HOLE-- [fill = 0]
                  00004048    0000000c     (__TI_handler_table)
                  00004054    00000004     --HOLE-- [fill = 0]
                  00004058    00000008     (.cinit..bss.load) [load image, compression = zero_init]
                  00004060    00000008     (.cinit..vtable.load) [load image, compression = zero_init]
                  00004068    00000018     (__TI_cinit_table)

.init_array 
*          0    00000000    00000000     UNINITIALIZED

.vtable    0    20000000    0000026c     UNINITIALIZED
                  20000000    0000026c     driverlib.lib : interrupt.obj (.vtable)

.stack     0    20000270    00001000     UNINITIALIZED
                  20000270    00000004     rtsv7M4_T_le_v4SPD16_eabi.lib : boot_cortex_m.c.obj (.stack)
                  20000274    00000ffc     --HOLE--

.sysmem    0    20001270    00001000     UNINITIALIZED
                  20001270    00000010     rtsv7M4_T_le_v4SPD16_eabi.lib : memory.c.obj (.sysmem)
                  20001280    00000ff0     --HOLE--

.bss       0    20002270    0000007c     UNINITIALIZED
                  20002270    00000054     lcd.obj (.bss:lastbuffer$3)
                  200022c4    00000018     open_interface.obj (.bss:firmware$2)
                  200022dc    00000004     (.common:_timeout_ticks)
                  200022e0    00000004     (.common:isr_int_value)
                  200022e4    00000004     (.common:left_calibration_value)
                  200022e8    00000004     (.common:right_calibration_value)

.data      0    200022ec    00000051     UNINITIALIZED
                  200022ec    00000020     open_interface.obj (.data)
                  2000230c    00000018     ping_template.obj (.data)
                  20002324    00000008     rtsv7M4_T_le_v4SPD16_eabi.lib : _lock.c.obj (.data:$O1$$)
                  2000232c    00000008                                   : memory.c.obj (.data:$O1$$)
                  20002334    00000004     libcybotScan.lib : cyBot_Scan.obj (.data)
                  20002338    00000004     rtsv7M4_T_le_v4SPD16_eabi.lib : errno.c.obj (.data)
                  2000233c    00000001     Timer.obj (.data)

__llvm_prf_cnts 
*          0    20000000    00000000     UNINITIALIZED

MODULE SUMMARY

       Module                         code    ro data   rw data
       ------                         ----    -------   -------
    .\
       open_interface.obj             3128    15        56     
       lcd.obj                        824     8         84     
       ping_template.obj              792     0         24     
       tm4c123gh6pm_startup_ccs.obj   12      620       0      
       Timer.obj                      584     0         5      
       lab9_template.obj              90      0         0      
       Movement.obj                   0       0         8      
    +--+------------------------------+-------+---------+---------+
       Total:                         5430    643       177    
                                                               
    ../libcybotScan.lib
       cyBot_Scan.obj                 608     0         4      
       servo.obj                      344     0         0      
       ir.obj                         280     0         4      
    +--+------------------------------+-------+---------+---------+
       Total:                         1232    0         8      
                                                               
    C:/ti/TivaWare_C_Series-2.1.4.178/driverlib/ccs/Debug/driverlib.lib
       interrupt.obj                  68      0         620    
       cpu.obj                        12      0         0      
    +--+------------------------------+-------+---------+---------+
       Total:                         80      0         620    
                                                               
    C:\ti\ccs1031\ccs\tools\compiler\ti-cgt-arm_20.2.4.LTS\lib\rtsv7M4_T_le_v4SPD16_eabi.lib
       _printfi.c.obj                 4851    0         0      
       memory.c.obj                   728     0         8      
       fd_add_t2.asm.obj              438     0         0      
       fd_div_t2.asm.obj              310     0         0      
       s_scalbn.c.obj                 272     0         0      
       fd_cmp_t2.asm.obj              268     0         0      
       ctype.c.obj                    0       257       0      
       fd_mul_t2.asm.obj              252     0         0      
       memcpy_t2.asm.obj              156     0         0      
       ull_div_t2.asm.obj             150     0         0      
       vsnprintf.c.obj                136     0         0      
       memset_t2.asm.obj              122     0         0      
       fd_tos_t2.asm.obj              110     0         0      
       copy_decompress_lzss.c.obj     104     0         0      
       s_frexp.c.obj                  100     0         0      
       _ltoa.c.obj                    84      0         0      
       atoi.c.obj                     76      0         0      
       fd_toi_t2.asm.obj              72      0         0      
       autoinit.c.obj                 68      0         0      
       fd_tou_t2.asm.obj              68      0         0      
       fs_tod_t2.asm.obj              56      0         0      
       boot_cortex_m.c.obj            52      0         0      
       i_tofd_t2.asm.obj              46      0         0      
       u_tofd_t2.asm.obj              32      0         0      
       copy_zero_init.c.obj           28      0         0      
       memccpy.c.obj                  28      0         0      
       s_copysign.c.obj               26      0         0      
       strcmp.c.obj                   24      0         0      
       strchr.c.obj                   22      0         0      
       strcpy.c.obj                   20      0         0      
       strlen.c.obj                   20      0         0      
       wcslen.c.obj                   18      0         0      
       copy_decompress_none.c.obj     14      0         0      
       errno.c.obj                    8       0         4      
       _lock.c.obj                    2       0         8      
       exit.c.obj                     4       0         0      
       pre_init.c.obj                 4       0         0      
       div0.asm.obj                   2       0         0      
    +--+------------------------------+-------+---------+---------+
       Total:                         8771    257       20     
                                                               
       Heap:                          0       0         4096   
       Stack:                         0       0         4096   
       Linker Generated:              0       83        0      
    +--+------------------------------+-------+---------+---------+
       Grand Total:                   15513   983       9017   


LINKER GENERATED COPY TABLES

__TI_cinit_table @ 00004068 records: 3, size/record: 8, table size: 24
	.data: load addr=00004028, load size=0000001f bytes, run addr=200022ec, run size=00000051 bytes, compression=lzss
	.bss: load addr=00004058, load size=00000008 bytes, run addr=20002270, run size=0000007c bytes, compression=zero_init
	.vtable: load addr=00004060, load size=00000008 bytes, run addr=20000000, run size=0000026c bytes, compression=zero_init


LINKER GENERATED HANDLER TABLE

__TI_handler_table @ 00004048 records: 3, size/record: 4, table size: 12
	index: 0, handler: __TI_zero_init
	index: 1, handler: __TI_decompress_lzss
	index: 2, handler: __TI_decompress_none


GLOBAL SYMBOLS: SORTED ALPHABETICALLY BY Name 

address   name                          
-------   ----                          
00002f45  ADC0SS0_Handler               
00003f0d  C$$EXIT                       
00003ee1  CPUcpsie                      
20002310  END_TIME                      
00000bc3  GPIOF_Handler                 
00003eb3  IntMasterEnable               
00003c9d  IntRegister                   
00003eed  ResetISR                      
2000230c  START_TIME                    
20002314  STATE                         
00001d8d  TIMER3B_Handler               
20001270  __STACK_END                   
00001000  __STACK_SIZE                  
20000470  __STACK_TOP                   
00001000  __SYSMEM_SIZE                 
00004068  __TI_CINIT_Base               
00004080  __TI_CINIT_Limit              
00004048  __TI_Handler_Table_Base       
00004054  __TI_Handler_Table_Limit      
00003b25  __TI_auto_init_nobinit_nopinit
0000386d  __TI_decompress_lzss          
00003ed3  __TI_decompress_none          
000039e9  __TI_ltoa                     
ffffffff  __TI_pprof_out_hndl           
00000e8d  __TI_printfi                  
ffffffff  __TI_prof_data_size           
ffffffff  __TI_prof_data_start          
00000000  __TI_static_base__            
00003dad  __TI_zero_init_nomemset       
00003599  __aeabi_cdcmpeq               
00003599  __aeabi_cdcmple               
0000361f  __aeabi_cdrcmple              
000037ff  __aeabi_d2f                   
00003add  __aeabi_d2iz                  
00003b69  __aeabi_d2uiz                 
0000280f  __aeabi_dadd                  
00002c51  __aeabi_ddiv                  
000031d5  __aeabi_dmul                  
00002805  __aeabi_dsub                  
00003ef9  __aeabi_errno_addr            
00003c65  __aeabi_f2d                   
00003d35  __aeabi_i2d                   
000029bb  __aeabi_idiv0                 
000029bb  __aeabi_ldiv0                 
000036a5  __aeabi_memclr                
000036a5  __aeabi_memclr4               
000036a5  __aeabi_memclr8               
00003467  __aeabi_memcpy                
00003467  __aeabi_memcpy4               
00003467  __aeabi_memcpy8               
000036a7  __aeabi_memset                
000036a7  __aeabi_memset4               
000036a7  __aeabi_memset8               
00003d8d  __aeabi_ui2d                  
00003503  __aeabi_uldivmod              
ffffffff  __binit__                     
ffffffff  __c_args__                    
UNDEFED   __mpu_init                    
20000270  __stack                       
20000000  __start___llvm_prf_cnts       
20000000  __stop___llvm_prf_cnts        
00003cd1  _c_int00_noargs               
00003f10  _ctypes_                      
20002324  _lock                         
000018db  _nop                          
2000233c  _running                      
20001270  _sys_memory                   
UNDEFED   _system_post_cinit            
00003f09  _system_pre_init              
200022dc  _timeout_ticks                
20002328  _unlock                       
00003f0d  abort                         
000030d5  aligned_alloc                 
00003a91  atoi                          
ffffffff  binit                         
00003c2d  calloc                        
2000231c  clockPW                       
00003e01  copysign                      
00003e01  copysignl                     
00002265  cyBOT_SERVO_cal               
000021f3  cyBOT_Scan                    
0000219b  cyBOT_init_Scan               
20002334  cyBOT_scan_features           
0000218d  cyBOT_scan_version            
20002338  errno                         
000032d1  free                          
000038d5  frexp                         
000038d5  frexpl                        
20000000  g_pfnRAMVectors               
00000000  g_pfnVectors                  
0000097f  go_charge                     
00002f5b  ir_enableInterrupt            
00002f3d  ir_getDistance                
00002f15  ir_getValue                   
00002ead  ir_init                       
200022e0  isr_int_value                 
00003ec3  lcd_clear                     
00001ab1  lcd_gotoLine                  
00001919  lcd_init                      
00001b17  lcd_printf                    
000019d9  lcd_putc                      
00001a11  lcd_puts                      
000018dd  lcd_reverseNibble             
00001a2f  lcd_sendCommand               
00001a6d  lcd_sendNibble                
00001ad9  lcd_setCursorPos              
00002fc5  ldexp                         
00002fc5  ldexpl                        
200022e4  left_calibration_value        
00003939  main                          
00003f01  malloc                        
000030d5  memalign                      
00003de5  memccpy                       
00003467  memcpy                        
000036ad  memset                        
200022ec  motor_cal_factor_L            
200022f0  motor_cal_factor_R            
20002320  msPW                          
0000026d  oi_alloc                      
00000aa9  oi_checkFirmware              
000002c7  oi_close                      
00000279  oi_free                       
00000ded  oi_getMotorCalibrationLeft    
00000e01  oi_getMotorCalibrationRight   
000002b1  oi_init                       
00000289  oi_init_noupdate              
00000915  oi_loadSong                   
00003e33  oi_parseInt                   
0000032b  oi_parsePacket                
0000096b  oi_play_song                  
0000084b  oi_setLeds                    
00000db1  oi_setMotorCalibration        
0000088f  oi_setWheels                  
00000b51  oi_shutoff_init               
0000098d  oi_uartInit                   
00000a31  oi_uartReceive                
00000a77  oi_uartSendBuff               
00000a15  oi_uartSendChar               
00000a59  oi_uartSendStr                
000002d9  oi_update                     
20002318  overflowNum                   
00001dcd  ping_getDistance              
00001c05  ping_init                     
00001ced  ping_trigger                  
200022e8  right_calibration_value       
00002fc5  scalbn                        
00002fc5  scalbnl                       
000029bd  servo_init                    
00002a4d  servo_move                    
00002aad  servo_setPWM                  
00002a41  servo_stop                    
00003e63  strchr                        
00003e4b  strcmp                        
00003e79  strcpy                        
00003e8d  strlen                        
0000250b  timer_getMicros               
000024b3  timer_getMillis               
000023ed  timer_init                    
0000248f  timer_pause                   
000024a1  timer_resume                  
00002465  timer_stop                    
00002565  timer_waitMicros              
00002597  timer_waitMillis              
00003bad  vsnprintf                     
00003ea1  wcslen                        


GLOBAL SYMBOLS: SORTED BY Symbol Address 

address   name                          
-------   ----                          
00000000  __TI_static_base__            
00000000  g_pfnVectors                  
0000026d  oi_alloc                      
00000279  oi_free                       
00000289  oi_init_noupdate              
000002b1  oi_init                       
000002c7  oi_close                      
000002d9  oi_update                     
0000032b  oi_parsePacket                
0000084b  oi_setLeds                    
0000088f  oi_setWheels                  
00000915  oi_loadSong                   
0000096b  oi_play_song                  
0000097f  go_charge                     
0000098d  oi_uartInit                   
00000a15  oi_uartSendChar               
00000a31  oi_uartReceive                
00000a59  oi_uartSendStr                
00000a77  oi_uartSendBuff               
00000aa9  oi_checkFirmware              
00000b51  oi_shutoff_init               
00000bc3  GPIOF_Handler                 
00000db1  oi_setMotorCalibration        
00000ded  oi_getMotorCalibrationLeft    
00000e01  oi_getMotorCalibrationRight   
00000e8d  __TI_printfi                  
00001000  __STACK_SIZE                  
00001000  __SYSMEM_SIZE                 
000018db  _nop                          
000018dd  lcd_reverseNibble             
00001919  lcd_init                      
000019d9  lcd_putc                      
00001a11  lcd_puts                      
00001a2f  lcd_sendCommand               
00001a6d  lcd_sendNibble                
00001ab1  lcd_gotoLine                  
00001ad9  lcd_setCursorPos              
00001b17  lcd_printf                    
00001c05  ping_init                     
00001ced  ping_trigger                  
00001d8d  TIMER3B_Handler               
00001dcd  ping_getDistance              
0000218d  cyBOT_scan_version            
0000219b  cyBOT_init_Scan               
000021f3  cyBOT_Scan                    
00002265  cyBOT_SERVO_cal               
000023ed  timer_init                    
00002465  timer_stop                    
0000248f  timer_pause                   
000024a1  timer_resume                  
000024b3  timer_getMillis               
0000250b  timer_getMicros               
00002565  timer_waitMicros              
00002597  timer_waitMillis              
00002805  __aeabi_dsub                  
0000280f  __aeabi_dadd                  
000029bb  __aeabi_idiv0                 
000029bb  __aeabi_ldiv0                 
000029bd  servo_init                    
00002a41  servo_stop                    
00002a4d  servo_move                    
00002aad  servo_setPWM                  
00002c51  __aeabi_ddiv                  
00002ead  ir_init                       
00002f15  ir_getValue                   
00002f3d  ir_getDistance                
00002f45  ADC0SS0_Handler               
00002f5b  ir_enableInterrupt            
00002fc5  ldexp                         
00002fc5  ldexpl                        
00002fc5  scalbn                        
00002fc5  scalbnl                       
000030d5  aligned_alloc                 
000030d5  memalign                      
000031d5  __aeabi_dmul                  
000032d1  free                          
00003467  __aeabi_memcpy                
00003467  __aeabi_memcpy4               
00003467  __aeabi_memcpy8               
00003467  memcpy                        
00003503  __aeabi_uldivmod              
00003599  __aeabi_cdcmpeq               
00003599  __aeabi_cdcmple               
0000361f  __aeabi_cdrcmple              
000036a5  __aeabi_memclr                
000036a5  __aeabi_memclr4               
000036a5  __aeabi_memclr8               
000036a7  __aeabi_memset                
000036a7  __aeabi_memset4               
000036a7  __aeabi_memset8               
000036ad  memset                        
000037ff  __aeabi_d2f                   
0000386d  __TI_decompress_lzss          
000038d5  frexp                         
000038d5  frexpl                        
00003939  main                          
000039e9  __TI_ltoa                     
00003a91  atoi                          
00003add  __aeabi_d2iz                  
00003b25  __TI_auto_init_nobinit_nopinit
00003b69  __aeabi_d2uiz                 
00003bad  vsnprintf                     
00003c2d  calloc                        
00003c65  __aeabi_f2d                   
00003c9d  IntRegister                   
00003cd1  _c_int00_noargs               
00003d35  __aeabi_i2d                   
00003d8d  __aeabi_ui2d                  
00003dad  __TI_zero_init_nomemset       
00003de5  memccpy                       
00003e01  copysign                      
00003e01  copysignl                     
00003e33  oi_parseInt                   
00003e4b  strcmp                        
00003e63  strchr                        
00003e79  strcpy                        
00003e8d  strlen                        
00003ea1  wcslen                        
00003eb3  IntMasterEnable               
00003ec3  lcd_clear                     
00003ed3  __TI_decompress_none          
00003ee1  CPUcpsie                      
00003eed  ResetISR                      
00003ef9  __aeabi_errno_addr            
00003f01  malloc                        
00003f09  _system_pre_init              
00003f0d  C$$EXIT                       
00003f0d  abort                         
00003f10  _ctypes_                      
00004048  __TI_Handler_Table_Base       
00004054  __TI_Handler_Table_Limit      
00004068  __TI_CINIT_Base               
00004080  __TI_CINIT_Limit              
20000000  __start___llvm_prf_cnts       
20000000  __stop___llvm_prf_cnts        
20000000  g_pfnRAMVectors               
20000270  __stack                       
20000470  __STACK_TOP                   
20001270  __STACK_END                   
20001270  _sys_memory                   
200022dc  _timeout_ticks                
200022e0  isr_int_value                 
200022e4  left_calibration_value        
200022e8  right_calibration_value       
200022ec  motor_cal_factor_L            
200022f0  motor_cal_factor_R            
2000230c  START_TIME                    
20002310  END_TIME                      
20002314  STATE                         
20002318  overflowNum                   
2000231c  clockPW                       
20002320  msPW                          
20002324  _lock                         
20002328  _unlock                       
20002334  cyBOT_scan_features           
20002338  errno                         
2000233c  _running                      
ffffffff  __TI_pprof_out_hndl           
ffffffff  __TI_prof_data_size           
ffffffff  __TI_prof_data_start          
ffffffff  __binit__                     
ffffffff  __c_args__                    
ffffffff  binit                         
UNDEFED   __mpu_init                    
UNDEFED   _system_post_cinit            

[165 symbols]
