<?xml version="1.0" encoding="ISO-8859-1" ?>
<link_info>
   <banner>TI ARM Linker PC v20.2.4.LTS</banner>
   <copyright>Copyright (c) 1996-2018 Texas Instruments Incorporated</copyright>
   <link_time>0x6244b521</link_time>
   <link_errors>0x0</link_errors>
   <output_file>Lab7.out</output_file>
   <entry_point>
      <name>_c_int00_noargs</name>
      <address>0x56a9</address>
   </entry_point>
   <input_file_list>
      <input_file id="fl-2">
         <path>.\</path>
         <kind>object</kind>
         <file>Movement.obj</file>
         <name>Movement.obj</name>
      </input_file>
      <input_file id="fl-3">
         <path>.\</path>
         <kind>object</kind>
         <file>Timer.obj</file>
         <name>Timer.obj</name>
      </input_file>
      <input_file id="fl-4">
         <path>.\</path>
         <kind>object</kind>
         <file>adc.obj</file>
         <name>adc.obj</name>
      </input_file>
      <input_file id="fl-5">
         <path>.\</path>
         <kind>object</kind>
         <file>lab7main.obj</file>
         <name>lab7main.obj</name>
      </input_file>
      <input_file id="fl-6">
         <path>.\</path>
         <kind>object</kind>
         <file>lcd.obj</file>
         <name>lcd.obj</name>
      </input_file>
      <input_file id="fl-7">
         <path>.\</path>
         <kind>object</kind>
         <file>open_interface.obj</file>
         <name>open_interface.obj</name>
      </input_file>
      <input_file id="fl-8">
         <path>.\</path>
         <kind>object</kind>
         <file>resetSimulation.obj</file>
         <name>resetSimulation.obj</name>
      </input_file>
      <input_file id="fl-9">
         <path>.\</path>
         <kind>object</kind>
         <file>tm4c123gh6pm_startup_ccs.obj</file>
         <name>tm4c123gh6pm_startup_ccs.obj</name>
      </input_file>
      <input_file id="fl-a">
         <path>.\</path>
         <kind>object</kind>
         <file>uart-interrupt.obj</file>
         <name>uart-interrupt.obj</name>
      </input_file>
      <input_file id="fl-11">
         <kind>object</kind>
         <file>&lt;internal&gt;</file>
         <name>&lt;internal&gt;</name>
      </input_file>
      <input_file id="fl-12">
         <path>..\</path>
         <kind>archive</kind>
         <file>libcybotScan.lib</file>
         <name>cyBot_Scan.obj</name>
      </input_file>
      <input_file id="fl-13">
         <path>..\</path>
         <kind>archive</kind>
         <file>libcybotScan.lib</file>
         <name>ir.obj</name>
      </input_file>
      <input_file id="fl-14">
         <path>..\</path>
         <kind>archive</kind>
         <file>libcybotScan.lib</file>
         <name>ping.obj</name>
      </input_file>
      <input_file id="fl-15">
         <path>..\</path>
         <kind>archive</kind>
         <file>libcybotScan.lib</file>
         <name>servo.obj</name>
      </input_file>
      <input_file id="fl-cb">
         <path>C:\ti\ccs1031\ccs\tools\compiler\ti-cgt-arm_20.2.4.LTS\lib\</path>
         <kind>archive</kind>
         <file>rtsv7M4_T_le_v4SPD16_eabi.lib</file>
         <name>sprintf.c.obj</name>
      </input_file>
      <input_file id="fl-cc">
         <path>C:\ti\ccs1031\ccs\tools\compiler\ti-cgt-arm_20.2.4.LTS\lib\</path>
         <kind>archive</kind>
         <file>rtsv7M4_T_le_v4SPD16_eabi.lib</file>
         <name>vsnprintf.c.obj</name>
      </input_file>
      <input_file id="fl-cd">
         <path>C:\ti\ccs1031\ccs\tools\compiler\ti-cgt-arm_20.2.4.LTS\lib\</path>
         <kind>archive</kind>
         <file>rtsv7M4_T_le_v4SPD16_eabi.lib</file>
         <name>e_pow.c.obj</name>
      </input_file>
      <input_file id="fl-ce">
         <path>C:\ti\ccs1031\ccs\tools\compiler\ti-cgt-arm_20.2.4.LTS\lib\</path>
         <kind>archive</kind>
         <file>rtsv7M4_T_le_v4SPD16_eabi.lib</file>
         <name>e_sqrt.c.obj</name>
      </input_file>
      <input_file id="fl-cf">
         <path>C:\ti\ccs1031\ccs\tools\compiler\ti-cgt-arm_20.2.4.LTS\lib\</path>
         <kind>archive</kind>
         <file>rtsv7M4_T_le_v4SPD16_eabi.lib</file>
         <name>s_scalbn.c.obj</name>
      </input_file>
      <input_file id="fl-d0">
         <path>C:\ti\ccs1031\ccs\tools\compiler\ti-cgt-arm_20.2.4.LTS\lib\</path>
         <kind>archive</kind>
         <file>rtsv7M4_T_le_v4SPD16_eabi.lib</file>
         <name>s_copysign.c.obj</name>
      </input_file>
      <input_file id="fl-d1">
         <path>C:\ti\ccs1031\ccs\tools\compiler\ti-cgt-arm_20.2.4.LTS\lib\</path>
         <kind>archive</kind>
         <file>rtsv7M4_T_le_v4SPD16_eabi.lib</file>
         <name>fd_add_t2.asm.obj</name>
      </input_file>
      <input_file id="fl-d2">
         <path>C:\ti\ccs1031\ccs\tools\compiler\ti-cgt-arm_20.2.4.LTS\lib\</path>
         <kind>archive</kind>
         <file>rtsv7M4_T_le_v4SPD16_eabi.lib</file>
         <name>fd_cmp_t2.asm.obj</name>
      </input_file>
      <input_file id="fl-d3">
         <path>C:\ti\ccs1031\ccs\tools\compiler\ti-cgt-arm_20.2.4.LTS\lib\</path>
         <kind>archive</kind>
         <file>rtsv7M4_T_le_v4SPD16_eabi.lib</file>
         <name>fd_div_t2.asm.obj</name>
      </input_file>
      <input_file id="fl-d4">
         <path>C:\ti\ccs1031\ccs\tools\compiler\ti-cgt-arm_20.2.4.LTS\lib\</path>
         <kind>archive</kind>
         <file>rtsv7M4_T_le_v4SPD16_eabi.lib</file>
         <name>fd_mul_t2.asm.obj</name>
      </input_file>
      <input_file id="fl-d5">
         <path>C:\ti\ccs1031\ccs\tools\compiler\ti-cgt-arm_20.2.4.LTS\lib\</path>
         <kind>archive</kind>
         <file>rtsv7M4_T_le_v4SPD16_eabi.lib</file>
         <name>fd_toi_t2.asm.obj</name>
      </input_file>
      <input_file id="fl-d6">
         <path>C:\ti\ccs1031\ccs\tools\compiler\ti-cgt-arm_20.2.4.LTS\lib\</path>
         <kind>archive</kind>
         <file>rtsv7M4_T_le_v4SPD16_eabi.lib</file>
         <name>fd_tos_t2.asm.obj</name>
      </input_file>
      <input_file id="fl-d7">
         <path>C:\ti\ccs1031\ccs\tools\compiler\ti-cgt-arm_20.2.4.LTS\lib\</path>
         <kind>archive</kind>
         <file>rtsv7M4_T_le_v4SPD16_eabi.lib</file>
         <name>fs_tod_t2.asm.obj</name>
      </input_file>
      <input_file id="fl-d8">
         <path>C:\ti\ccs1031\ccs\tools\compiler\ti-cgt-arm_20.2.4.LTS\lib\</path>
         <kind>archive</kind>
         <file>rtsv7M4_T_le_v4SPD16_eabi.lib</file>
         <name>i_tofd_t2.asm.obj</name>
      </input_file>
      <input_file id="fl-d9">
         <path>C:\ti\ccs1031\ccs\tools\compiler\ti-cgt-arm_20.2.4.LTS\lib\</path>
         <kind>archive</kind>
         <file>rtsv7M4_T_le_v4SPD16_eabi.lib</file>
         <name>memcpy_t2.asm.obj</name>
      </input_file>
      <input_file id="fl-da">
         <path>C:\ti\ccs1031\ccs\tools\compiler\ti-cgt-arm_20.2.4.LTS\lib\</path>
         <kind>archive</kind>
         <file>rtsv7M4_T_le_v4SPD16_eabi.lib</file>
         <name>copy_zero_init.c.obj</name>
      </input_file>
      <input_file id="fl-db">
         <path>C:\ti\ccs1031\ccs\tools\compiler\ti-cgt-arm_20.2.4.LTS\lib\</path>
         <kind>archive</kind>
         <file>rtsv7M4_T_le_v4SPD16_eabi.lib</file>
         <name>copy_decompress_none.c.obj</name>
      </input_file>
      <input_file id="fl-dc">
         <path>C:\ti\ccs1031\ccs\tools\compiler\ti-cgt-arm_20.2.4.LTS\lib\</path>
         <kind>archive</kind>
         <file>rtsv7M4_T_le_v4SPD16_eabi.lib</file>
         <name>copy_decompress_lzss.c.obj</name>
      </input_file>
      <input_file id="fl-dd">
         <path>C:\ti\ccs1031\ccs\tools\compiler\ti-cgt-arm_20.2.4.LTS\lib\</path>
         <kind>archive</kind>
         <file>rtsv7M4_T_le_v4SPD16_eabi.lib</file>
         <name>memory.c.obj</name>
      </input_file>
      <input_file id="fl-de">
         <path>C:\ti\ccs1031\ccs\tools\compiler\ti-cgt-arm_20.2.4.LTS\lib\</path>
         <kind>archive</kind>
         <file>rtsv7M4_T_le_v4SPD16_eabi.lib</file>
         <name>strcmp.c.obj</name>
      </input_file>
      <input_file id="fl-df">
         <path>C:\ti\ccs1031\ccs\tools\compiler\ti-cgt-arm_20.2.4.LTS\lib\</path>
         <kind>archive</kind>
         <file>rtsv7M4_T_le_v4SPD16_eabi.lib</file>
         <name>strcpy.c.obj</name>
      </input_file>
      <input_file id="fl-e0">
         <path>C:\ti\ccs1031\ccs\tools\compiler\ti-cgt-arm_20.2.4.LTS\lib\</path>
         <kind>archive</kind>
         <file>rtsv7M4_T_le_v4SPD16_eabi.lib</file>
         <name>strlen.c.obj</name>
      </input_file>
      <input_file id="fl-e1">
         <path>C:\ti\ccs1031\ccs\tools\compiler\ti-cgt-arm_20.2.4.LTS\lib\</path>
         <kind>archive</kind>
         <file>rtsv7M4_T_le_v4SPD16_eabi.lib</file>
         <name>errno.c.obj</name>
      </input_file>
      <input_file id="fl-e2">
         <path>C:\ti\ccs1031\ccs\tools\compiler\ti-cgt-arm_20.2.4.LTS\lib\</path>
         <kind>archive</kind>
         <file>rtsv7M4_T_le_v4SPD16_eabi.lib</file>
         <name>boot_cortex_m.c.obj</name>
      </input_file>
      <input_file id="fl-e3">
         <path>C:\ti\ccs1031\ccs\tools\compiler\ti-cgt-arm_20.2.4.LTS\lib\</path>
         <kind>archive</kind>
         <file>rtsv7M4_T_le_v4SPD16_eabi.lib</file>
         <name>_printfi.c.obj</name>
      </input_file>
      <input_file id="fl-e4">
         <path>C:\ti\ccs1031\ccs\tools\compiler\ti-cgt-arm_20.2.4.LTS\lib\</path>
         <kind>archive</kind>
         <file>rtsv7M4_T_le_v4SPD16_eabi.lib</file>
         <name>s_frexp.c.obj</name>
      </input_file>
      <input_file id="fl-e5">
         <path>C:\ti\ccs1031\ccs\tools\compiler\ti-cgt-arm_20.2.4.LTS\lib\</path>
         <kind>archive</kind>
         <file>rtsv7M4_T_le_v4SPD16_eabi.lib</file>
         <name>ull_div_t2.asm.obj</name>
      </input_file>
      <input_file id="fl-e6">
         <path>C:\ti\ccs1031\ccs\tools\compiler\ti-cgt-arm_20.2.4.LTS\lib\</path>
         <kind>archive</kind>
         <file>rtsv7M4_T_le_v4SPD16_eabi.lib</file>
         <name>memset_t2.asm.obj</name>
      </input_file>
      <input_file id="fl-e7">
         <path>C:\ti\ccs1031\ccs\tools\compiler\ti-cgt-arm_20.2.4.LTS\lib\</path>
         <kind>archive</kind>
         <file>rtsv7M4_T_le_v4SPD16_eabi.lib</file>
         <name>autoinit.c.obj</name>
      </input_file>
      <input_file id="fl-e8">
         <path>C:\ti\ccs1031\ccs\tools\compiler\ti-cgt-arm_20.2.4.LTS\lib\</path>
         <kind>archive</kind>
         <file>rtsv7M4_T_le_v4SPD16_eabi.lib</file>
         <name>pre_init.c.obj</name>
      </input_file>
      <input_file id="fl-e9">
         <path>C:\ti\ccs1031\ccs\tools\compiler\ti-cgt-arm_20.2.4.LTS\lib\</path>
         <kind>archive</kind>
         <file>rtsv7M4_T_le_v4SPD16_eabi.lib</file>
         <name>cpy_tbl.c.obj</name>
      </input_file>
      <input_file id="fl-ea">
         <path>C:\ti\ccs1031\ccs\tools\compiler\ti-cgt-arm_20.2.4.LTS\lib\</path>
         <kind>archive</kind>
         <file>rtsv7M4_T_le_v4SPD16_eabi.lib</file>
         <name>exit.c.obj</name>
      </input_file>
      <input_file id="fl-eb">
         <path>C:\ti\ccs1031\ccs\tools\compiler\ti-cgt-arm_20.2.4.LTS\lib\</path>
         <kind>archive</kind>
         <file>rtsv7M4_T_le_v4SPD16_eabi.lib</file>
         <name>_lock.c.obj</name>
      </input_file>
      <input_file id="fl-ec">
         <path>C:\ti\ccs1031\ccs\tools\compiler\ti-cgt-arm_20.2.4.LTS\lib\</path>
         <kind>archive</kind>
         <file>rtsv7M4_T_le_v4SPD16_eabi.lib</file>
         <name>_ltoa.c.obj</name>
      </input_file>
      <input_file id="fl-ed">
         <path>C:\ti\ccs1031\ccs\tools\compiler\ti-cgt-arm_20.2.4.LTS\lib\</path>
         <kind>archive</kind>
         <file>rtsv7M4_T_le_v4SPD16_eabi.lib</file>
         <name>args_main.c.obj</name>
      </input_file>
      <input_file id="fl-ee">
         <path>C:\ti\ccs1031\ccs\tools\compiler\ti-cgt-arm_20.2.4.LTS\lib\</path>
         <kind>archive</kind>
         <file>rtsv7M4_T_le_v4SPD16_eabi.lib</file>
         <name>atoi.c.obj</name>
      </input_file>
      <input_file id="fl-ef">
         <path>C:\ti\ccs1031\ccs\tools\compiler\ti-cgt-arm_20.2.4.LTS\lib\</path>
         <kind>archive</kind>
         <file>rtsv7M4_T_le_v4SPD16_eabi.lib</file>
         <name>ctype.c.obj</name>
      </input_file>
      <input_file id="fl-f0">
         <path>C:\ti\ccs1031\ccs\tools\compiler\ti-cgt-arm_20.2.4.LTS\lib\</path>
         <kind>archive</kind>
         <file>rtsv7M4_T_le_v4SPD16_eabi.lib</file>
         <name>memccpy.c.obj</name>
      </input_file>
      <input_file id="fl-f1">
         <path>C:\ti\ccs1031\ccs\tools\compiler\ti-cgt-arm_20.2.4.LTS\lib\</path>
         <kind>archive</kind>
         <file>rtsv7M4_T_le_v4SPD16_eabi.lib</file>
         <name>strchr.c.obj</name>
      </input_file>
      <input_file id="fl-f2">
         <path>C:\ti\ccs1031\ccs\tools\compiler\ti-cgt-arm_20.2.4.LTS\lib\</path>
         <kind>archive</kind>
         <file>rtsv7M4_T_le_v4SPD16_eabi.lib</file>
         <name>wcslen.c.obj</name>
      </input_file>
      <input_file id="fl-f3">
         <path>C:\ti\ccs1031\ccs\tools\compiler\ti-cgt-arm_20.2.4.LTS\lib\</path>
         <kind>archive</kind>
         <file>rtsv7M4_T_le_v4SPD16_eabi.lib</file>
         <name>div0.asm.obj</name>
      </input_file>
      <input_file id="fl-f4">
         <path>C:\ti\TivaWare_C_Series-2.1.4.178\driverlib\ccs\Debug\</path>
         <kind>archive</kind>
         <file>driverlib.lib</file>
         <name>interrupt.obj</name>
      </input_file>
      <input_file id="fl-f5">
         <path>C:\ti\TivaWare_C_Series-2.1.4.178\driverlib\ccs\Debug\</path>
         <kind>archive</kind>
         <file>driverlib.lib</file>
         <name>cpu.obj</name>
      </input_file>
   </input_file_list>
   <object_component_list>
      <object_component id="oc-12">
         <name>.intvecs</name>
         <load_address>0x0</load_address>
         <run_address>0x0</run_address>
         <size>0x26c</size>
         <input_file_ref idref="fl-9"/>
      </object_component>
      <object_component id="oc-100">
         <name>.text</name>
         <load_address>0x26c</load_address>
         <run_address>0x26c</run_address>
         <size>0xc34</size>
         <input_file_ref idref="fl-2"/>
      </object_component>
      <object_component id="oc-f4">
         <name>.text</name>
         <load_address>0xea0</load_address>
         <run_address>0xea0</run_address>
         <size>0xc20</size>
         <input_file_ref idref="fl-7"/>
      </object_component>
      <object_component id="oc-26a">
         <name>.text:__TI_printfi</name>
         <load_address>0x1ac0</load_address>
         <run_address>0x1ac0</run_address>
         <size>0xa4e</size>
         <input_file_ref idref="fl-e3"/>
      </object_component>
      <object_component id="oc-303">
         <name>.text:_nop</name>
         <load_address>0x250e</load_address>
         <run_address>0x250e</run_address>
         <size>0x2</size>
         <input_file_ref idref="fl-eb"/>
      </object_component>
      <object_component id="oc-200">
         <name>.text:pow</name>
         <load_address>0x2510</load_address>
         <run_address>0x2510</run_address>
         <size>0x9c0</size>
         <input_file_ref idref="fl-cd"/>
      </object_component>
      <object_component id="oc-e2">
         <name>.text</name>
         <load_address>0x2ed0</load_address>
         <run_address>0x2ed0</run_address>
         <size>0x328</size>
         <input_file_ref idref="fl-6"/>
      </object_component>
      <object_component id="oc-344">
         <name>.text:_pconv_a</name>
         <load_address>0x31f8</load_address>
         <run_address>0x31f8</run_address>
         <size>0x270</size>
         <input_file_ref idref="fl-e3"/>
      </object_component>
      <object_component id="oc-fa">
         <name>.text</name>
         <load_address>0x3468</load_address>
         <run_address>0x3468</run_address>
         <size>0x260</size>
         <input_file_ref idref="fl-12"/>
      </object_component>
      <object_component id="oc-dc">
         <name>.text</name>
         <load_address>0x36c8</load_address>
         <run_address>0x36c8</run_address>
         <size>0x248</size>
         <input_file_ref idref="fl-3"/>
      </object_component>
      <object_component id="oc-ee">
         <name>.text</name>
         <load_address>0x3910</load_address>
         <run_address>0x3910</run_address>
         <size>0x1f4</size>
         <input_file_ref idref="fl-a"/>
      </object_component>
      <object_component id="oc-1df">
         <name>.text</name>
         <load_address>0x3b04</load_address>
         <run_address>0x3b04</run_address>
         <size>0x1ec</size>
         <input_file_ref idref="fl-14"/>
      </object_component>
      <object_component id="oc-332">
         <name>.text:_pconv_g</name>
         <load_address>0x3cf0</load_address>
         <run_address>0x3cf0</run_address>
         <size>0x1d0</size>
         <input_file_ref idref="fl-e3"/>
      </object_component>
      <object_component id="oc-1c4">
         <name>.text</name>
         <load_address>0x3ec0</load_address>
         <run_address>0x3ec0</run_address>
         <size>0x1b6</size>
         <input_file_ref idref="fl-d1"/>
      </object_component>
      <object_component id="oc-417">
         <name>.text</name>
         <load_address>0x4076</load_address>
         <run_address>0x4076</run_address>
         <size>0x2</size>
         <input_file_ref idref="fl-f3"/>
      </object_component>
      <object_component id="oc-1d9">
         <name>.text</name>
         <load_address>0x4078</load_address>
         <run_address>0x4078</run_address>
         <size>0x158</size>
         <input_file_ref idref="fl-15"/>
      </object_component>
      <object_component id="oc-2d3">
         <name>.text:sqrt</name>
         <load_address>0x41d0</load_address>
         <run_address>0x41d0</run_address>
         <size>0x158</size>
         <input_file_ref idref="fl-ce"/>
      </object_component>
      <object_component id="oc-33e">
         <name>.text:_pconv_e</name>
         <load_address>0x4328</load_address>
         <run_address>0x4328</run_address>
         <size>0x13c</size>
         <input_file_ref idref="fl-e3"/>
      </object_component>
      <object_component id="oc-1ba">
         <name>.text</name>
         <load_address>0x4464</load_address>
         <run_address>0x4464</run_address>
         <size>0x136</size>
         <input_file_ref idref="fl-d3"/>
      </object_component>
      <object_component id="oc-e8">
         <name>.text</name>
         <load_address>0x459c</load_address>
         <run_address>0x459c</run_address>
         <size>0x124</size>
         <input_file_ref idref="fl-4"/>
      </object_component>
      <object_component id="oc-3cb">
         <name>.text:fcvt</name>
         <load_address>0x46c0</load_address>
         <run_address>0x46c0</run_address>
         <size>0x124</size>
         <input_file_ref idref="fl-e3"/>
      </object_component>
      <object_component id="oc-1e5">
         <name>.text</name>
         <load_address>0x47e4</load_address>
         <run_address>0x47e4</run_address>
         <size>0x118</size>
         <input_file_ref idref="fl-13"/>
      </object_component>
      <object_component id="oc-2e2">
         <name>.text:scalbn</name>
         <load_address>0x48fc</load_address>
         <run_address>0x48fc</run_address>
         <size>0x110</size>
         <input_file_ref idref="fl-cf"/>
      </object_component>
      <object_component id="oc-36b">
         <name>.text:aligned_alloc</name>
         <load_address>0x4a0c</load_address>
         <run_address>0x4a0c</run_address>
         <size>0x100</size>
         <input_file_ref idref="fl-dd"/>
      </object_component>
      <object_component id="oc-a2">
         <name>.text</name>
         <load_address>0x4b0c</load_address>
         <run_address>0x4b0c</run_address>
         <size>0x100</size>
         <input_file_ref idref="fl-5"/>
      </object_component>
      <object_component id="oc-1b5">
         <name>.text</name>
         <load_address>0x4c0c</load_address>
         <run_address>0x4c0c</run_address>
         <size>0xfc</size>
         <input_file_ref idref="fl-d4"/>
      </object_component>
      <object_component id="oc-1a5">
         <name>.text:free</name>
         <load_address>0x4d08</load_address>
         <run_address>0x4d08</run_address>
         <size>0xe4</size>
         <input_file_ref idref="fl-dd"/>
      </object_component>
      <object_component id="oc-32c">
         <name>.text:_ltostr</name>
         <load_address>0x4dec</load_address>
         <run_address>0x4dec</run_address>
         <size>0xb1</size>
         <input_file_ref idref="fl-e3"/>
      </object_component>
      <object_component id="oc-3e">
         <name>.text</name>
         <load_address>0x4e9e</load_address>
         <run_address>0x4e9e</run_address>
         <size>0x9c</size>
         <input_file_ref idref="fl-d9"/>
      </object_component>
      <object_component id="oc-3b2">
         <name>.text</name>
         <load_address>0x4f3a</load_address>
         <run_address>0x4f3a</run_address>
         <size>0x96</size>
         <input_file_ref idref="fl-e5"/>
      </object_component>
      <object_component id="oc-20f">
         <name>.text:__aeabi_cdcmple</name>
         <load_address>0x4fd0</load_address>
         <run_address>0x4fd0</run_address>
         <size>0x86</size>
         <input_file_ref idref="fl-d2"/>
      </object_component>
      <object_component id="oc-214">
         <name>.text:__aeabi_cdrcmple</name>
         <load_address>0x5056</load_address>
         <run_address>0x5056</run_address>
         <size>0x86</size>
         <input_file_ref idref="fl-d2"/>
      </object_component>
      <object_component id="oc-96">
         <name>.text</name>
         <load_address>0x50dc</load_address>
         <run_address>0x50dc</run_address>
         <size>0x7a</size>
         <input_file_ref idref="fl-e6"/>
      </object_component>
      <object_component id="oc-3fb">
         <name>.text:split</name>
         <load_address>0x5158</load_address>
         <run_address>0x5158</run_address>
         <size>0x70</size>
         <input_file_ref idref="fl-dd"/>
      </object_component>
      <object_component id="oc-3c4">
         <name>.text:_mcpy</name>
         <load_address>0x51c8</load_address>
         <run_address>0x51c8</run_address>
         <size>0x6e</size>
         <input_file_ref idref="fl-e3"/>
      </object_component>
      <object_component id="oc-1cc">
         <name>.text</name>
         <load_address>0x5236</load_address>
         <run_address>0x5236</run_address>
         <size>0x6e</size>
         <input_file_ref idref="fl-d6"/>
      </object_component>
      <object_component id="oc-15">
         <name>.text:decompress:lzss:__TI_decompress_lzss</name>
         <load_address>0x52a4</load_address>
         <run_address>0x52a4</run_address>
         <size>0x68</size>
         <input_file_ref idref="fl-dc"/>
      </object_component>
      <object_component id="oc-3d9">
         <name>.text:frexp</name>
         <load_address>0x530c</load_address>
         <run_address>0x530c</run_address>
         <size>0x64</size>
         <input_file_ref idref="fl-e4"/>
      </object_component>
      <object_component id="oc-338">
         <name>.text:_pconv_f</name>
         <load_address>0x5370</load_address>
         <run_address>0x5370</run_address>
         <size>0x56</size>
         <input_file_ref idref="fl-e3"/>
      </object_component>
      <object_component id="oc-3b8">
         <name>.text:__TI_ltoa</name>
         <load_address>0x53c6</load_address>
         <run_address>0x53c6</run_address>
         <size>0x54</size>
         <input_file_ref idref="fl-ec"/>
      </object_component>
      <object_component id="oc-3be">
         <name>.text:_ecpy</name>
         <load_address>0x541a</load_address>
         <run_address>0x541a</run_address>
         <size>0x52</size>
         <input_file_ref idref="fl-e3"/>
      </object_component>
      <object_component id="oc-326">
         <name>.text:atoi</name>
         <load_address>0x546c</load_address>
         <run_address>0x546c</run_address>
         <size>0x4c</size>
         <input_file_ref idref="fl-ee"/>
      </object_component>
      <object_component id="oc-21d">
         <name>.text</name>
         <load_address>0x54b8</load_address>
         <run_address>0x54b8</run_address>
         <size>0x48</size>
         <input_file_ref idref="fl-d5"/>
      </object_component>
      <object_component id="oc-11e">
         <name>.text:__TI_auto_init_nobinit_nopinit:__TI_auto_init_nobinit_nopinit</name>
         <load_address>0x5500</load_address>
         <run_address>0x5500</run_address>
         <size>0x44</size>
         <input_file_ref idref="fl-e7"/>
      </object_component>
      <object_component id="oc-1fa">
         <name>.text:sprintf</name>
         <load_address>0x5544</load_address>
         <run_address>0x5544</run_address>
         <size>0x40</size>
         <input_file_ref idref="fl-cb"/>
      </object_component>
      <object_component id="oc-17a">
         <name>.text:vsnprintf</name>
         <load_address>0x5584</load_address>
         <run_address>0x5584</run_address>
         <size>0x40</size>
         <input_file_ref idref="fl-cc"/>
      </object_component>
      <object_component id="oc-3d1">
         <name>.text:_fcpy</name>
         <load_address>0x55c4</load_address>
         <run_address>0x55c4</run_address>
         <size>0x3e</size>
         <input_file_ref idref="fl-e3"/>
      </object_component>
      <object_component id="oc-19f">
         <name>.text:calloc</name>
         <load_address>0x5604</load_address>
         <run_address>0x5604</run_address>
         <size>0x38</size>
         <input_file_ref idref="fl-dd"/>
      </object_component>
      <object_component id="oc-1d1">
         <name>.text</name>
         <load_address>0x563c</load_address>
         <run_address>0x563c</run_address>
         <size>0x38</size>
         <input_file_ref idref="fl-d7"/>
      </object_component>
      <object_component id="oc-166">
         <name>.text:IntRegister</name>
         <load_address>0x5674</load_address>
         <run_address>0x5674</run_address>
         <size>0x34</size>
         <input_file_ref idref="fl-f4"/>
      </object_component>
      <object_component id="oc-5c">
         <name>.text:_c_int00_noargs:_c_int00_noargs</name>
         <load_address>0x56a8</load_address>
         <run_address>0x56a8</run_address>
         <size>0x34</size>
         <input_file_ref idref="fl-e2"/>
      </object_component>
      <object_component id="oc-270">
         <name>.text:_outs</name>
         <load_address>0x56dc</load_address>
         <run_address>0x56dc</run_address>
         <size>0x30</size>
         <input_file_ref idref="fl-cc"/>
      </object_component>
      <object_component id="oc-1bf">
         <name>.text</name>
         <load_address>0x570c</load_address>
         <run_address>0x570c</run_address>
         <size>0x2e</size>
         <input_file_ref idref="fl-d8"/>
      </object_component>
      <object_component id="oc-2a2">
         <name>.text:free_list_insert</name>
         <load_address>0x573c</load_address>
         <run_address>0x573c</run_address>
         <size>0x28</size>
         <input_file_ref idref="fl-dd"/>
      </object_component>
      <object_component id="oc-29c">
         <name>.text:free_list_remove</name>
         <load_address>0x5764</load_address>
         <run_address>0x5764</run_address>
         <size>0x1c</size>
         <input_file_ref idref="fl-dd"/>
      </object_component>
      <object_component id="oc-34a">
         <name>.text:memccpy</name>
         <load_address>0x5780</load_address>
         <run_address>0x5780</run_address>
         <size>0x1c</size>
         <input_file_ref idref="fl-f0"/>
      </object_component>
      <object_component id="oc-38a">
         <name>.text:copysign</name>
         <load_address>0x579c</load_address>
         <run_address>0x579c</run_address>
         <size>0x1a</size>
         <input_file_ref idref="fl-d0"/>
      </object_component>
      <object_component id="oc-276">
         <name>.text:_outc</name>
         <load_address>0x57b6</load_address>
         <run_address>0x57b6</run_address>
         <size>0x18</size>
         <input_file_ref idref="fl-cc"/>
      </object_component>
      <object_component id="oc-2c5">
         <name>.text:_outs</name>
         <load_address>0x57ce</load_address>
         <run_address>0x57ce</run_address>
         <size>0x18</size>
         <input_file_ref idref="fl-cb"/>
      </object_component>
      <object_component id="oc-1ab">
         <name>.text:oi_parseInt</name>
         <load_address>0x57e6</load_address>
         <run_address>0x57e6</run_address>
         <size>0x18</size>
         <input_file_ref idref="fl-7"/>
      </object_component>
      <object_component id="oc-180">
         <name>.text:strcmp</name>
         <load_address>0x57fe</load_address>
         <run_address>0x57fe</run_address>
         <size>0x18</size>
         <input_file_ref idref="fl-de"/>
      </object_component>
      <object_component id="oc-3df">
         <name>.text:strchr</name>
         <load_address>0x5816</load_address>
         <run_address>0x5816</run_address>
         <size>0x16</size>
         <input_file_ref idref="fl-f1"/>
      </object_component>
      <object_component id="oc-186">
         <name>.text:strcpy</name>
         <load_address>0x582c</load_address>
         <run_address>0x582c</run_address>
         <size>0x14</size>
         <input_file_ref idref="fl-df"/>
      </object_component>
      <object_component id="oc-1f4">
         <name>.text:strlen</name>
         <load_address>0x5840</load_address>
         <run_address>0x5840</run_address>
         <size>0x14</size>
         <input_file_ref idref="fl-e0"/>
      </object_component>
      <object_component id="oc-350">
         <name>.text:wcslen</name>
         <load_address>0x5854</load_address>
         <run_address>0x5854</run_address>
         <size>0x12</size>
         <input_file_ref idref="fl-f2"/>
      </object_component>
      <object_component id="oc-197">
         <name>.text:IntMasterEnable</name>
         <load_address>0x5866</load_address>
         <run_address>0x5866</run_address>
         <size>0x10</size>
         <input_file_ref idref="fl-f4"/>
      </object_component>
      <object_component id="oc-173">
         <name>.text:lcd_clear</name>
         <load_address>0x5876</load_address>
         <run_address>0x5876</run_address>
         <size>0x10</size>
         <input_file_ref idref="fl-6"/>
      </object_component>
      <object_component id="oc-1b">
         <name>.text:decompress:none:__TI_decompress_none</name>
         <load_address>0x5886</load_address>
         <run_address>0x5886</run_address>
         <size>0xe</size>
         <input_file_ref idref="fl-db"/>
      </object_component>
      <object_component id="oc-28e">
         <name>.text:CPUcpsie</name>
         <load_address>0x5894</load_address>
         <run_address>0x5894</run_address>
         <size>0xc</size>
         <input_file_ref idref="fl-f5"/>
      </object_component>
      <object_component id="oc-50">
         <name>.text:decompress:ZI:__TI_zero_init</name>
         <load_address>0x58a0</load_address>
         <run_address>0x58a0</run_address>
         <size>0xc</size>
         <input_file_ref idref="fl-da"/>
      </object_component>
      <object_component id="oc-2a">
         <name>.text</name>
         <load_address>0x58ac</load_address>
         <run_address>0x58ac</run_address>
         <size>0xc</size>
         <input_file_ref idref="fl-9"/>
      </object_component>
      <object_component id="oc-2cb">
         <name>.text:_outc</name>
         <load_address>0x58b8</load_address>
         <run_address>0x58b8</run_address>
         <size>0xa</size>
         <input_file_ref idref="fl-cb"/>
      </object_component>
      <object_component id="oc-2d9">
         <name>.text:__aeabi_errno_addr</name>
         <load_address>0x58c4</load_address>
         <run_address>0x58c4</run_address>
         <size>0x8</size>
         <input_file_ref idref="fl-e1"/>
      </object_component>
      <object_component id="oc-295">
         <name>.text:malloc</name>
         <load_address>0x58cc</load_address>
         <run_address>0x58cc</run_address>
         <size>0x8</size>
         <input_file_ref idref="fl-dd"/>
      </object_component>
      <object_component id="oc-9c">
         <name>.text:_system_pre_init</name>
         <load_address>0x58d4</load_address>
         <run_address>0x58d4</run_address>
         <size>0x4</size>
         <input_file_ref idref="fl-e8"/>
      </object_component>
      <object_component id="oc-112">
         <name>.text:abort:abort</name>
         <load_address>0x58d8</load_address>
         <run_address>0x58d8</run_address>
         <size>0x4</size>
         <input_file_ref idref="fl-ea"/>
      </object_component>
      <object_component id="oc-3ad">
         <name>.const:.string:_ctypes_</name>
         <load_address>0x58e0</load_address>
         <run_address>0x58e0</run_address>
         <size>0x101</size>
         <input_file_ref idref="fl-ef"/>
      </object_component>
      <object_component id="oc-18c">
         <name>.const:.string:lineAddress$1</name>
         <load_address>0x59e1</load_address>
         <run_address>0x59e1</run_address>
         <size>0x4</size>
         <input_file_ref idref="fl-6"/>
      </object_component>
      <object_component id="oc-2df">
         <name>.const:$O1$$</name>
         <load_address>0x59e8</load_address>
         <run_address>0x59e8</run_address>
         <size>0x30</size>
         <input_file_ref idref="fl-cd"/>
      </object_component>
      <object_component id="oc-20c">
         <name>.const:.string:$P$T1$2</name>
         <load_address>0x5a18</load_address>
         <run_address>0x5a18</run_address>
         <size>0x27</size>
         <input_file_ref idref="fl-2"/>
      </object_component>
      <object_component id="oc-206">
         <name>.const:.string:$P$T0$1</name>
         <load_address>0x5a3f</load_address>
         <run_address>0x5a3f</run_address>
         <size>0x24</size>
         <input_file_ref idref="fl-2"/>
      </object_component>
      <object_component id="oc-22b">
         <name>.const:.string:$P$T5$6</name>
         <load_address>0x5a63</load_address>
         <run_address>0x5a63</run_address>
         <size>0x11</size>
         <input_file_ref idref="fl-2"/>
      </object_component>
      <object_component id="oc-1c9">
         <name>.const:.string:$P$T0$3</name>
         <load_address>0x5a74</load_address>
         <run_address>0x5a74</run_address>
         <size>0xf</size>
         <input_file_ref idref="fl-7"/>
      </object_component>
      <object_component id="oc-225">
         <name>.const:.string:$P$T3$4</name>
         <load_address>0x5a83</load_address>
         <run_address>0x5a83</run_address>
         <size>0xe</size>
         <input_file_ref idref="fl-2"/>
      </object_component>
      <object_component id="oc-228">
         <name>.const:.string:$P$T4$5</name>
         <load_address>0x5a91</load_address>
         <run_address>0x5a91</run_address>
         <size>0xd</size>
         <input_file_ref idref="fl-2"/>
      </object_component>
      <object_component id="oc-222">
         <name>.const:.string:$P$T2$3</name>
         <load_address>0x5a9e</load_address>
         <run_address>0x5a9e</run_address>
         <size>0x8</size>
         <input_file_ref idref="fl-2"/>
      </object_component>
      <object_component id="oc-18d">
         <name>.const:.string:lineAddresses$2</name>
         <load_address>0x5aa6</load_address>
         <run_address>0x5aa6</run_address>
         <size>0x4</size>
         <input_file_ref idref="fl-6"/>
      </object_component>
      <object_component id="oc-46b">
         <name>.cinit..data.load</name>
         <load_address>0x5ab0</load_address>
         <run_address>0x5ab0</run_address>
         <size>0x27</size>
      </object_component>
      <object_component id="oc-468">
         <name>__TI_handler_table</name>
         <load_address>0x5ad8</load_address>
         <run_address>0x5ad8</run_address>
         <size>0xc</size>
      </object_component>
      <object_component id="oc-46c">
         <name>.cinit..bss.load</name>
         <load_address>0x5ae8</load_address>
         <run_address>0x5ae8</run_address>
         <size>0x8</size>
      </object_component>
      <object_component id="oc-46a">
         <name>.cinit..vtable.load</name>
         <load_address>0x5af0</load_address>
         <run_address>0x5af0</run_address>
         <size>0x8</size>
      </object_component>
      <object_component id="oc-469">
         <name>__TI_cinit_table</name>
         <load_address>0x5af8</load_address>
         <run_address>0x5af8</run_address>
         <size>0x18</size>
      </object_component>
      <object_component id="oc-25c">
         <name>.vtable</name>
         <uninitialized>true</uninitialized>
         <run_address>0x20000000</run_address>
         <size>0x26c</size>
         <input_file_ref idref="fl-f4"/>
      </object_component>
      <object_component id="oc-219">
         <name>.data</name>
         <load_address>0x20002844</load_address>
         <run_address>0x20002844</run_address>
         <size>0xa</size>
         <input_file_ref idref="fl-2"/>
      </object_component>
      <object_component id="oc-16c">
         <name>.data</name>
         <load_address>0x2000284e</load_address>
         <run_address>0x2000284e</run_address>
         <size>0x1</size>
         <input_file_ref idref="fl-3"/>
      </object_component>
      <object_component id="oc-1b2">
         <name>.data</name>
         <load_address>0x20002824</load_address>
         <run_address>0x20002824</run_address>
         <size>0x20</size>
         <input_file_ref idref="fl-7"/>
      </object_component>
      <object_component id="oc-10e">
         <name>.data</name>
         <load_address>0x20002860</load_address>
         <run_address>0x20002860</run_address>
         <size>0x8</size>
         <input_file_ref idref="fl-a"/>
      </object_component>
      <object_component id="oc-1eb">
         <name>.data</name>
         <load_address>0x20002868</load_address>
         <run_address>0x20002868</run_address>
         <size>0x4</size>
         <input_file_ref idref="fl-12"/>
      </object_component>
      <object_component id="oc-372">
         <name>.data:$O1$$</name>
         <load_address>0x20002858</load_address>
         <run_address>0x20002858</run_address>
         <size>0x8</size>
         <input_file_ref idref="fl-dd"/>
      </object_component>
      <object_component id="oc-383">
         <name>.data</name>
         <load_address>0x2000286c</load_address>
         <run_address>0x2000286c</run_address>
         <size>0x4</size>
         <input_file_ref idref="fl-e1"/>
      </object_component>
      <object_component id="oc-240">
         <name>.data:$O1$$</name>
         <load_address>0x20002850</load_address>
         <run_address>0x20002850</run_address>
         <size>0x8</size>
         <input_file_ref idref="fl-eb"/>
      </object_component>
      <object_component id="oc-18e">
         <name>.bss:lastbuffer$3</name>
         <uninitialized>true</uninitialized>
         <run_address>0x20002798</run_address>
         <size>0x54</size>
         <input_file_ref idref="fl-6"/>
      </object_component>
      <object_component id="oc-1d6">
         <name>.bss:firmware$2</name>
         <uninitialized>true</uninitialized>
         <run_address>0x200027ec</run_address>
         <size>0x18</size>
         <input_file_ref idref="fl-7"/>
      </object_component>
      <object_component id="oc-106">
         <name>.common:right_calibration_value</name>
         <uninitialized>true</uninitialized>
         <run_address>0x20002818</run_address>
         <size>0x4</size>
      </object_component>
      <object_component id="oc-10d">
         <name>.common:left_calibration_value</name>
         <uninitialized>true</uninitialized>
         <run_address>0x20002810</run_address>
         <size>0x4</size>
      </object_component>
      <object_component id="oc-21c">
         <name>.common:outside</name>
         <uninitialized>true</uninitialized>
         <run_address>0x200026a8</run_address>
         <size>0xf0</size>
      </object_component>
      <object_component id="oc-20b">
         <name>.common:pAv</name>
         <uninitialized>true</uninitialized>
         <run_address>0x20002540</run_address>
         <size>0x168</size>
      </object_component>
      <object_component id="oc-209">
         <name>.common:angles</name>
         <uninitialized>true</uninitialized>
         <run_address>0x20002270</run_address>
         <size>0x168</size>
      </object_component>
      <object_component id="oc-20a">
         <name>.common:iraws</name>
         <uninitialized>true</uninitialized>
         <run_address>0x200023d8</run_address>
         <size>0x168</size>
      </object_component>
      <object_component id="oc-16f">
         <name>.common:_timeout_ticks</name>
         <uninitialized>true</uninitialized>
         <run_address>0x20002804</run_address>
         <size>0x4</size>
      </object_component>
      <object_component id="oc-19d">
         <name>.common:input</name>
         <uninitialized>true</uninitialized>
         <run_address>0x20002820</run_address>
         <size>0x1</size>
      </object_component>
      <object_component id="oc-2bd">
         <name>.common:isr_int_value</name>
         <uninitialized>true</uninitialized>
         <run_address>0x2000280c</run_address>
         <size>0x4</size>
      </object_component>
      <object_component id="oc-2b9">
         <name>.common:risingEdge</name>
         <uninitialized>true</uninitialized>
         <run_address>0x2000281c</run_address>
         <size>0x4</size>
      </object_component>
      <object_component id="oc-2ba">
         <name>.common:fallingEdge</name>
         <uninitialized>true</uninitialized>
         <run_address>0x20002808</run_address>
         <size>0x4</size>
      </object_component>
      <object_component id="oc-2bb">
         <name>.common:pulseLength</name>
         <uninitialized>true</uninitialized>
         <run_address>0x20002814</run_address>
         <size>0x4</size>
      </object_component>
      <object_component id="oc-2b6">
         <name>.common:isRisingEdge</name>
         <uninitialized>true</uninitialized>
         <run_address>0x20002821</run_address>
         <size>0x1</size>
      </object_component>
      <object_component id="oc-24">
         <name>.sysmem</name>
         <uninitialized>true</uninitialized>
         <run_address>0x20001270</run_address>
         <size>0x10</size>
         <input_file_ref idref="fl-dd"/>
      </object_component>
      <object_component id="oc-46f">
         <name>.sysmem</name>
         <uninitialized>true</uninitialized>
         <run_address>0x20001270</run_address>
         <size>0x0</size>
      </object_component>
      <object_component id="oc-27">
         <name>.stack</name>
         <uninitialized>true</uninitialized>
         <run_address>0x20000270</run_address>
         <size>0x4</size>
         <input_file_ref idref="fl-e2"/>
      </object_component>
      <object_component id="oc-46e">
         <name>.stack</name>
         <uninitialized>true</uninitialized>
         <run_address>0x20000270</run_address>
         <size>0x0</size>
      </object_component>
      <object_component id="oc-ca">
         <name>.debug_info</name>
         <load_address>0x0</load_address>
         <run_address>0x0</run_address>
         <size>0x612</size>
         <input_file_ref idref="fl-2"/>
      </object_component>
      <object_component id="oc-21a">
         <name>.debug_info</name>
         <load_address>0x612</load_address>
         <run_address>0x612</run_address>
         <size>0x12f</size>
         <input_file_ref idref="fl-2"/>
      </object_component>
      <object_component id="oc-207">
         <name>.debug_info</name>
         <load_address>0x741</load_address>
         <run_address>0x741</run_address>
         <size>0xbf</size>
         <input_file_ref idref="fl-2"/>
      </object_component>
      <object_component id="oc-20d">
         <name>.debug_info</name>
         <load_address>0x800</load_address>
         <run_address>0x800</run_address>
         <size>0xbf</size>
         <input_file_ref idref="fl-2"/>
      </object_component>
      <object_component id="oc-223">
         <name>.debug_info</name>
         <load_address>0x8bf</load_address>
         <run_address>0x8bf</run_address>
         <size>0xc0</size>
         <input_file_ref idref="fl-2"/>
      </object_component>
      <object_component id="oc-226">
         <name>.debug_info</name>
         <load_address>0x97f</load_address>
         <run_address>0x97f</run_address>
         <size>0xc0</size>
         <input_file_ref idref="fl-2"/>
      </object_component>
      <object_component id="oc-229">
         <name>.debug_info</name>
         <load_address>0xa3f</load_address>
         <run_address>0xa3f</run_address>
         <size>0xc0</size>
         <input_file_ref idref="fl-2"/>
      </object_component>
      <object_component id="oc-22c">
         <name>.debug_info</name>
         <load_address>0xaff</load_address>
         <run_address>0xaff</run_address>
         <size>0xc0</size>
         <input_file_ref idref="fl-2"/>
      </object_component>
      <object_component id="oc-101">
         <name>.debug_info</name>
         <load_address>0xbbf</load_address>
         <run_address>0xbbf</run_address>
         <size>0x1572</size>
         <input_file_ref idref="fl-2"/>
      </object_component>
      <object_component id="oc-152">
         <name>.debug_info</name>
         <load_address>0x2131</load_address>
         <run_address>0x2131</run_address>
         <size>0x5aa</size>
         <input_file_ref idref="fl-2"/>
      </object_component>
      <object_component id="oc-157">
         <name>.debug_info</name>
         <load_address>0x26db</load_address>
         <run_address>0x26db</run_address>
         <size>0x9d</size>
         <input_file_ref idref="fl-2"/>
      </object_component>
      <object_component id="oc-15c">
         <name>.debug_info</name>
         <load_address>0x2778</load_address>
         <run_address>0x2778</run_address>
         <size>0x72</size>
         <input_file_ref idref="fl-2"/>
      </object_component>
      <object_component id="oc-77">
         <name>.debug_info</name>
         <load_address>0x27ea</load_address>
         <run_address>0x27ea</run_address>
         <size>0x26b</size>
         <input_file_ref idref="fl-2"/>
      </object_component>
      <object_component id="oc-c5">
         <name>.debug_info</name>
         <load_address>0x2a55</load_address>
         <run_address>0x2a55</run_address>
         <size>0x8b</size>
         <input_file_ref idref="fl-2"/>
      </object_component>
      <object_component id="oc-c0">
         <name>.debug_info</name>
         <load_address>0x2ae0</load_address>
         <run_address>0x2ae0</run_address>
         <size>0x2a4</size>
         <input_file_ref idref="fl-2"/>
      </object_component>
      <object_component id="oc-7c">
         <name>.debug_info</name>
         <load_address>0x2d84</load_address>
         <run_address>0x2d84</run_address>
         <size>0xbb</size>
         <input_file_ref idref="fl-2"/>
      </object_component>
      <object_component id="oc-161">
         <name>.debug_info</name>
         <load_address>0x2e3f</load_address>
         <run_address>0x2e3f</run_address>
         <size>0xcc</size>
         <input_file_ref idref="fl-2"/>
      </object_component>
      <object_component id="oc-191">
         <name>.debug_info</name>
         <load_address>0x2f0b</load_address>
         <run_address>0x2f0b</run_address>
         <size>0x2c</size>
         <input_file_ref idref="fl-2"/>
      </object_component>
      <object_component id="oc-170">
         <name>.debug_info</name>
         <load_address>0x2f37</load_address>
         <run_address>0x2f37</run_address>
         <size>0x2b1</size>
         <input_file_ref idref="fl-3"/>
      </object_component>
      <object_component id="oc-16d">
         <name>.debug_info</name>
         <load_address>0x31e8</load_address>
         <run_address>0x31e8</run_address>
         <size>0xbf</size>
         <input_file_ref idref="fl-3"/>
      </object_component>
      <object_component id="oc-dd">
         <name>.debug_info</name>
         <load_address>0x32a7</load_address>
         <run_address>0x32a7</run_address>
         <size>0x507</size>
         <input_file_ref idref="fl-3"/>
      </object_component>
      <object_component id="oc-39">
         <name>.debug_info</name>
         <load_address>0x37ae</load_address>
         <run_address>0x37ae</run_address>
         <size>0x84</size>
         <input_file_ref idref="fl-3"/>
      </object_component>
      <object_component id="oc-eb">
         <name>.debug_info</name>
         <load_address>0x3832</load_address>
         <run_address>0x3832</run_address>
         <size>0x136</size>
         <input_file_ref idref="fl-4"/>
      </object_component>
      <object_component id="oc-107">
         <name>.debug_info</name>
         <load_address>0x3968</load_address>
         <run_address>0x3968</run_address>
         <size>0x523</size>
         <input_file_ref idref="fl-5"/>
      </object_component>
      <object_component id="oc-a5">
         <name>.debug_info</name>
         <load_address>0x3e8b</load_address>
         <run_address>0x3e8b</run_address>
         <size>0x201</size>
         <input_file_ref idref="fl-5"/>
      </object_component>
      <object_component id="oc-190">
         <name>.debug_info</name>
         <load_address>0x408c</load_address>
         <run_address>0x408c</run_address>
         <size>0x379</size>
         <input_file_ref idref="fl-6"/>
      </object_component>
      <object_component id="oc-174">
         <name>.debug_info</name>
         <load_address>0x4405</load_address>
         <run_address>0x4405</run_address>
         <size>0x114</size>
         <input_file_ref idref="fl-6"/>
      </object_component>
      <object_component id="oc-e3">
         <name>.debug_info</name>
         <load_address>0x4519</load_address>
         <run_address>0x4519</run_address>
         <size>0x8a0</size>
         <input_file_ref idref="fl-6"/>
      </object_component>
      <object_component id="oc-1d8">
         <name>.debug_info</name>
         <load_address>0x4db9</load_address>
         <run_address>0x4db9</run_address>
         <size>0x3f6</size>
         <input_file_ref idref="fl-7"/>
      </object_component>
      <object_component id="oc-1b3">
         <name>.debug_info</name>
         <load_address>0x51af</load_address>
         <run_address>0x51af</run_address>
         <size>0x111</size>
         <input_file_ref idref="fl-7"/>
      </object_component>
      <object_component id="oc-1ca">
         <name>.debug_info</name>
         <load_address>0x52c0</load_address>
         <run_address>0x52c0</run_address>
         <size>0xc6</size>
         <input_file_ref idref="fl-7"/>
      </object_component>
      <object_component id="oc-1ad">
         <name>.debug_info</name>
         <load_address>0x5386</load_address>
         <run_address>0x5386</run_address>
         <size>0x13e</size>
         <input_file_ref idref="fl-7"/>
      </object_component>
      <object_component id="oc-f6">
         <name>.debug_info</name>
         <load_address>0x54c4</load_address>
         <run_address>0x54c4</run_address>
         <size>0x1988</size>
         <input_file_ref idref="fl-7"/>
      </object_component>
      <object_component id="oc-32">
         <name>.debug_info</name>
         <load_address>0x6e4c</load_address>
         <run_address>0x6e4c</run_address>
         <size>0x29b</size>
         <input_file_ref idref="fl-9"/>
      </object_component>
      <object_component id="oc-13">
         <name>.debug_info</name>
         <load_address>0x70e7</load_address>
         <run_address>0x70e7</run_address>
         <size>0xda</size>
         <input_file_ref idref="fl-9"/>
      </object_component>
      <object_component id="oc-2d">
         <name>.debug_info</name>
         <load_address>0x71c1</load_address>
         <run_address>0x71c1</run_address>
         <size>0x256</size>
         <input_file_ref idref="fl-9"/>
      </object_component>
      <object_component id="oc-109">
         <name>.debug_info</name>
         <load_address>0x7417</load_address>
         <run_address>0x7417</run_address>
         <size>0x3ac</size>
         <input_file_ref idref="fl-a"/>
      </object_component>
      <object_component id="oc-10f">
         <name>.debug_info</name>
         <load_address>0x77c3</load_address>
         <run_address>0x77c3</run_address>
         <size>0xf9</size>
         <input_file_ref idref="fl-a"/>
      </object_component>
      <object_component id="oc-ef">
         <name>.debug_info</name>
         <load_address>0x78bc</load_address>
         <run_address>0x78bc</run_address>
         <size>0x450</size>
         <input_file_ref idref="fl-a"/>
      </object_component>
      <object_component id="oc-10b">
         <name>.debug_info</name>
         <load_address>0x7d0c</load_address>
         <run_address>0x7d0c</run_address>
         <size>0x485</size>
         <input_file_ref idref="fl-12"/>
      </object_component>
      <object_component id="oc-1ec">
         <name>.debug_info</name>
         <load_address>0x8191</load_address>
         <run_address>0x8191</run_address>
         <size>0x114</size>
         <input_file_ref idref="fl-12"/>
      </object_component>
      <object_component id="oc-fb">
         <name>.debug_info</name>
         <load_address>0x82a5</load_address>
         <run_address>0x82a5</run_address>
         <size>0x4ce</size>
         <input_file_ref idref="fl-12"/>
      </object_component>
      <object_component id="oc-1ef">
         <name>.debug_info</name>
         <load_address>0x8773</load_address>
         <run_address>0x8773</run_address>
         <size>0x9d</size>
         <input_file_ref idref="fl-12"/>
      </object_component>
      <object_component id="oc-235">
         <name>.debug_info</name>
         <load_address>0x8810</load_address>
         <run_address>0x8810</run_address>
         <size>0x35</size>
         <input_file_ref idref="fl-12"/>
      </object_component>
      <object_component id="oc-2be">
         <name>.debug_info</name>
         <load_address>0x8845</load_address>
         <run_address>0x8845</run_address>
         <size>0x2b7</size>
         <input_file_ref idref="fl-13"/>
      </object_component>
      <object_component id="oc-1e6">
         <name>.debug_info</name>
         <load_address>0x8afc</load_address>
         <run_address>0x8afc</run_address>
         <size>0x266</size>
         <input_file_ref idref="fl-13"/>
      </object_component>
      <object_component id="oc-2b7">
         <name>.debug_info</name>
         <load_address>0x8d62</load_address>
         <run_address>0x8d62</run_address>
         <size>0x3ba</size>
         <input_file_ref idref="fl-14"/>
      </object_component>
      <object_component id="oc-1e0">
         <name>.debug_info</name>
         <load_address>0x911c</load_address>
         <run_address>0x911c</run_address>
         <size>0x270</size>
         <input_file_ref idref="fl-14"/>
      </object_component>
      <object_component id="oc-1db">
         <name>.debug_info</name>
         <load_address>0x938c</load_address>
         <run_address>0x938c</run_address>
         <size>0x296</size>
         <input_file_ref idref="fl-15"/>
      </object_component>
      <object_component id="oc-2d2">
         <name>.debug_info</name>
         <load_address>0x9622</load_address>
         <run_address>0x9622</run_address>
         <size>0x333</size>
         <input_file_ref idref="fl-cb"/>
      </object_component>
      <object_component id="oc-1fe">
         <name>.debug_info</name>
         <load_address>0x9955</load_address>
         <run_address>0x9955</run_address>
         <size>0x1d1</size>
         <input_file_ref idref="fl-cb"/>
      </object_component>
      <object_component id="oc-2c8">
         <name>.debug_info</name>
         <load_address>0x9b26</load_address>
         <run_address>0x9b26</run_address>
         <size>0x18d</size>
         <input_file_ref idref="fl-cb"/>
      </object_component>
      <object_component id="oc-2ce">
         <name>.debug_info</name>
         <load_address>0x9cb3</load_address>
         <run_address>0x9cb3</run_address>
         <size>0x16d</size>
         <input_file_ref idref="fl-cb"/>
      </object_component>
      <object_component id="oc-27e">
         <name>.debug_info</name>
         <load_address>0x9e20</load_address>
         <run_address>0x9e20</run_address>
         <size>0x2c</size>
         <input_file_ref idref="fl-cb"/>
      </object_component>
      <object_component id="oc-27d">
         <name>.debug_info</name>
         <load_address>0x9e4c</load_address>
         <run_address>0x9e4c</run_address>
         <size>0x340</size>
         <input_file_ref idref="fl-cc"/>
      </object_component>
      <object_component id="oc-17e">
         <name>.debug_info</name>
         <load_address>0xa18c</load_address>
         <run_address>0xa18c</run_address>
         <size>0x208</size>
         <input_file_ref idref="fl-cc"/>
      </object_component>
      <object_component id="oc-272">
         <name>.debug_info</name>
         <load_address>0xa394</load_address>
         <run_address>0xa394</run_address>
         <size>0x1c6</size>
         <input_file_ref idref="fl-cc"/>
      </object_component>
      <object_component id="oc-27a">
         <name>.debug_info</name>
         <load_address>0xa55a</load_address>
         <run_address>0xa55a</run_address>
         <size>0x179</size>
         <input_file_ref idref="fl-cc"/>
      </object_component>
      <object_component id="oc-283">
         <name>.debug_info</name>
         <load_address>0xa6d3</load_address>
         <run_address>0xa6d3</run_address>
         <size>0x69</size>
         <input_file_ref idref="fl-cc"/>
      </object_component>
      <object_component id="oc-2ee">
         <name>.debug_info</name>
         <load_address>0xa73c</load_address>
         <run_address>0xa73c</run_address>
         <size>0x363</size>
         <input_file_ref idref="fl-cd"/>
      </object_component>
      <object_component id="oc-2e0">
         <name>.debug_info</name>
         <load_address>0xaa9f</load_address>
         <run_address>0xaa9f</run_address>
         <size>0x128</size>
         <input_file_ref idref="fl-cd"/>
      </object_component>
      <object_component id="oc-203">
         <name>.debug_info</name>
         <load_address>0xabc7</load_address>
         <run_address>0xabc7</run_address>
         <size>0xbdf</size>
         <input_file_ref idref="fl-cd"/>
      </object_component>
      <object_component id="oc-397">
         <name>.debug_info</name>
         <load_address>0xb7a6</load_address>
         <run_address>0xb7a6</run_address>
         <size>0x46</size>
         <input_file_ref idref="fl-cd"/>
      </object_component>
      <object_component id="oc-2e9">
         <name>.debug_info</name>
         <load_address>0xb7ec</load_address>
         <run_address>0xb7ec</run_address>
         <size>0x39</size>
         <input_file_ref idref="fl-cd"/>
      </object_component>
      <object_component id="oc-382">
         <name>.debug_info</name>
         <load_address>0xb825</load_address>
         <run_address>0xb825</run_address>
         <size>0x2ca</size>
         <input_file_ref idref="fl-ce"/>
      </object_component>
      <object_component id="oc-2d5">
         <name>.debug_info</name>
         <load_address>0xbaef</load_address>
         <run_address>0xbaef</run_address>
         <size>0x24e</size>
         <input_file_ref idref="fl-ce"/>
      </object_component>
      <object_component id="oc-391">
         <name>.debug_info</name>
         <load_address>0xbd3d</load_address>
         <run_address>0xbd3d</run_address>
         <size>0x2fd</size>
         <input_file_ref idref="fl-cf"/>
      </object_component>
      <object_component id="oc-2e4">
         <name>.debug_info</name>
         <load_address>0xc03a</load_address>
         <run_address>0xc03a</run_address>
         <size>0x225</size>
         <input_file_ref idref="fl-cf"/>
      </object_component>
      <object_component id="oc-40d">
         <name>.debug_info</name>
         <load_address>0xc25f</load_address>
         <run_address>0xc25f</run_address>
         <size>0x39</size>
         <input_file_ref idref="fl-cf"/>
      </object_component>
      <object_component id="oc-392">
         <name>.debug_info</name>
         <load_address>0xc298</load_address>
         <run_address>0xc298</run_address>
         <size>0x2c</size>
         <input_file_ref idref="fl-cf"/>
      </object_component>
      <object_component id="oc-38b">
         <name>.debug_info</name>
         <load_address>0xc2c4</load_address>
         <run_address>0xc2c4</run_address>
         <size>0x161</size>
         <input_file_ref idref="fl-d0"/>
      </object_component>
      <object_component id="oc-1c5">
         <name>.debug_info</name>
         <load_address>0xc425</load_address>
         <run_address>0xc425</run_address>
         <size>0x14c</size>
         <input_file_ref idref="fl-d1"/>
      </object_component>
      <object_component id="oc-211">
         <name>.debug_info</name>
         <load_address>0xc571</load_address>
         <run_address>0xc571</run_address>
         <size>0x128</size>
         <input_file_ref idref="fl-d2"/>
      </object_component>
      <object_component id="oc-215">
         <name>.debug_info</name>
         <load_address>0xc699</load_address>
         <run_address>0xc699</run_address>
         <size>0x12a</size>
         <input_file_ref idref="fl-d2"/>
      </object_component>
      <object_component id="oc-1bb">
         <name>.debug_info</name>
         <load_address>0xc7c3</load_address>
         <run_address>0xc7c3</run_address>
         <size>0x13a</size>
         <input_file_ref idref="fl-d3"/>
      </object_component>
      <object_component id="oc-1b6">
         <name>.debug_info</name>
         <load_address>0xc8fd</load_address>
         <run_address>0xc8fd</run_address>
         <size>0x13a</size>
         <input_file_ref idref="fl-d4"/>
      </object_component>
      <object_component id="oc-220">
         <name>.debug_info</name>
         <load_address>0xca37</load_address>
         <run_address>0xca37</run_address>
         <size>0x12e</size>
         <input_file_ref idref="fl-d5"/>
      </object_component>
      <object_component id="oc-1cd">
         <name>.debug_info</name>
         <load_address>0xcb65</load_address>
         <run_address>0xcb65</run_address>
         <size>0x13e</size>
         <input_file_ref idref="fl-d6"/>
      </object_component>
      <object_component id="oc-1d3">
         <name>.debug_info</name>
         <load_address>0xcca3</load_address>
         <run_address>0xcca3</run_address>
         <size>0x12c</size>
         <input_file_ref idref="fl-d7"/>
      </object_component>
      <object_component id="oc-1c2">
         <name>.debug_info</name>
         <load_address>0xcdcf</load_address>
         <run_address>0xcdcf</run_address>
         <size>0x12c</size>
         <input_file_ref idref="fl-d8"/>
      </object_component>
      <object_component id="oc-41">
         <name>.debug_info</name>
         <load_address>0xcefb</load_address>
         <run_address>0xcefb</run_address>
         <size>0x119</size>
         <input_file_ref idref="fl-d9"/>
      </object_component>
      <object_component id="oc-95">
         <name>.debug_info</name>
         <load_address>0xd014</load_address>
         <run_address>0xd014</run_address>
         <size>0x2d4</size>
         <input_file_ref idref="fl-da"/>
      </object_component>
      <object_component id="oc-53">
         <name>.debug_info</name>
         <load_address>0xd2e8</load_address>
         <run_address>0xd2e8</run_address>
         <size>0x1b5</size>
         <input_file_ref idref="fl-da"/>
      </object_component>
      <object_component id="oc-90">
         <name>.debug_info</name>
         <load_address>0xd49d</load_address>
         <run_address>0xd49d</run_address>
         <size>0x46</size>
         <input_file_ref idref="fl-da"/>
      </object_component>
      <object_component id="oc-d3">
         <name>.debug_info</name>
         <load_address>0xd4e3</load_address>
         <run_address>0xd4e3</run_address>
         <size>0x2c</size>
         <input_file_ref idref="fl-da"/>
      </object_component>
      <object_component id="oc-49">
         <name>.debug_info</name>
         <load_address>0xd50f</load_address>
         <run_address>0xd50f</run_address>
         <size>0x2a8</size>
         <input_file_ref idref="fl-db"/>
      </object_component>
      <object_component id="oc-1d">
         <name>.debug_info</name>
         <load_address>0xd7b7</load_address>
         <run_address>0xd7b7</run_address>
         <size>0x1ea</size>
         <input_file_ref idref="fl-db"/>
      </object_component>
      <object_component id="oc-44">
         <name>.debug_info</name>
         <load_address>0xd9a1</load_address>
         <run_address>0xd9a1</run_address>
         <size>0x46</size>
         <input_file_ref idref="fl-db"/>
      </object_component>
      <object_component id="oc-88">
         <name>.debug_info</name>
         <load_address>0xd9e7</load_address>
         <run_address>0xd9e7</run_address>
         <size>0x2c</size>
         <input_file_ref idref="fl-db"/>
      </object_component>
      <object_component id="oc-86">
         <name>.debug_info</name>
         <load_address>0xda13</load_address>
         <run_address>0xda13</run_address>
         <size>0x29e</size>
         <input_file_ref idref="fl-dc"/>
      </object_component>
      <object_component id="oc-16">
         <name>.debug_info</name>
         <load_address>0xdcb1</load_address>
         <run_address>0xdcb1</run_address>
         <size>0x250</size>
         <input_file_ref idref="fl-dc"/>
      </object_component>
      <object_component id="oc-34">
         <name>.debug_info</name>
         <load_address>0xdf01</load_address>
         <run_address>0xdf01</run_address>
         <size>0x60</size>
         <input_file_ref idref="fl-dc"/>
      </object_component>
      <object_component id="oc-cc">
         <name>.debug_info</name>
         <load_address>0xdf61</load_address>
         <run_address>0xdf61</run_address>
         <size>0x46</size>
         <input_file_ref idref="fl-dc"/>
      </object_component>
      <object_component id="oc-81">
         <name>.debug_info</name>
         <load_address>0xdfa7</load_address>
         <run_address>0xdfa7</run_address>
         <size>0x39</size>
         <input_file_ref idref="fl-dc"/>
      </object_component>
      <object_component id="oc-70">
         <name>.debug_info</name>
         <load_address>0xdfe0</load_address>
         <run_address>0xdfe0</run_address>
         <size>0x3b2</size>
         <input_file_ref idref="fl-dd"/>
      </object_component>
      <object_component id="oc-25">
         <name>.debug_info</name>
         <load_address>0xe392</load_address>
         <run_address>0xe392</run_address>
         <size>0x10c</size>
         <input_file_ref idref="fl-dd"/>
      </object_component>
      <object_component id="oc-373">
         <name>.debug_info</name>
         <load_address>0xe49e</load_address>
         <run_address>0xe49e</run_address>
         <size>0x13f</size>
         <input_file_ref idref="fl-dd"/>
      </object_component>
      <object_component id="oc-296">
         <name>.debug_info</name>
         <load_address>0xe5dd</load_address>
         <run_address>0xe5dd</run_address>
         <size>0x168</size>
         <input_file_ref idref="fl-dd"/>
      </object_component>
      <object_component id="oc-29e">
         <name>.debug_info</name>
         <load_address>0xe745</load_address>
         <run_address>0xe745</run_address>
         <size>0x18e</size>
         <input_file_ref idref="fl-dd"/>
      </object_component>
      <object_component id="oc-2a3">
         <name>.debug_info</name>
         <load_address>0xe8d3</load_address>
         <run_address>0xe8d3</run_address>
         <size>0x19f</size>
         <input_file_ref idref="fl-dd"/>
      </object_component>
      <object_component id="oc-1a7">
         <name>.debug_info</name>
         <load_address>0xea72</load_address>
         <run_address>0xea72</run_address>
         <size>0x203</size>
         <input_file_ref idref="fl-dd"/>
      </object_component>
      <object_component id="oc-3fc">
         <name>.debug_info</name>
         <load_address>0xec75</load_address>
         <run_address>0xec75</run_address>
         <size>0x1db</size>
         <input_file_ref idref="fl-dd"/>
      </object_component>
      <object_component id="oc-1a0">
         <name>.debug_info</name>
         <load_address>0xee50</load_address>
         <run_address>0xee50</run_address>
         <size>0x1a5</size>
         <input_file_ref idref="fl-dd"/>
      </object_component>
      <object_component id="oc-36c">
         <name>.debug_info</name>
         <load_address>0xeff5</load_address>
         <run_address>0xeff5</run_address>
         <size>0x299</size>
         <input_file_ref idref="fl-dd"/>
      </object_component>
      <object_component id="oc-bb">
         <name>.debug_info</name>
         <load_address>0xf28e</load_address>
         <run_address>0xf28e</run_address>
         <size>0xb2</size>
         <input_file_ref idref="fl-dd"/>
      </object_component>
      <object_component id="oc-b6">
         <name>.debug_info</name>
         <load_address>0xf340</load_address>
         <run_address>0xf340</run_address>
         <size>0x2c</size>
         <input_file_ref idref="fl-dd"/>
      </object_component>
      <object_component id="oc-289">
         <name>.debug_info</name>
         <load_address>0xf36c</load_address>
         <run_address>0xf36c</run_address>
         <size>0x28a</size>
         <input_file_ref idref="fl-de"/>
      </object_component>
      <object_component id="oc-182">
         <name>.debug_info</name>
         <load_address>0xf5f6</load_address>
         <run_address>0xf5f6</run_address>
         <size>0x273</size>
         <input_file_ref idref="fl-de"/>
      </object_component>
      <object_component id="oc-28b">
         <name>.debug_info</name>
         <load_address>0xf869</load_address>
         <run_address>0xf869</run_address>
         <size>0x2a4</size>
         <input_file_ref idref="fl-df"/>
      </object_component>
      <object_component id="oc-188">
         <name>.debug_info</name>
         <load_address>0xfb0d</load_address>
         <run_address>0xfb0d</run_address>
         <size>0x24d</size>
         <input_file_ref idref="fl-df"/>
      </object_component>
      <object_component id="oc-2c4">
         <name>.debug_info</name>
         <load_address>0xfd5a</load_address>
         <run_address>0xfd5a</run_address>
         <size>0x28f</size>
         <input_file_ref idref="fl-e0"/>
      </object_component>
      <object_component id="oc-1f6">
         <name>.debug_info</name>
         <load_address>0xffe9</load_address>
         <run_address>0xffe9</run_address>
         <size>0x245</size>
         <input_file_ref idref="fl-e0"/>
      </object_component>
      <object_component id="oc-387">
         <name>.debug_info</name>
         <load_address>0x1022e</load_address>
         <run_address>0x1022e</run_address>
         <size>0x289</size>
         <input_file_ref idref="fl-e1"/>
      </object_component>
      <object_component id="oc-384">
         <name>.debug_info</name>
         <load_address>0x104b7</load_address>
         <run_address>0x104b7</run_address>
         <size>0x10e</size>
         <input_file_ref idref="fl-e1"/>
      </object_component>
      <object_component id="oc-2db">
         <name>.debug_info</name>
         <load_address>0x105c5</load_address>
         <run_address>0x105c5</run_address>
         <size>0x14e</size>
         <input_file_ref idref="fl-e1"/>
      </object_component>
      <object_component id="oc-28">
         <name>.debug_info</name>
         <load_address>0x10713</load_address>
         <run_address>0x10713</run_address>
         <size>0x10b</size>
         <input_file_ref idref="fl-e2"/>
      </object_component>
      <object_component id="oc-60">
         <name>.debug_info</name>
         <load_address>0x1081e</load_address>
         <run_address>0x1081e</run_address>
         <size>0x1a9</size>
         <input_file_ref idref="fl-e2"/>
      </object_component>
      <object_component id="oc-357">
         <name>.debug_info</name>
         <load_address>0x109c7</load_address>
         <run_address>0x109c7</run_address>
         <size>0x590</size>
         <input_file_ref idref="fl-e3"/>
      </object_component>
      <object_component id="oc-32d">
         <name>.debug_info</name>
         <load_address>0x10f57</load_address>
         <run_address>0x10f57</run_address>
         <size>0x21e</size>
         <input_file_ref idref="fl-e3"/>
      </object_component>
      <object_component id="oc-3bf">
         <name>.debug_info</name>
         <load_address>0x11175</load_address>
         <run_address>0x11175</run_address>
         <size>0x1b3</size>
         <input_file_ref idref="fl-e3"/>
      </object_component>
      <object_component id="oc-3c5">
         <name>.debug_info</name>
         <load_address>0x11328</load_address>
         <run_address>0x11328</run_address>
         <size>0x21b</size>
         <input_file_ref idref="fl-e3"/>
      </object_component>
      <object_component id="oc-333">
         <name>.debug_info</name>
         <load_address>0x11543</load_address>
         <run_address>0x11543</run_address>
         <size>0x3c0</size>
         <input_file_ref idref="fl-e3"/>
      </object_component>
      <object_component id="oc-3cc">
         <name>.debug_info</name>
         <load_address>0x11903</load_address>
         <run_address>0x11903</run_address>
         <size>0x30a</size>
         <input_file_ref idref="fl-e3"/>
      </object_component>
      <object_component id="oc-3d2">
         <name>.debug_info</name>
         <load_address>0x11c0d</load_address>
         <run_address>0x11c0d</run_address>
         <size>0x215</size>
         <input_file_ref idref="fl-e3"/>
      </object_component>
      <object_component id="oc-339">
         <name>.debug_info</name>
         <load_address>0x11e22</load_address>
         <run_address>0x11e22</run_address>
         <size>0x215</size>
         <input_file_ref idref="fl-e3"/>
      </object_component>
      <object_component id="oc-33f">
         <name>.debug_info</name>
         <load_address>0x12037</load_address>
         <run_address>0x12037</run_address>
         <size>0x304</size>
         <input_file_ref idref="fl-e3"/>
      </object_component>
      <object_component id="oc-345">
         <name>.debug_info</name>
         <load_address>0x1233b</load_address>
         <run_address>0x1233b</run_address>
         <size>0x4b5</size>
         <input_file_ref idref="fl-e3"/>
      </object_component>
      <object_component id="oc-26c">
         <name>.debug_info</name>
         <load_address>0x127f0</load_address>
         <run_address>0x127f0</run_address>
         <size>0x5f4</size>
         <input_file_ref idref="fl-e3"/>
      </object_component>
      <object_component id="oc-358">
         <name>.debug_info</name>
         <load_address>0x12de4</load_address>
         <run_address>0x12de4</run_address>
         <size>0x86</size>
         <input_file_ref idref="fl-e3"/>
      </object_component>
      <object_component id="oc-3f1">
         <name>.debug_info</name>
         <load_address>0x12e6a</load_address>
         <run_address>0x12e6a</run_address>
         <size>0x39</size>
         <input_file_ref idref="fl-e3"/>
      </object_component>
      <object_component id="oc-430">
         <name>.debug_info</name>
         <load_address>0x12ea3</load_address>
         <run_address>0x12ea3</run_address>
         <size>0xb6</size>
         <input_file_ref idref="fl-e3"/>
      </object_component>
      <object_component id="oc-3f6">
         <name>.debug_info</name>
         <load_address>0x12f59</load_address>
         <run_address>0x12f59</run_address>
         <size>0x46</size>
         <input_file_ref idref="fl-e3"/>
      </object_component>
      <object_component id="oc-35d">
         <name>.debug_info</name>
         <load_address>0x12f9f</load_address>
         <run_address>0x12f9f</run_address>
         <size>0x46</size>
         <input_file_ref idref="fl-e3"/>
      </object_component>
      <object_component id="oc-424">
         <name>.debug_info</name>
         <load_address>0x12fe5</load_address>
         <run_address>0x12fe5</run_address>
         <size>0x29a</size>
         <input_file_ref idref="fl-e4"/>
      </object_component>
      <object_component id="oc-3da">
         <name>.debug_info</name>
         <load_address>0x1327f</load_address>
         <run_address>0x1327f</run_address>
         <size>0x195</size>
[...]
      </symbol>
      <symbol id="sm-2d5">
         <name>oi_setMotorCalibration</name>
         <value>0x19e5</value>
         <object_component_ref idref="oc-f4"/>
      </symbol>
      <symbol id="sm-2d6">
         <name>oi_uartSendStr</name>
         <value>0x168d</value>
         <object_component_ref idref="oc-f4"/>
      </symbol>
      <symbol id="sm-2d7">
         <name>oi_close</name>
         <value>0xefb</value>
         <object_component_ref idref="oc-f4"/>
      </symbol>
      <symbol id="sm-2d8">
         <name>oi_uartSendBuff</name>
         <value>0x16ab</value>
         <object_component_ref idref="oc-f4"/>
      </symbol>
      <symbol id="sm-2d9">
         <name>oi_checkFirmware</name>
         <value>0x16dd</value>
         <object_component_ref idref="oc-f4"/>
      </symbol>
      <symbol id="sm-2da">
         <name>oi_init_noupdate</name>
         <value>0xebd</value>
         <object_component_ref idref="oc-f4"/>
      </symbol>
      <symbol id="sm-2db">
         <name>oi_uartSendChar</name>
         <value>0x1649</value>
         <object_component_ref idref="oc-f4"/>
      </symbol>
      <symbol id="sm-2dc">
         <name>oi_alloc</name>
         <value>0xea1</value>
         <object_component_ref idref="oc-f4"/>
      </symbol>
      <symbol id="sm-2dd">
         <name>oi_getMotorCalibrationLeft</name>
         <value>0x1a21</value>
         <object_component_ref idref="oc-f4"/>
      </symbol>
      <symbol id="sm-2de">
         <name>oi_loadSong</name>
         <value>0x1549</value>
         <object_component_ref idref="oc-f4"/>
      </symbol>
      <symbol id="sm-2df">
         <name>oi_play_song</name>
         <value>0x159f</value>
         <object_component_ref idref="oc-f4"/>
      </symbol>
      <symbol id="sm-2e0">
         <name>oi_parsePacket</name>
         <value>0xf5f</value>
         <object_component_ref idref="oc-f4"/>
      </symbol>
      <symbol id="sm-2e1">
         <name>oi_setLeds</name>
         <value>0x147f</value>
         <object_component_ref idref="oc-f4"/>
      </symbol>
      <symbol id="sm-2e2">
         <name>oi_init</name>
         <value>0xee5</value>
         <object_component_ref idref="oc-f4"/>
      </symbol>
      <symbol id="sm-2e3">
         <name>oi_update</name>
         <value>0xf0d</value>
         <object_component_ref idref="oc-f4"/>
      </symbol>
      <symbol id="sm-2e4">
         <name>oi_uartInit</name>
         <value>0x15c1</value>
         <object_component_ref idref="oc-f4"/>
      </symbol>
      <symbol id="sm-301">
         <name>ResetISR</name>
         <value>0x58ad</value>
         <object_component_ref idref="oc-2a"/>
      </symbol>
      <symbol id="sm-302">
         <name>g_pfnVectors</name>
         <value>0x0</value>
         <object_component_ref idref="oc-12"/>
      </symbol>
      <symbol id="sm-33c">
         <name>input</name>
         <value>0x20002820</value>
      </symbol>
      <symbol id="sm-33d">
         <name>UART1_Handler</name>
         <value>0x3a47</value>
         <object_component_ref idref="oc-ee"/>
      </symbol>
      <symbol id="sm-33e">
         <name>command_byte</name>
         <value>0x20002860</value>
         <object_component_ref idref="oc-10e"/>
      </symbol>
      <symbol id="sm-33f">
         <name>uart_sendChar</name>
         <value>0x39d1</value>
         <object_component_ref idref="oc-ee"/>
      </symbol>
      <symbol id="sm-340">
         <name>uart_interrupt_init</name>
         <value>0x3911</value>
         <object_component_ref idref="oc-ee"/>
      </symbol>
      <symbol id="sm-341">
         <name>command_flag</name>
         <value>0x20002864</value>
         <object_component_ref idref="oc-10e"/>
      </symbol>
      <symbol id="sm-342">
         <name>uart_receive_nonblocking</name>
         <value>0x3a13</value>
         <object_component_ref idref="oc-ee"/>
      </symbol>
      <symbol id="sm-343">
         <name>uart_receive</name>
         <value>0x39ed</value>
         <object_component_ref idref="oc-ee"/>
      </symbol>
      <symbol id="sm-344">
         <name>uart_sendStr</name>
         <value>0x3a3d</value>
         <object_component_ref idref="oc-ee"/>
      </symbol>
      <symbol id="sm-385">
         <name>cyBOT_SERVO_cal</name>
         <value>0x3541</value>
         <object_component_ref idref="oc-fa"/>
      </symbol>
      <symbol id="sm-386">
         <name>cyBOT_Scan</name>
         <value>0x34cf</value>
         <object_component_ref idref="oc-fa"/>
      </symbol>
      <symbol id="sm-387">
         <name>cyBOT_scan_features</name>
         <value>0x20002868</value>
         <object_component_ref idref="oc-1eb"/>
      </symbol>
      <symbol id="sm-388">
         <name>cyBOT_scan_version</name>
         <value>0x3469</value>
         <object_component_ref idref="oc-fa"/>
      </symbol>
      <symbol id="sm-389">
         <name>cyBOT_init_Scan</name>
         <value>0x3477</value>
         <object_component_ref idref="oc-fa"/>
      </symbol>
      <symbol id="sm-3b0">
         <name>isr_int_value</name>
         <value>0x2000280c</value>
      </symbol>
      <symbol id="sm-3b1">
         <name>ir_enableInterrupt</name>
         <value>0x4893</value>
         <object_component_ref idref="oc-1e5"/>
      </symbol>
      <symbol id="sm-3b2">
         <name>ir_getDistance</name>
         <value>0x4875</value>
         <object_component_ref idref="oc-1e5"/>
      </symbol>
      <symbol id="sm-3b3">
         <name>ir_init</name>
         <value>0x47e5</value>
         <object_component_ref idref="oc-1e5"/>
      </symbol>
      <symbol id="sm-3b4">
         <name>ADC0SS0_Handler</name>
         <value>0x487d</value>
         <object_component_ref idref="oc-1e5"/>
      </symbol>
      <symbol id="sm-3b5">
         <name>ir_getValue</name>
         <value>0x484d</value>
         <object_component_ref idref="oc-1e5"/>
      </symbol>
      <symbol id="sm-3e4">
         <name>risingEdge</name>
         <value>0x2000281c</value>
      </symbol>
      <symbol id="sm-3e5">
         <name>fallingEdge</name>
         <value>0x20002808</value>
      </symbol>
      <symbol id="sm-3e6">
         <name>pulseLength</name>
         <value>0x20002814</value>
      </symbol>
      <symbol id="sm-3e7">
         <name>isRisingEdge</name>
         <value>0x20002821</value>
      </symbol>
      <symbol id="sm-3e8">
         <name>TIMER3B_Handler</name>
         <value>0x3bf5</value>
         <object_component_ref idref="oc-1df"/>
      </symbol>
      <symbol id="sm-3e9">
         <name>ping_init</name>
         <value>0x3b05</value>
         <object_component_ref idref="oc-1df"/>
      </symbol>
      <symbol id="sm-3ea">
         <name>ping_getDistance</name>
         <value>0x3c47</value>
         <object_component_ref idref="oc-1df"/>
      </symbol>
      <symbol id="sm-3eb">
         <name>ping_trigger</name>
         <value>0x3b8b</value>
         <object_component_ref idref="oc-1df"/>
      </symbol>
      <symbol id="sm-40d">
         <name>servo_move</name>
         <value>0x4109</value>
         <object_component_ref idref="oc-1d9"/>
      </symbol>
      <symbol id="sm-40e">
         <name>servo_init</name>
         <value>0x4079</value>
         <object_component_ref idref="oc-1d9"/>
      </symbol>
      <symbol id="sm-40f">
         <name>servo_stop</name>
         <value>0x40fd</value>
         <object_component_ref idref="oc-1d9"/>
      </symbol>
      <symbol id="sm-410">
         <name>servo_setPWM</name>
         <value>0x4169</value>
         <object_component_ref idref="oc-1d9"/>
      </symbol>
      <symbol id="sm-437">
         <name>sprintf</name>
         <value>0x5545</value>
         <object_component_ref idref="oc-1fa"/>
      </symbol>
      <symbol id="sm-461">
         <name>vsnprintf</name>
         <value>0x5585</value>
         <object_component_ref idref="oc-17a"/>
      </symbol>
      <symbol id="sm-4f8">
         <name>pow</name>
         <value>0x2511</value>
         <object_component_ref idref="oc-200"/>
      </symbol>
      <symbol id="sm-4f9">
         <name>powl</name>
         <value>0x2511</value>
         <object_component_ref idref="oc-200"/>
      </symbol>
      <symbol id="sm-51b">
         <name>sqrtl</name>
         <value>0x41d1</value>
         <object_component_ref idref="oc-2d3"/>
      </symbol>
      <symbol id="sm-51c">
         <name>sqrt</name>
         <value>0x41d1</value>
         <object_component_ref idref="oc-2d3"/>
      </symbol>
      <symbol id="sm-543">
         <name>scalbn</name>
         <value>0x48fd</value>
         <object_component_ref idref="oc-2e2"/>
      </symbol>
      <symbol id="sm-544">
         <name>scalbnl</name>
         <value>0x48fd</value>
         <object_component_ref idref="oc-2e2"/>
      </symbol>
      <symbol id="sm-545">
         <name>ldexpl</name>
         <value>0x48fd</value>
         <object_component_ref idref="oc-2e2"/>
      </symbol>
      <symbol id="sm-546">
         <name>ldexp</name>
         <value>0x48fd</value>
         <object_component_ref idref="oc-2e2"/>
      </symbol>
      <symbol id="sm-550">
         <name>copysign</name>
         <value>0x579d</value>
         <object_component_ref idref="oc-38a"/>
      </symbol>
      <symbol id="sm-551">
         <name>copysignl</name>
         <value>0x579d</value>
         <object_component_ref idref="oc-38a"/>
      </symbol>
      <symbol id="sm-568">
         <name>__aeabi_dsub</name>
         <value>0x3ec1</value>
         <object_component_ref idref="oc-1c4"/>
      </symbol>
      <symbol id="sm-569">
         <name>__aeabi_dadd</name>
         <value>0x3ecb</value>
         <object_component_ref idref="oc-1c4"/>
      </symbol>
      <symbol id="sm-58b">
         <name>__aeabi_cdcmpeq</name>
         <value>0x4fd1</value>
         <object_component_ref idref="oc-20f"/>
      </symbol>
      <symbol id="sm-58c">
         <name>__aeabi_cdcmple</name>
         <value>0x4fd1</value>
         <object_component_ref idref="oc-20f"/>
      </symbol>
      <symbol id="sm-58d">
         <name>__aeabi_cdrcmple</name>
         <value>0x5057</value>
         <object_component_ref idref="oc-214"/>
      </symbol>
      <symbol id="sm-5a1">
         <name>__aeabi_ddiv</name>
         <value>0x4465</value>
         <object_component_ref idref="oc-1ba"/>
      </symbol>
      <symbol id="sm-5ac">
         <name>__aeabi_dmul</name>
         <value>0x4c0d</value>
         <object_component_ref idref="oc-1b5"/>
      </symbol>
      <symbol id="sm-5b6">
         <name>__aeabi_d2iz</name>
         <value>0x54b9</value>
         <object_component_ref idref="oc-21d"/>
      </symbol>
      <symbol id="sm-5c2">
         <name>__aeabi_d2f</name>
         <value>0x5237</value>
         <object_component_ref idref="oc-1cc"/>
      </symbol>
      <symbol id="sm-5cd">
         <name>__aeabi_f2d</name>
         <value>0x563d</value>
         <object_component_ref idref="oc-1d1"/>
      </symbol>
      <symbol id="sm-5d7">
         <name>__aeabi_i2d</name>
         <value>0x570d</value>
         <object_component_ref idref="oc-1bf"/>
      </symbol>
      <symbol id="sm-5f2">
         <name>memcpy</name>
         <value>0x4e9f</value>
         <object_component_ref idref="oc-3e"/>
      </symbol>
      <symbol id="sm-5f3">
         <name>__aeabi_memcpy</name>
         <value>0x4e9f</value>
         <object_component_ref idref="oc-3e"/>
      </symbol>
      <symbol id="sm-5f4">
         <name>__aeabi_memcpy8</name>
         <value>0x4e9f</value>
         <object_component_ref idref="oc-3e"/>
      </symbol>
      <symbol id="sm-5f5">
         <name>__aeabi_memcpy4</name>
         <value>0x4e9f</value>
         <object_component_ref idref="oc-3e"/>
      </symbol>
      <symbol id="sm-60c">
         <name>__TI_zero_init</name>
         <value>0x58a1</value>
         <object_component_ref idref="oc-50"/>
      </symbol>
      <symbol id="sm-623">
         <name>__TI_decompress_none</name>
         <value>0x5887</value>
         <object_component_ref idref="oc-1b"/>
      </symbol>
      <symbol id="sm-646">
         <name>__TI_decompress_lzss</name>
         <value>0x52a5</value>
         <object_component_ref idref="oc-15"/>
      </symbol>
      <symbol id="sm-6db">
         <name>_sys_memory</name>
         <value>0x20001270</value>
         <object_component_ref idref="oc-24"/>
      </symbol>
      <symbol id="sm-6dc">
         <name>free</name>
         <value>0x4d09</value>
         <object_component_ref idref="oc-1a5"/>
      </symbol>
      <symbol id="sm-6dd">
         <name>memalign</name>
         <value>0x4a0d</value>
         <object_component_ref idref="oc-36b"/>
      </symbol>
      <symbol id="sm-6de">
         <name>calloc</name>
         <value>0x5605</value>
         <object_component_ref idref="oc-19f"/>
      </symbol>
      <symbol id="sm-6df">
         <name>malloc</name>
         <value>0x58cd</value>
         <object_component_ref idref="oc-295"/>
      </symbol>
      <symbol id="sm-6e0">
         <name>aligned_alloc</name>
         <value>0x4a0d</value>
         <object_component_ref idref="oc-36b"/>
      </symbol>
      <symbol id="sm-6ef">
         <name>strcmp</name>
         <value>0x57ff</value>
         <object_component_ref idref="oc-180"/>
      </symbol>
      <symbol id="sm-6fd">
         <name>strcpy</name>
         <value>0x582d</value>
         <object_component_ref idref="oc-186"/>
      </symbol>
      <symbol id="sm-70b">
         <name>strlen</name>
         <value>0x5841</value>
         <object_component_ref idref="oc-1f4"/>
      </symbol>
      <symbol id="sm-721">
         <name>__aeabi_errno_addr</name>
         <value>0x58c5</value>
         <object_component_ref idref="oc-2d9"/>
      </symbol>
      <symbol id="sm-722">
         <name>errno</name>
         <value>0x2000286c</value>
         <object_component_ref idref="oc-383"/>
      </symbol>
      <symbol id="sm-735">
         <name>__stack</name>
         <value>0x20000270</value>
         <object_component_ref idref="oc-27"/>
      </symbol>
      <symbol id="sm-736">
         <name>_c_int00_noargs</name>
         <value>0x56a9</value>
         <object_component_ref idref="oc-5c"/>
      </symbol>
      <symbol id="sm-89b">
         <name>__TI_printfi</name>
         <value>0x1ac1</value>
         <object_component_ref idref="oc-26a"/>
      </symbol>
      <symbol id="sm-8b1">
         <name>frexpl</name>
         <value>0x530d</value>
         <object_component_ref idref="oc-3d9"/>
      </symbol>
      <symbol id="sm-8b2">
         <name>frexp</name>
         <value>0x530d</value>
         <object_component_ref idref="oc-3d9"/>
      </symbol>
      <symbol id="sm-8bf">
         <name>__aeabi_uldivmod</name>
         <value>0x4f3b</value>
         <object_component_ref idref="oc-3b2"/>
      </symbol>
      <symbol id="sm-8ce">
         <name>__aeabi_memset</name>
         <value>0x50df</value>
         <object_component_ref idref="oc-96"/>
      </symbol>
      <symbol id="sm-8cf">
         <name>memset</name>
         <value>0x50e5</value>
         <object_component_ref idref="oc-96"/>
      </symbol>
      <symbol id="sm-8d0">
         <name>__aeabi_memset8</name>
         <value>0x50df</value>
         <object_component_ref idref="oc-96"/>
      </symbol>
      <symbol id="sm-8d1">
         <name>__aeabi_memset4</name>
         <value>0x50df</value>
         <object_component_ref idref="oc-96"/>
      </symbol>
      <symbol id="sm-8d2">
         <name>__aeabi_memclr8</name>
         <value>0x50dd</value>
         <object_component_ref idref="oc-96"/>
      </symbol>
      <symbol id="sm-8d3">
         <name>__aeabi_memclr4</name>
         <value>0x50dd</value>
         <object_component_ref idref="oc-96"/>
      </symbol>
      <symbol id="sm-8d4">
         <name>__aeabi_memclr</name>
         <value>0x50dd</value>
         <object_component_ref idref="oc-96"/>
      </symbol>
      <symbol id="sm-8fc">
         <name>__TI_auto_init_nobinit_nopinit</name>
         <value>0x5501</value>
         <object_component_ref idref="oc-11e"/>
      </symbol>
      <symbol id="sm-906">
         <name>_system_pre_init</name>
         <value>0x58d5</value>
         <object_component_ref idref="oc-9c"/>
      </symbol>
      <symbol id="sm-912">
         <name>C$$EXIT</name>
         <value>0x58d9</value>
         <object_component_ref idref="oc-112"/>
      </symbol>
      <symbol id="sm-913">
         <name>abort</name>
         <value>0x58d9</value>
         <object_component_ref idref="oc-112"/>
      </symbol>
      <symbol id="sm-928">
         <name>_nop</name>
         <value>0x250f</value>
         <object_component_ref idref="oc-303"/>
      </symbol>
      <symbol id="sm-929">
         <name>_lock</name>
         <value>0x20002850</value>
         <object_component_ref idref="oc-240"/>
      </symbol>
      <symbol id="sm-92a">
         <name>_unlock</name>
         <value>0x20002854</value>
         <object_component_ref idref="oc-240"/>
      </symbol>
      <symbol id="sm-939">
         <name>__TI_ltoa</name>
         <value>0x53c7</value>
         <object_component_ref idref="oc-3b8"/>
      </symbol>
      <symbol id="sm-950">
         <name>atoi</name>
         <value>0x546d</value>
         <object_component_ref idref="oc-326"/>
      </symbol>
      <symbol id="sm-95b">
         <name>_ctypes_</name>
         <value>0x58e0</value>
         <object_component_ref idref="oc-3ad"/>
      </symbol>
      <symbol id="sm-96b">
         <name>memccpy</name>
         <value>0x5781</value>
         <object_component_ref idref="oc-34a"/>
      </symbol>
      <symbol id="sm-97b">
         <name>strchr</name>
         <value>0x5817</value>
         <object_component_ref idref="oc-3df"/>
      </symbol>
      <symbol id="sm-994">
         <name>wcslen</name>
         <value>0x5855</value>
         <object_component_ref idref="oc-350"/>
      </symbol>
      <symbol id="sm-99e">
         <name>__aeabi_idiv0</name>
         <value>0x4077</value>
         <object_component_ref idref="oc-417"/>
      </symbol>
      <symbol id="sm-99f">
         <name>__aeabi_ldiv0</name>
         <value>0x4077</value>
         <object_component_ref idref="oc-417"/>
      </symbol>
      <symbol id="sm-9c4">
         <name>IntRegister</name>
         <value>0x5675</value>
         <object_component_ref idref="oc-166"/>
      </symbol>
      <symbol id="sm-9c5">
         <name>g_pfnRAMVectors</name>
         <value>0x20000000</value>
         <object_component_ref idref="oc-25c"/>
      </symbol>
      <symbol id="sm-9c6">
         <name>IntMasterEnable</name>
         <value>0x5867</value>
         <object_component_ref idref="oc-197"/>
      </symbol>
      <symbol id="sm-9d0">
         <name>CPUcpsie</name>
         <value>0x5895</value>
         <object_component_ref idref="oc-28e"/>
      </symbol>
      <symbol id="sm-9d1">
         <name>__TI_static_base__</name>
         <value>0x0</value>
      </symbol>
      <symbol id="sm-9d4">
         <name>__mpu_init</name>
         <value>0x0</value>
      </symbol>
      <symbol id="sm-9d5">
         <name>_system_post_cinit</name>
         <value>0x0</value>
      </symbol>
   </symbol_table>
   <title>Link successful</title>
</link_info>
